Component: ARM Compiler 5.06 update 2 (build 183) Tool: armlink [4d35b7]

==============================================================================

Section Cross References

    stm32f4xx_hal_eth.o(i.ETH_Delay) refers to system_stm32f4xx.o(.data) for SystemCoreClock
    stm32f4xx_hal_eth.o(i.ETH_FlushTransmitFIFO) refers to stm32f4xx_hal_eth.o(i.ETH_Delay) for ETH_Delay
    stm32f4xx_hal_eth.o(i.ETH_MACDMAConfig) refers to stm32f4xx_hal.o(i.HAL_Delay) for HAL_Delay
    stm32f4xx_hal_eth.o(i.HAL_ETH_ConfigDMA) refers to main.o(i.assert_failed) for assert_failed
    stm32f4xx_hal_eth.o(i.HAL_ETH_ConfigDMA) refers to stm32f4xx_hal.o(i.HAL_Delay) for HAL_Delay
    stm32f4xx_hal_eth.o(i.HAL_ETH_ConfigMAC) refers to main.o(i.assert_failed) for assert_failed
    stm32f4xx_hal_eth.o(i.HAL_ETH_ConfigMAC) refers to stm32f4xx_hal.o(i.HAL_Delay) for HAL_Delay
    stm32f4xx_hal_eth.o(i.HAL_ETH_DeInit) refers to ethernetif.o(i.HAL_ETH_MspDeInit) for HAL_ETH_MspDeInit
    stm32f4xx_hal_eth.o(i.HAL_ETH_IRQHandler) refers to stm32f4xx_hal_eth.o(i.HAL_ETH_RxCpltCallback) for HAL_ETH_RxCpltCallback
    stm32f4xx_hal_eth.o(i.HAL_ETH_IRQHandler) refers to stm32f4xx_hal_eth.o(i.HAL_ETH_TxCpltCallback) for HAL_ETH_TxCpltCallback
    stm32f4xx_hal_eth.o(i.HAL_ETH_IRQHandler) refers to stm32f4xx_hal_eth.o(i.HAL_ETH_ErrorCallback) for HAL_ETH_ErrorCallback
    stm32f4xx_hal_eth.o(i.HAL_ETH_Init) refers to main.o(i.assert_failed) for assert_failed
    stm32f4xx_hal_eth.o(i.HAL_ETH_Init) refers to ethernetif.o(i.HAL_ETH_MspInit) for HAL_ETH_MspInit
    stm32f4xx_hal_eth.o(i.HAL_ETH_Init) refers to stm32f4xx_hal.o(i.HAL_GetTick) for HAL_GetTick
    stm32f4xx_hal_eth.o(i.HAL_ETH_Init) refers to stm32f4xx_hal_rcc.o(i.HAL_RCC_GetHCLKFreq) for HAL_RCC_GetHCLKFreq
    stm32f4xx_hal_eth.o(i.HAL_ETH_Init) refers to stm32f4xx_hal_eth.o(i.HAL_ETH_WritePHYRegister) for HAL_ETH_WritePHYRegister
    stm32f4xx_hal_eth.o(i.HAL_ETH_Init) refers to stm32f4xx_hal.o(i.HAL_Delay) for HAL_Delay
    stm32f4xx_hal_eth.o(i.HAL_ETH_Init) refers to stm32f4xx_hal_eth.o(i.HAL_ETH_ReadPHYRegister) for HAL_ETH_ReadPHYRegister
    stm32f4xx_hal_eth.o(i.HAL_ETH_Init) refers to stm32f4xx_hal_eth.o(i.ETH_MACDMAConfig) for ETH_MACDMAConfig
    stm32f4xx_hal_eth.o(i.HAL_ETH_ReadPHYRegister) refers to main.o(i.assert_failed) for assert_failed
    stm32f4xx_hal_eth.o(i.HAL_ETH_ReadPHYRegister) refers to stm32f4xx_hal.o(i.HAL_GetTick) for HAL_GetTick
    stm32f4xx_hal_eth.o(i.HAL_ETH_Start) refers to stm32f4xx_hal_eth.o(i.ETH_Delay) for ETH_Delay
    stm32f4xx_hal_eth.o(i.HAL_ETH_Start) refers to stm32f4xx_hal_eth.o(i.ETH_FlushTransmitFIFO) for ETH_FlushTransmitFIFO
    stm32f4xx_hal_eth.o(i.HAL_ETH_Stop) refers to stm32f4xx_hal_eth.o(i.ETH_Delay) for ETH_Delay
    stm32f4xx_hal_eth.o(i.HAL_ETH_Stop) refers to stm32f4xx_hal_eth.o(i.ETH_FlushTransmitFIFO) for ETH_FlushTransmitFIFO
    stm32f4xx_hal_eth.o(i.HAL_ETH_WritePHYRegister) refers to main.o(i.assert_failed) for assert_failed
    stm32f4xx_hal_eth.o(i.HAL_ETH_WritePHYRegister) refers to stm32f4xx_hal.o(i.HAL_GetTick) for HAL_GetTick
    stm32f4xx_hal_cortex.o(i.HAL_MPU_ConfigRegion) refers to main.o(i.assert_failed) for assert_failed
    stm32f4xx_hal_cortex.o(i.HAL_NVIC_ClearPendingIRQ) refers to main.o(i.assert_failed) for assert_failed
    stm32f4xx_hal_cortex.o(i.HAL_NVIC_DisableIRQ) refers to main.o(i.assert_failed) for assert_failed
    stm32f4xx_hal_cortex.o(i.HAL_NVIC_EnableIRQ) refers to main.o(i.assert_failed) for assert_failed
    stm32f4xx_hal_cortex.o(i.HAL_NVIC_GetActive) refers to main.o(i.assert_failed) for assert_failed
    stm32f4xx_hal_cortex.o(i.HAL_NVIC_GetPendingIRQ) refers to main.o(i.assert_failed) for assert_failed
    stm32f4xx_hal_cortex.o(i.HAL_NVIC_GetPriority) refers to main.o(i.assert_failed) for assert_failed
    stm32f4xx_hal_cortex.o(i.HAL_NVIC_SetPendingIRQ) refers to main.o(i.assert_failed) for assert_failed
    stm32f4xx_hal_cortex.o(i.HAL_NVIC_SetPriority) refers to main.o(i.assert_failed) for assert_failed
    stm32f4xx_hal_cortex.o(i.HAL_NVIC_SetPriority) refers to stm32f4xx_hal_cortex.o(i.NVIC_SetPriority) for NVIC_SetPriority
    stm32f4xx_hal_cortex.o(i.HAL_NVIC_SetPriorityGrouping) refers to main.o(i.assert_failed) for assert_failed
    stm32f4xx_hal_cortex.o(i.HAL_SYSTICK_CLKSourceConfig) refers to main.o(i.assert_failed) for assert_failed
    stm32f4xx_hal_cortex.o(i.HAL_SYSTICK_Config) refers to stm32f4xx_hal_cortex.o(i.NVIC_SetPriority) for NVIC_SetPriority
    stm32f4xx_hal_cortex.o(i.HAL_SYSTICK_IRQHandler) refers to stm32f4xx_hal_cortex.o(i.HAL_SYSTICK_Callback) for HAL_SYSTICK_Callback
    stm32f4xx_hal_rcc_ex.o(i.HAL_RCCEx_PeriphCLKConfig) refers to main.o(i.assert_failed) for assert_failed
    stm32f4xx_hal_rcc_ex.o(i.HAL_RCCEx_PeriphCLKConfig) refers to stm32f4xx_hal.o(i.HAL_GetTick) for HAL_GetTick
    stm32f4xx_hal_rcc_ex.o(i.HAL_RCC_DeInit) refers to system_stm32f4xx.o(.data) for SystemCoreClock
[...]
    i.udp_bind                               0x08008d6c   Section        0  udp.o(i.udp_bind)
    i.udp_connect                            0x08008e1c   Section        0  udp.o(i.udp_connect)
    i.udp_init                               0x08008e70   Section        0  udp.o(i.udp_init)
    i.udp_input                              0x08008e74   Section        0  udp.o(i.udp_input)
    i.udp_netif_ipv4_addr_changed            0x08008fb0   Section        0  udp.o(i.udp_netif_ipv4_addr_changed)
    i.udp_new                                0x08008fe0   Section        0  udp.o(i.udp_new)
    i.udp_recv                               0x08008ffa   Section        0  udp.o(i.udp_recv)
    i.udp_remove                             0x08009000   Section        0  udp.o(i.udp_remove)
    i.udp_sendto_if                          0x08009030   Section        0  udp.o(i.udp_sendto_if)
    i.udp_sendto_if_src                      0x0800905c   Section        0  udp.o(i.udp_sendto_if_src)
    .constdata                               0x080090fa   Section       16  stm32f4xx_hal_rcc.o(.constdata)
    .constdata                               0x0800910a   Section        8  stm32f4xx_hal_dma.o(.constdata)
    flagBitshiftOffset                       0x0800910a   Data           8  stm32f4xx_hal_dma.o(.constdata)
    .constdata                               0x08009114   Section        4  ip4_addr.o(.constdata)
    .constdata                               0x08009118   Section        4  ip4_addr.o(.constdata)
    .constdata                               0x0800911c   Section       12  etharp.o(.constdata)
    .constdata                               0x08009128   Section       84  tcp.o(.constdata)
    .constdata                               0x0800917c   Section       12  memp.o(.constdata)
    .constdata                               0x08009188   Section       12  memp.o(.constdata)
    .constdata                               0x08009194   Section       12  memp.o(.constdata)
    .constdata                               0x080091a0   Section       12  memp.o(.constdata)
    .constdata                               0x080091ac   Section       12  memp.o(.constdata)
    .constdata                               0x080091b8   Section       12  memp.o(.constdata)
    .constdata                               0x080091c4   Section       12  memp.o(.constdata)
    .constdata                               0x080091d0   Section       12  memp.o(.constdata)
    .constdata                               0x080091dc   Section       12  memp.o(.constdata)
    .conststring                             0x080091e8   Section      117  tcp.o(.conststring)
    .data                                    0x20000000   Section        4  stm32f4xx_hal.o(.data)
    .data                                    0x20000004   Section       12  main.o(.data)
    .data                                    0x20000010   Section       12  lwip.o(.data)
    .data                                    0x2000001c   Section        8  dhcp.o(.data)
    dhcp_discover_select_options             0x2000001c   Data           4  dhcp.o(.data)
    xid                                      0x20000020   Data           4  dhcp.o(.data)
    .data                                    0x20000024   Section       32  tcp_in.o(.data)
    flags                                    0x20000024   Data           1  tcp_in.o(.data)
    recv_flags                               0x20000025   Data           1  tcp_in.o(.data)
    tcphdr_opt1len                           0x20000026   Data           2  tcp_in.o(.data)
    tcp_optidx                               0x20000028   Data           2  tcp_in.o(.data)
    tcplen                                   0x2000002a   Data           2  tcp_in.o(.data)
    tcphdr                                   0x2000002c   Data           4  tcp_in.o(.data)
    tcphdr_opt2                              0x20000030   Data           4  tcp_in.o(.data)
    seqno                                    0x20000034   Data           4  tcp_in.o(.data)
    ackno                                    0x20000038   Data           4  tcp_in.o(.data)
    recv_data                                0x2000003c   Data           4  tcp_in.o(.data)
    .data                                    0x20000044   Section        1  etharp.o(.data)
    etharp_cached_entry                      0x20000044   Data           1  etharp.o(.data)
    .data                                    0x20000048   Section       12  mem.o(.data)
    ram                                      0x20000048   Data           4  mem.o(.data)
    ram_end                                  0x2000004c   Data           4  mem.o(.data)
    lfree                                    0x20000050   Data           4  mem.o(.data)
    .data                                    0x20000054   Section        8  ip_frag.o(.data)
    ip_reass_pbufcount                       0x20000054   Data           2  ip_frag.o(.data)
    reassdatagrams                           0x20000058   Data           4  ip_frag.o(.data)
    .data                                    0x2000005c   Section       32  tcp.o(.data)
    tcp_timer                                0x2000005d   Data           1  tcp.o(.data)
    tcp_timer_ctr                            0x2000005e   Data           1  tcp.o(.data)
    tcp_port                                 0x20000060   Data           2  tcp.o(.data)
    iss                                      0x20000064   Data           4  tcp.o(.data)
    .data                                    0x2000007c   Section       36  memp.o(.data)
    .data                                    0x200000a0   Section        4  memp.o(.data)
    memp_tab_UDP_PCB                         0x200000a0   Data           4  memp.o(.data)
    .data                                    0x200000a4   Section        4  memp.o(.data)
    memp_tab_TCP_PCB                         0x200000a4   Data           4  memp.o(.data)
    .data                                    0x200000a8   Section        4  memp.o(.data)
    memp_tab_TCP_PCB_LISTEN                  0x200000a8   Data           4  memp.o(.data)
    .data                                    0x200000ac   Section        4  memp.o(.data)
    memp_tab_TCP_SEG                         0x200000ac   Data           4  memp.o(.data)
    .data                                    0x200000b0   Section        4  memp.o(.data)
    memp_tab_REASSDATA                       0x200000b0   Data           4  memp.o(.data)
    .data                                    0x200000b4   Section        4  memp.o(.data)
    memp_tab_FRAG_PBUF                       0x200000b4   Data           4  memp.o(.data)
    .data                                    0x200000b8   Section        4  memp.o(.data)
    memp_tab_SYS_TIMEOUT                     0x200000b8   Data           4  memp.o(.data)
    .data                                    0x200000bc   Section        4  memp.o(.data)
    memp_tab_PBUF                            0x200000bc   Data           4  memp.o(.data)
    .data                                    0x200000c0   Section        4  memp.o(.data)
    memp_tab_PBUF_POOL                       0x200000c0   Data           4  memp.o(.data)
    .data                                    0x200000c4   Section        2  ip4.o(.data)
    ip_id                                    0x200000c4   Data           2  ip4.o(.data)
    .data                                    0x200000c8   Section        8  udp.o(.data)
    udp_port                                 0x200000c8   Data           2  udp.o(.data)
    .data                                    0x200000d0   Section        1  pbuf.o(.data)
    .data                                    0x200000d4   Section       12  netif.o(.data)
    netif_num                                0x200000d4   Data           1  netif.o(.data)
    .data                                    0x200000e0   Section       12  lwip_timers.o(.data)
    next_timeout                             0x200000e0   Data           4  lwip_timers.o(.data)
    timeouts_last_time                       0x200000e4   Data           4  lwip_timers.o(.data)
    tcpip_tcp_timer_active                   0x200000e8   Data           4  lwip_timers.o(.data)
    .data                                    0x200000ec   Section        4  system_stm32f4xx.o(.data)
    .data                                    0x200000f0   Section        4  rand.o(.data)
    _rand_state                              0x200000f0   Data           4  rand.o(.data)
    .bss                                     0x200000f4   Section    12520  ethernetif.o(.bss)
    .bss                                     0x200031dc   Section    25076  main.o(.bss)
    .bss                                     0x200093d0   Section       96  main.o(.bss)
    .bss                                     0x20009430   Section       96  main.o(.bss)
    .bss                                     0x20009490   Section       96  main.o(.bss)
    .bss                                     0x200094f0   Section       60  stm32f4xx_hal_timebase_tim.o(.bss)
    .bss                                     0x2000952c   Section       52  lwip.o(.bss)
    .bss                                     0x20009560   Section       50  dhcp.o(.bss)
    .bss                                     0x20009594   Section       16  tcp_in.o(.bss)
    inseg                                    0x20009594   Data          16  tcp_in.o(.bss)
    .bss                                     0x200095a4   Section      240  etharp.o(.bss)
    arp_table                                0x200095a4   Data         240  etharp.o(.bss)
    .bss                                     0x20009694   Section     1620  mem.o(.bss)
    .bss                                     0x20009ce8   Section      128  memp.o(.bss)
    .bss                                     0x20009d68   Section      760  memp.o(.bss)
    .bss                                     0x2000a060   Section      224  memp.o(.bss)
    .bss                                     0x2000a140   Section      256  memp.o(.bss)
    .bss                                     0x2000a240   Section      160  memp.o(.bss)
    .bss                                     0x2000a2e0   Section      360  memp.o(.bss)
    .bss                                     0x2000a448   Section       80  memp.o(.bss)
    .bss                                     0x2000a498   Section      256  memp.o(.bss)
    .bss                                     0x2000a598   Section     9728  memp.o(.bss)
    .bss                                     0x2000cb98   Section       24  ip4.o(.bss)
    STACK                                    0x2000cbb0   Section     1024  startup_stm32f407xx.o(STACK)

    Global Symbols

    Symbol Name                              Value     Ov Type        Size  Object(Section)

    BuildAttributes$$THM_ISAv4$E$P$D$K$B$S$7EM$VFPi3$EXTD16$VFPS$VFMA$PE$A:L22UL41UL21$X:L11$S22US41US21$IEEE1$IW$USESV6$~STKCKD$USESV7$~SHL$OSPACE$ROPI$EBA8$MICROLIB$REQ8$PRES8$EABIv2 0x00000000   Number         0  anon$$obj.o ABSOLUTE
    __ARM_use_no_argv                        0x00000000   Number         0  main.o ABSOLUTE
    _printf_a                                0x00000000   Number         0  stubs.o ABSOLUTE
    _printf_c                                0x00000000   Number         0  stubs.o ABSOLUTE
    _printf_charcount                        0x00000000   Number         0  stubs.o ABSOLUTE
    _printf_d                                0x00000000   Number         0  stubs.o ABSOLUTE
    _printf_e                                0x00000000   Number         0  stubs.o ABSOLUTE
    _printf_f                                0x00000000   Number         0  stubs.o ABSOLUTE
    _printf_flags                            0x00000000   Number         0  stubs.o ABSOLUTE
    _printf_fp_dec                           0x00000000   Number         0  stubs.o ABSOLUTE
    _printf_fp_hex                           0x00000000   Number         0  stubs.o ABSOLUTE
    _printf_g                                0x00000000   Number         0  stubs.o ABSOLUTE
    _printf_i                                0x00000000   Number         0  stubs.o ABSOLUTE
    _printf_int_dec                          0x00000000   Number         0  stubs.o ABSOLUTE
    _printf_l                                0x00000000   Number         0  stubs.o ABSOLUTE
    _printf_lc                               0x00000000   Number         0  stubs.o ABSOLUTE
    _printf_ll                               0x00000000   Number         0  stubs.o ABSOLUTE
    _printf_lld                              0x00000000   Number         0  stubs.o ABSOLUTE
    _printf_lli                              0x00000000   Number         0  stubs.o ABSOLUTE
    _printf_llo                              0x00000000   Number         0  stubs.o ABSOLUTE
    _printf_llu                              0x00000000   Number         0  stubs.o ABSOLUTE
    _printf_llx                              0x00000000   Number         0  stubs.o ABSOLUTE
    _printf_longlong_dec                     0x00000000   Number         0  stubs.o ABSOLUTE
    _printf_longlong_hex                     0x00000000   Number         0  stubs.o ABSOLUTE
    _printf_longlong_oct                     0x00000000   Number         0  stubs.o ABSOLUTE
    _printf_ls                               0x00000000   Number         0  stubs.o ABSOLUTE
    _printf_mbtowc                           0x00000000   Number         0  stubs.o ABSOLUTE
    _printf_n                                0x00000000   Number         0  stubs.o ABSOLUTE
    _printf_o                                0x00000000   Number         0  stubs.o ABSOLUTE
    _printf_p                                0x00000000   Number         0  stubs.o ABSOLUTE
    _printf_percent                          0x00000000   Number         0  stubs.o ABSOLUTE
    _printf_pre_padding                      0x00000000   Number         0  stubs.o ABSOLUTE
    _printf_return_value                     0x00000000   Number         0  stubs.o ABSOLUTE
    _printf_s                                0x00000000   Number         0  stubs.o ABSOLUTE
    _printf_sizespec                         0x00000000   Number         0  stubs.o ABSOLUTE
    _printf_str                              0x00000000   Number         0  stubs.o ABSOLUTE
    _printf_truncate_signed                  0x00000000   Number         0  stubs.o ABSOLUTE
    _printf_truncate_unsigned                0x00000000   Number         0  stubs.o ABSOLUTE
    _printf_u                                0x00000000   Number         0  stubs.o ABSOLUTE
    _printf_wc                               0x00000000   Number         0  stubs.o ABSOLUTE
    _printf_wctomb                           0x00000000   Number         0  stubs.o ABSOLUTE
    _printf_widthprec                        0x00000000   Number         0  stubs.o ABSOLUTE
    _printf_x                                0x00000000   Number         0  stubs.o ABSOLUTE
    __cpp_initialize__aeabi_                  - Undefined Weak Reference
    __cxa_finalize                            - Undefined Weak Reference
    __decompress                              - Undefined Weak Reference
    _clock_init                               - Undefined Weak Reference
    _microlib_exit                            - Undefined Weak Reference
    __Vectors_Size                           0x00000188   Number         0  startup_stm32f407xx.o ABSOLUTE
    __Vectors                                0x08000000   Data           4  startup_stm32f407xx.o(RESET)
    __Vectors_End                            0x08000188   Data           0  startup_stm32f407xx.o(RESET)
    __main                                   0x08000189   Thumb Code     0  entry.o(.ARM.Collect$$$$00000000)
    _main_stk                                0x08000189   Thumb Code     0  entry2.o(.ARM.Collect$$$$00000001)
    _main_scatterload                        0x0800018d   Thumb Code     0  entry5.o(.ARM.Collect$$$$00000004)
    __main_after_scatterload                 0x08000191   Thumb Code     0  entry5.o(.ARM.Collect$$$$00000004)
    _main_clock                              0x08000191   Thumb Code     0  entry7b.o(.ARM.Collect$$$$00000008)
    _main_cpp_init                           0x08000191   Thumb Code     0  entry8b.o(.ARM.Collect$$$$0000000A)
    _main_init                               0x08000191   Thumb Code     0  entry9a.o(.ARM.Collect$$$$0000000B)
    __rt_final_cpp                           0x08000199   Thumb Code     0  entry10a.o(.ARM.Collect$$$$0000000D)
    __rt_final_exit                          0x08000199   Thumb Code     0  entry11a.o(.ARM.Collect$$$$0000000F)
    Reset_Handler                            0x0800019d   Thumb Code     8  startup_stm32f407xx.o(.text)
    NMI_Handler                              0x080001a5   Thumb Code     2  startup_stm32f407xx.o(.text)
    HardFault_Handler                        0x080001a7   Thumb Code     2  startup_stm32f407xx.o(.text)
    MemManage_Handler                        0x080001a9   Thumb Code     2  startup_stm32f407xx.o(.text)
    BusFault_Handler                         0x080001ab   Thumb Code     2  startup_stm32f407xx.o(.text)
    UsageFault_Handler                       0x080001ad   Thumb Code     2  startup_stm32f407xx.o(.text)
    DebugMon_Handler                         0x080001b1   Thumb Code     2  startup_stm32f407xx.o(.text)
    ADC_IRQHandler                           0x080001b7   Thumb Code     0  startup_stm32f407xx.o(.text)
    CAN1_RX0_IRQHandler                      0x080001b7   Thumb Code     0  startup_stm32f407xx.o(.text)
    CAN1_RX1_IRQHandler                      0x080001b7   Thumb Code     0  startup_stm32f407xx.o(.text)
    CAN1_SCE_IRQHandler                      0x080001b7   Thumb Code     0  startup_stm32f407xx.o(.text)
    CAN1_TX_IRQHandler                       0x080001b7   Thumb Code     0  startup_stm32f407xx.o(.text)
    CAN2_RX0_IRQHandler                      0x080001b7   Thumb Code     0  startup_stm32f407xx.o(.text)
    CAN2_RX1_IRQHandler                      0x080001b7   Thumb Code     0  startup_stm32f407xx.o(.text)
    CAN2_SCE_IRQHandler                      0x080001b7   Thumb Code     0  startup_stm32f407xx.o(.text)
    CAN2_TX_IRQHandler                       0x080001b7   Thumb Code     0  startup_stm32f407xx.o(.text)
    DCMI_IRQHandler                          0x080001b7   Thumb Code     0  startup_stm32f407xx.o(.text)
    DMA1_Stream0_IRQHandler                  0x080001b7   Thumb Code     0  startup_stm32f407xx.o(.text)
    DMA1_Stream1_IRQHandler                  0x080001b7   Thumb Code     0  startup_stm32f407xx.o(.text)
    DMA1_Stream2_IRQHandler                  0x080001b7   Thumb Code     0  startup_stm32f407xx.o(.text)
    DMA1_Stream3_IRQHandler                  0x080001b7   Thumb Code     0  startup_stm32f407xx.o(.text)
    DMA1_Stream4_IRQHandler                  0x080001b7   Thumb Code     0  startup_stm32f407xx.o(.text)
    DMA1_Stream5_IRQHandler                  0x080001b7   Thumb Code     0  startup_stm32f407xx.o(.text)
    DMA1_Stream6_IRQHandler                  0x080001b7   Thumb Code     0  startup_stm32f407xx.o(.text)
    DMA1_Stream7_IRQHandler                  0x080001b7   Thumb Code     0  startup_stm32f407xx.o(.text)
    DMA2_Stream3_IRQHandler                  0x080001b7   Thumb Code     0  startup_stm32f407xx.o(.text)
    DMA2_Stream4_IRQHandler                  0x080001b7   Thumb Code     0  startup_stm32f407xx.o(.text)
    DMA2_Stream5_IRQHandler                  0x080001b7   Thumb Code     0  startup_stm32f407xx.o(.text)
    DMA2_Stream6_IRQHandler                  0x080001b7   Thumb Code     0  startup_stm32f407xx.o(.text)
    DMA2_Stream7_IRQHandler                  0x080001b7   Thumb Code     0  startup_stm32f407xx.o(.text)
    ETH_WKUP_IRQHandler                      0x080001b7   Thumb Code     0  startup_stm32f407xx.o(.text)
    EXTI0_IRQHandler                         0x080001b7   Thumb Code     0  startup_stm32f407xx.o(.text)
    EXTI15_10_IRQHandler                     0x080001b7   Thumb Code     0  startup_stm32f407xx.o(.text)
    EXTI1_IRQHandler                         0x080001b7   Thumb Code     0  startup_stm32f407xx.o(.text)
    EXTI2_IRQHandler                         0x080001b7   Thumb Code     0  startup_stm32f407xx.o(.text)
    EXTI3_IRQHandler                         0x080001b7   Thumb Code     0  startup_stm32f407xx.o(.text)
    EXTI4_IRQHandler                         0x080001b7   Thumb Code     0  startup_stm32f407xx.o(.text)
    EXTI9_5_IRQHandler                       0x080001b7   Thumb Code     0  startup_stm32f407xx.o(.text)
    FLASH_IRQHandler                         0x080001b7   Thumb Code     0  startup_stm32f407xx.o(.text)
    FMC_IRQHandler                           0x080001b7   Thumb Code     0  startup_stm32f407xx.o(.text)
    FPU_IRQHandler                           0x080001b7   Thumb Code     0  startup_stm32f407xx.o(.text)
    HASH_RNG_IRQHandler                      0x080001b7   Thumb Code     0  startup_stm32f407xx.o(.text)
    I2C1_ER_IRQHandler                       0x080001b7   Thumb Code     0  startup_stm32f407xx.o(.text)
    I2C1_EV_IRQHandler                       0x080001b7   Thumb Code     0  startup_stm32f407xx.o(.text)
    I2C2_ER_IRQHandler                       0x080001b7   Thumb Code     0  startup_stm32f407xx.o(.text)
    I2C2_EV_IRQHandler                       0x080001b7   Thumb Code     0  startup_stm32f407xx.o(.text)
    I2C3_ER_IRQHandler                       0x080001b7   Thumb Code     0  startup_stm32f407xx.o(.text)
    I2C3_EV_IRQHandler                       0x080001b7   Thumb Code     0  startup_stm32f407xx.o(.text)
    OTG_FS_IRQHandler                        0x080001b7   Thumb Code     0  startup_stm32f407xx.o(.text)
    OTG_FS_WKUP_IRQHandler                   0x080001b7   Thumb Code     0  startup_stm32f407xx.o(.text)
    OTG_HS_EP1_IN_IRQHandler                 0x080001b7   Thumb Code     0  startup_stm32f407xx.o(.text)
    OTG_HS_EP1_OUT_IRQHandler                0x080001b7   Thumb Code     0  startup_stm32f407xx.o(.text)
    OTG_HS_IRQHandler                        0x080001b7   Thumb Code     0  startup_stm32f407xx.o(.text)
    OTG_HS_WKUP_IRQHandler                   0x080001b7   Thumb Code     0  startup_stm32f407xx.o(.text)
    PVD_IRQHandler                           0x080001b7   Thumb Code     0  startup_stm32f407xx.o(.text)
    RCC_IRQHandler                           0x080001b7   Thumb Code     0  startup_stm32f407xx.o(.text)
    RTC_Alarm_IRQHandler                     0x080001b7   Thumb Code     0  startup_stm32f407xx.o(.text)
    RTC_WKUP_IRQHandler                      0x080001b7   Thumb Code     0  startup_stm32f407xx.o(.text)
    SDIO_IRQHandler                          0x080001b7   Thumb Code     0  startup_stm32f407xx.o(.text)
    SPI1_IRQHandler                          0x080001b7   Thumb Code     0  startup_stm32f407xx.o(.text)
    SPI2_IRQHandler                          0x080001b7   Thumb Code     0  startup_stm32f407xx.o(.text)
    SPI3_IRQHandler                          0x080001b7   Thumb Code     0  startup_stm32f407xx.o(.text)
    TAMP_STAMP_IRQHandler                    0x080001b7   Thumb Code     0  startup_stm32f407xx.o(.text)
    TIM1_BRK_TIM9_IRQHandler                 0x080001b7   Thumb Code     0  startup_stm32f407xx.o(.text)
    TIM1_CC_IRQHandler                       0x080001b7   Thumb Code     0  startup_stm32f407xx.o(.text)
    TIM1_TRG_COM_TIM11_IRQHandler            0x080001b7   Thumb Code     0  startup_stm32f407xx.o(.text)
    TIM2_IRQHandler                          0x080001b7   Thumb Code     0  startup_stm32f407xx.o(.text)
    TIM3_IRQHandler                          0x080001b7   Thumb Code     0  startup_stm32f407xx.o(.text)
    TIM4_IRQHandler                          0x080001b7   Thumb Code     0  startup_stm32f407xx.o(.text)
    TIM5_IRQHandler                          0x080001b7   Thumb Code     0  startup_stm32f407xx.o(.text)
    TIM6_DAC_IRQHandler                      0x080001b7   Thumb Code     0  startup_stm32f407xx.o(.text)
    TIM7_IRQHandler                          0x080001b7   Thumb Code     0  startup_stm32f407xx.o(.text)
    TIM8_BRK_TIM12_IRQHandler                0x080001b7   Thumb Code     0  startup_stm32f407xx.o(.text)
    TIM8_CC_IRQHandler                       0x080001b7   Thumb Code     0  startup_stm32f407xx.o(.text)
    TIM8_TRG_COM_TIM14_IRQHandler            0x080001b7   Thumb Code     0  startup_stm32f407xx.o(.text)
    TIM8_UP_TIM13_IRQHandler                 0x080001b7   Thumb Code     0  startup_stm32f407xx.o(.text)
    UART4_IRQHandler                         0x080001b7   Thumb Code     0  startup_stm32f407xx.o(.text)
    UART5_IRQHandler                         0x080001b7   Thumb Code     0  startup_stm32f407xx.o(.text)
    USART1_IRQHandler                        0x080001b7   Thumb Code     0  startup_stm32f407xx.o(.text)
    USART2_IRQHandler                        0x080001b7   Thumb Code     0  startup_stm32f407xx.o(.text)
    USART3_IRQHandler                        0x080001b7   Thumb Code     0  startup_stm32f407xx.o(.text)
    USART6_IRQHandler                        0x080001b7   Thumb Code     0  startup_stm32f407xx.o(.text)
    WWDG_IRQHandler                          0x080001b7   Thumb Code     0  startup_stm32f407xx.o(.text)
    rand                                     0x080001c1   Thumb Code    20  rand.o(.text)
    srand                                    0x080001d5   Thumb Code     6  rand.o(.text)
    __aeabi_memcpy                           0x080001e5   Thumb Code    36  memcpya.o(.text)
    __aeabi_memcpy4                          0x080001e5   Thumb Code     0  memcpya.o(.text)
    __aeabi_memcpy8                          0x080001e5   Thumb Code     0  memcpya.o(.text)
    __aeabi_memset                           0x08000209   Thumb Code    14  memseta.o(.text)
    __aeabi_memset4                          0x08000209   Thumb Code     0  memseta.o(.text)
    __aeabi_memset8                          0x08000209   Thumb Code     0  memseta.o(.text)
    __aeabi_memclr                           0x08000217   Thumb Code     4  memseta.o(.text)
    __aeabi_memclr4                          0x08000217   Thumb Code     0  memseta.o(.text)
    __aeabi_memclr8                          0x08000217   Thumb Code     0  memseta.o(.text)
    _memset$wrapper                          0x0800021b   Thumb Code    18  memseta.o(.text)
    strlen                                   0x0800022d   Thumb Code    14  strlen.o(.text)
    memcmp                                   0x0800023b   Thumb Code    26  memcmp.o(.text)
    __aeabi_uidiv                            0x08000255   Thumb Code     0  uidiv.o(.text)
    __aeabi_uidivmod                         0x08000255   Thumb Code    44  uidiv.o(.text)
    __scatterload                            0x08000281   Thumb Code    28  init.o(.text)
    __scatterload_rt2                        0x08000281   Thumb Code     0  init.o(.text)
    DMA2_Stream0_IRQHandler                  0x08000429   Thumb Code     6  stm32f4xx_it.o(i.DMA2_Stream0_IRQHandler)
    DMA2_Stream1_IRQHandler                  0x08000435   Thumb Code     6  stm32f4xx_it.o(i.DMA2_Stream1_IRQHandler)
    DMA2_Stream2_IRQHandler                  0x08000441   Thumb Code     6  stm32f4xx_it.o(i.DMA2_Stream2_IRQHandler)
    ETH_IRQHandler                           0x08000519   Thumb Code     6  stm32f4xx_it.o(i.ETH_IRQHandler)
    Error_Handler                            0x08000649   Thumb Code     2  main.o(i.Error_Handler)
    HAL_ADC_ConfigChannel                    0x0800064d   Thumb Code   402  stm32f4xx_hal_adc.o(i.HAL_ADC_ConfigChannel)
    HAL_ADC_Init                             0x08000825   Thumb Code   466  stm32f4xx_hal_adc.o(i.HAL_ADC_Init)
    HAL_ADC_MspInit                          0x08000a41   Thumb Code   282  stm32f4xx_hal_msp.o(i.HAL_ADC_MspInit)
    HAL_DMA_IRQHandler                       0x08000b89   Thumb Code   414  stm32f4xx_hal_dma.o(i.HAL_DMA_IRQHandler)
    HAL_DMA_Init                             0x08000d31   Thumb Code   662  stm32f4xx_hal_dma.o(i.HAL_DMA_Init)
    HAL_Delay                                0x0800100d   Thumb Code    22  stm32f4xx_hal.o(i.HAL_Delay)
    HAL_ETH_DMARxDescListInit                0x08001023   Thumb Code   116  stm32f4xx_hal_eth.o(i.HAL_ETH_DMARxDescListInit)
    HAL_ETH_DMATxDescListInit                0x08001097   Thumb Code   120  stm32f4xx_hal_eth.o(i.HAL_ETH_DMATxDescListInit)
    HAL_ETH_ErrorCallback                    0x0800110f   Thumb Code     2  stm32f4xx_hal_eth.o(i.HAL_ETH_ErrorCallback)
    HAL_ETH_IRQHandler                       0x08001111   Thumb Code   122  stm32f4xx_hal_eth.o(i.HAL_ETH_IRQHandler)
    HAL_ETH_Init                             0x0800118d   Thumb Code   556  stm32f4xx_hal_eth.o(i.HAL_ETH_Init)
    HAL_ETH_MspInit                          0x08001419   Thumb Code   152  ethernetif.o(i.HAL_ETH_MspInit)
    HAL_ETH_ReadPHYRegister                  0x080014c5   Thumb Code   148  stm32f4xx_hal_eth.o(i.HAL_ETH_ReadPHYRegister)
    HAL_ETH_RxCpltCallback                   0x08001591   Thumb Code     2  stm32f4xx_hal_eth.o(i.HAL_ETH_RxCpltCallback)
    HAL_ETH_Start                            0x08001593   Thumb Code   132  stm32f4xx_hal_eth.o(i.HAL_ETH_Start)
    HAL_ETH_TransmitFrame                    0x08001617   Thumb Code   264  stm32f4xx_hal_eth.o(i.HAL_ETH_TransmitFrame)
    HAL_ETH_TxCpltCallback                   0x0800171f   Thumb Code     2  stm32f4xx_hal_eth.o(i.HAL_ETH_TxCpltCallback)
    HAL_ETH_WritePHYRegister                 0x08001721   Thumb Code   140  stm32f4xx_hal_eth.o(i.HAL_ETH_WritePHYRegister)
    HAL_GPIO_Init                            0x080017e5   Thumb Code   652  stm32f4xx_hal_gpio.o(i.HAL_GPIO_Init)
    HAL_GPIO_WritePin                        0x08001af5   Thumb Code    46  stm32f4xx_hal_gpio.o(i.HAL_GPIO_WritePin)
    HAL_GetTick                              0x08001b61   Thumb Code     6  stm32f4xx_hal.o(i.HAL_GetTick)
    HAL_IncTick                              0x08001b6d   Thumb Code    10  stm32f4xx_hal.o(i.HAL_IncTick)
    HAL_Init                                 0x08001b7d   Thumb Code    48  stm32f4xx_hal.o(i.HAL_Init)
    HAL_InitTick                             0x08001bb1   Thumb Code   100  stm32f4xx_hal_timebase_tim.o(i.HAL_InitTick)
    HAL_MspInit                              0x08001c25   Thumb Code    88  stm32f4xx_hal_msp.o(i.HAL_MspInit)
    HAL_NVIC_EnableIRQ                       0x08001c7d   Thumb Code    36  stm32f4xx_hal_cortex.o(i.HAL_NVIC_EnableIRQ)
    HAL_NVIC_SetPriority                     0x08001cdd   Thumb Code    94  stm32f4xx_hal_cortex.o(i.HAL_NVIC_SetPriority)
    HAL_NVIC_SetPriorityGrouping             0x08001d7d   Thumb Code    58  stm32f4xx_hal_cortex.o(i.HAL_NVIC_SetPriorityGrouping)
    HAL_RCC_ClockConfig                      0x08001dfd   Thumb Code   572  stm32f4xx_hal_rcc.o(i.HAL_RCC_ClockConfig)
    HAL_RCC_GetClockConfig                   0x08002081   Thumb Code    54  stm32f4xx_hal_rcc.o(i.HAL_RCC_GetClockConfig)
    HAL_RCC_GetHCLKFreq                      0x080020c1   Thumb Code     6  stm32f4xx_hal_rcc.o(i.HAL_RCC_GetHCLKFreq)
    HAL_RCC_GetPCLK1Freq                     0x080020cd   Thumb Code    34  stm32f4xx_hal_rcc.o(i.HAL_RCC_GetPCLK1Freq)
    HAL_RCC_GetPCLK2Freq                     0x080020fd   Thumb Code    34  stm32f4xx_hal_rcc.o(i.HAL_RCC_GetPCLK2Freq)
    HAL_RCC_GetSysClockFreq                  0x0800212d   Thumb Code   104  stm32f4xx_hal_rcc.o(i.HAL_RCC_GetSysClockFreq)
    HAL_RCC_OscConfig                        0x0800219d   Thumb Code   966  stm32f4xx_hal_rcc.o(i.HAL_RCC_OscConfig)
    HAL_SYSTICK_CLKSourceConfig              0x080025ad   Thumb Code    40  stm32f4xx_hal_cortex.o(i.HAL_SYSTICK_CLKSourceConfig)
    HAL_SYSTICK_Callback                     0x08002611   Thumb Code     2  stm32f4xx_hal_cortex.o(i.HAL_SYSTICK_Callback)
    HAL_SYSTICK_Config                       0x08002613   Thumb Code    40  stm32f4xx_hal_cortex.o(i.HAL_SYSTICK_Config)
    HAL_SYSTICK_IRQHandler                   0x0800263b   Thumb Code     8  stm32f4xx_hal_cortex.o(i.HAL_SYSTICK_IRQHandler)
    HAL_TIMEx_BreakCallback                  0x08002643   Thumb Code     2  stm32f4xx_hal_tim_ex.o(i.HAL_TIMEx_BreakCallback)
    HAL_TIMEx_CommutationCallback            0x08002645   Thumb Code     2  stm32f4xx_hal_tim_ex.o(i.HAL_TIMEx_CommutationCallback)
    HAL_TIMEx_MasterConfigSynchronization    0x08002649   Thumb Code   214  stm32f4xx_hal_tim_ex.o(i.HAL_TIMEx_MasterConfigSynchronization)
    HAL_TIM_Base_Init                        0x08002781   Thumb Code   200  stm32f4xx_hal_tim.o(i.HAL_TIM_Base_Init)
    HAL_TIM_Base_MspInit                     0x080028b5   Thumb Code    30  stm32f4xx_hal_msp.o(i.HAL_TIM_Base_MspInit)
    HAL_TIM_Base_Start_IT                    0x080028d9   Thumb Code   124  stm32f4xx_hal_tim.o(i.HAL_TIM_Base_Start_IT)
    HAL_TIM_ConfigClockSource                0x080029c1   Thumb Code  1234  stm32f4xx_hal_tim.o(i.HAL_TIM_ConfigClockSource)
    HAL_TIM_IC_CaptureCallback               0x08002e93   Thumb Code     2  stm32f4xx_hal_tim.o(i.HAL_TIM_IC_CaptureCallback)
    HAL_TIM_IRQHandler                       0x08002e95   Thumb Code   358  stm32f4xx_hal_tim.o(i.HAL_TIM_IRQHandler)
    HAL_TIM_OC_DelayElapsedCallback          0x08002ffb   Thumb Code     2  stm32f4xx_hal_tim.o(i.HAL_TIM_OC_DelayElapsedCallback)
    HAL_TIM_PWM_PulseFinishedCallback        0x08002ffd   Thumb Code     2  stm32f4xx_hal_tim.o(i.HAL_TIM_PWM_PulseFinishedCallback)
    HAL_TIM_PeriodElapsedCallback            0x08003001   Thumb Code    14  main.o(i.HAL_TIM_PeriodElapsedCallback)
    HAL_TIM_TriggerCallback                  0x08003015   Thumb Code     2  stm32f4xx_hal_tim.o(i.HAL_TIM_TriggerCallback)
    HAL_UART_Init                            0x08003019   Thumb Code   242  stm32f4xx_hal_uart.o(i.HAL_UART_Init)
    HAL_UART_MspInit                         0x08003161   Thumb Code    64  stm32f4xx_hal_msp.o(i.HAL_UART_MspInit)
    MX_LWIP_Init                             0x0800345d   Thumb Code    82  lwip.o(i.MX_LWIP_Init)
    PendSV_Handler                           0x080034e1   Thumb Code     2  stm32f4xx_it.o(i.PendSV_Handler)
    SVC_Handler                              0x080034e3   Thumb Code     2  stm32f4xx_it.o(i.SVC_Handler)
    SysTick_Handler                          0x080034e5   Thumb Code     4  stm32f4xx_it.o(i.SysTick_Handler)
    SystemClock_Config                       0x080034e9   Thumb Code   152  main.o(i.SystemClock_Config)
    SystemInit                               0x08003589   Thumb Code    66  system_stm32f4xx.o(i.SystemInit)
    TIM1_UP_TIM10_IRQHandler                 0x080035dd   Thumb Code     6  stm32f4xx_it.o(i.TIM1_UP_TIM10_IRQHandler)
    TIM_Base_SetConfig                       0x080035e9   Thumb Code   148  stm32f4xx_hal_tim.o(i.TIM_Base_SetConfig)
    __0sprintf$1                             0x08003a59   Thumb Code    34  printf1.o(i.__0sprintf$1)
    __1sprintf$1                             0x08003a59   Thumb Code     0  printf1.o(i.__0sprintf$1)
    __2sprintf                               0x08003a59   Thumb Code     0  printf1.o(i.__0sprintf$1)
    __scatterload_copy                       0x08003a81   Thumb Code    14  handlers.o(i.__scatterload_copy)
    __scatterload_null                       0x08003a8f   Thumb Code     2  handlers.o(i.__scatterload_null)
    __scatterload_zeroinit                   0x08003a91   Thumb Code    14  handlers.o(i.__scatterload_zeroinit)
    assert_failed                            0x08003c1d   Thumb Code     2  main.o(i.assert_failed)
    dhcp_arp_reply                           0x08003c1f   Thumb Code    30  dhcp.o(i.dhcp_arp_reply)
    dhcp_coarse_tmr                          0x08003d4d   Thumb Code   172  dhcp.o(i.dhcp_coarse_tmr)
    dhcp_fine_tmr                            0x08004091   Thumb Code    46  dhcp.o(i.dhcp_fine_tmr)
    dhcp_release                             0x08004619   Thumb Code   158  dhcp.o(i.dhcp_release)
    dhcp_renew                               0x080046bd   Thumb Code   136  dhcp.o(i.dhcp_renew)
    dhcp_start                               0x08004849   Thumb Code   140  dhcp.o(i.dhcp_start)
    dhcp_stop                                0x080048dd   Thumb Code    38  dhcp.o(i.dhcp_stop)
    dhcp_supplied_address                    0x08004903   Thumb Code    24  dhcp.o(i.dhcp_supplied_address)
    etharp_cleanup_netif                     0x08004a91   Thumb Code    42  etharp.o(i.etharp_cleanup_netif)
    etharp_output                            0x08004bc1   Thumb Code   238  etharp.o(i.etharp_output)
    etharp_query                             0x08004d19   Thumb Code   226  etharp.o(i.etharp_query)
    etharp_request                           0x08004ea5   Thumb Code     6  etharp.o(i.etharp_request)
    etharp_tmr                               0x08004ef1   Thumb Code    92  etharp.o(i.etharp_tmr)
    ethernet_input                           0x08004fd1   Thumb Code   144  etharp.o(i.ethernet_input)
    ethernetif_init                          0x08005065   Thumb Code    30  ethernetif.o(i.ethernetif_init)
    icmp_dest_unreach                        0x0800508d   Thumb Code     8  icmp.o(i.icmp_dest_unreach)
    icmp_input                               0x08005095   Thumb Code   222  icmp.o(i.icmp_input)
    icmp_time_exceeded                       0x080051e5   Thumb Code     8  icmp.o(i.icmp_time_exceeded)
    ip4_addr_isbroadcast_u32                 0x080051ed   Thumb Code    46  ip4_addr.o(i.ip4_addr_isbroadcast_u32)
    ip4_frag                                 0x0800521d   Thumb Code   338  ip_frag.o(i.ip4_frag)
    ip4_input                                0x08005375   Thumb Code   392  ip4.o(i.ip4_input)
    ip4_output_if                            0x08005505   Thumb Code    30  ip4.o(i.ip4_output_if)
    ip4_output_if_src                        0x08005525   Thumb Code   160  ip4.o(i.ip4_output_if_src)
    ip4_reass                                0x080055cd   Thumb Code   396  ip_frag.o(i.ip4_reass)
    ip4_route                                0x0800575d   Thumb Code    82  ip4.o(i.ip4_route)
    ip_reass_tmr                             0x080059dd   Thumb Code    40  ip_frag.o(i.ip_reass_tmr)
    lwip_htonl                               0x08005bc9   Thumb Code     4  def.o(i.lwip_htonl)
    lwip_htons                               0x08005bcd   Thumb Code     4  def.o(i.lwip_htons)
    lwip_init                                0x08005bd1   Thumb Code    30  init.o(i.lwip_init)
    lwip_ntohl                               0x08005bef   Thumb Code     4  def.o(i.lwip_ntohl)
    lwip_ntohs                               0x08005bf3   Thumb Code     4  def.o(i.lwip_ntohs)
    main                                     0x08005bf9   Thumb Code   222  main.o(i.main)
    mem_free                                 0x08005cf1   Thumb Code    40  mem.o(i.mem_free)
    mem_init                                 0x08005d1d   Thumb Code    42  mem.o(i.mem_init)
    mem_malloc                               0x08005d51   Thumb Code   162  mem.o(i.mem_malloc)
    mem_trim                                 0x08005df9   Thumb Code   200  mem.o(i.mem_trim)
    memp_free                                0x08005ec5   Thumb Code    16  memp.o(i.memp_free)
    memp_init                                0x08005ed9   Thumb Code    34  memp.o(i.memp_init)
    memp_init_pool                           0x08005f01   Thumb Code    42  memp.o(i.memp_init_pool)
    memp_malloc                              0x08005f2d   Thumb Code    18  memp.o(i.memp_malloc)
    memp_malloc_pool                         0x08005f45   Thumb Code    14  memp.o(i.memp_malloc_pool)
    netif_add                                0x08005f55   Thumb Code    76  netif.o(i.netif_add)
    netif_init                               0x08005fa5   Thumb Code     2  netif.o(i.netif_init)
    netif_set_addr                           0x08005fc1   Thumb Code    32  netif.o(i.netif_set_addr)
    netif_set_default                        0x08005fe1   Thumb Code     6  netif.o(i.netif_set_default)
    netif_set_down                           0x08005fed   Thumb Code    26  netif.o(i.netif_set_down)
    netif_set_gw                             0x08006007   Thumb Code     8  netif.o(i.netif_set_gw)
    netif_set_ipaddr                         0x08006011   Thumb Code    62  netif.o(i.netif_set_ipaddr)
    netif_set_netmask                        0x08006055   Thumb Code     8  netif.o(i.netif_set_netmask)
    netif_set_up                             0x0800605d   Thumb Code    28  netif.o(i.netif_set_up)
    pbuf_alloc                               0x08006079   Thumb Code   290  pbuf.o(i.pbuf_alloc)
    pbuf_alloced_custom                      0x080061a1   Thumb Code    82  pbuf.o(i.pbuf_alloced_custom)
    pbuf_cat                                 0x080061f3   Thumb Code    40  pbuf.o(i.pbuf_cat)
    pbuf_chain                               0x0800621b   Thumb Code    18  pbuf.o(i.pbuf_chain)
    pbuf_clen                                0x0800622d   Thumb Code    18  pbuf.o(i.pbuf_clen)
    pbuf_copy                                0x0800623f   Thumb Code   154  pbuf.o(i.pbuf_copy)
    pbuf_copy_partial                        0x080062d9   Thumb Code   104  pbuf.o(i.pbuf_copy_partial)
    pbuf_free                                0x08006341   Thumb Code    80  pbuf.o(i.pbuf_free)
    pbuf_header                              0x08006391   Thumb Code     6  pbuf.o(i.pbuf_header)
    pbuf_header_force                        0x08006397   Thumb Code     6  pbuf.o(i.pbuf_header_force)
    pbuf_realloc                             0x08006401   Thumb Code    84  pbuf.o(i.pbuf_realloc)
    pbuf_ref                                 0x08006455   Thumb Code    12  pbuf.o(i.pbuf_ref)
    pbuf_take                                0x08006461   Thumb Code    82  pbuf.o(i.pbuf_take)
    sys_now                                  0x08006509   Thumb Code     4  ethernetif.o(i.sys_now)
    sys_timeout                              0x0800650d   Thumb Code   126  lwip_timers.o(i.sys_timeout)
    sys_timeouts_init                        0x08006591   Thumb Code    58  lwip_timers.o(i.sys_timeouts_init)
    tcp_abandon                              0x080065e1   Thumb Code   206  tcp.o(i.tcp_abandon)
    tcp_abort                                0x080066b5   Thumb Code     6  tcp.o(i.tcp_abort)
    tcp_alloc                                0x080066bd   Thumb Code   270  tcp.o(i.tcp_alloc)
    tcp_arg                                  0x080067d9   Thumb Code     4  tcp.o(i.tcp_arg)
    tcp_close                                0x080067dd   Thumb Code    20  tcp.o(i.tcp_close)
    tcp_connect                              0x0800692d   Thumb Code   224  tcp.o(i.tcp_connect)
    tcp_echoclient_connect                   0x08006aa9   Thumb Code    40  main.o(i.tcp_echoclient_connect)
    tcp_eff_send_mss_impl                    0x08006ccb   Thumb Code    34  tcp.o(i.tcp_eff_send_mss_impl)
    tcp_enqueue_flags                        0x08006ced   Thumb Code   162  tcp_out.o(i.tcp_enqueue_flags)
    tcp_fasttmr                              0x08006d91   Thumb Code    90  tcp.o(i.tcp_fasttmr)
    tcp_init                                 0x08006e21   Thumb Code     2  tcp.o(i.tcp_init)
    tcp_input                                0x08006e25   Thumb Code   834  tcp_in.o(i.tcp_input)
    tcp_keepalive                            0x08007181   Thumb Code    82  tcp_out.o(i.tcp_keepalive)
    tcp_netif_ipv4_addr_changed              0x080072f1   Thumb Code    66  tcp.o(i.tcp_netif_ipv4_addr_changed)
    tcp_new                                  0x0800735b   Thumb Code     6  tcp.o(i.tcp_new)
    tcp_next_iss                             0x080073bd   Thumb Code    12  tcp.o(i.tcp_next_iss)
    tcp_output                               0x08007445   Thumb Code   412  tcp_out.o(i.tcp_output)
    tcp_pcb_purge                            0x080077eb   Thumb Code    66  tcp.o(i.tcp_pcb_purge)
    tcp_pcb_remove                           0x0800782d   Thumb Code    80  tcp.o(i.tcp_pcb_remove)
    tcp_poll                                 0x0800787d   Thumb Code    10  tcp.o(i.tcp_poll)
    tcp_process_refused_data                 0x08007bf5   Thumb Code   106  tcp.o(i.tcp_process_refused_data)
    tcp_recv                                 0x08008355   Thumb Code     6  tcp.o(i.tcp_recv)
    tcp_recv_null                            0x0800835b   Thumb Code    36  tcp.o(i.tcp_recv_null)
    tcp_recved                               0x0800837f   Thumb Code    66  tcp.o(i.tcp_recved)
    tcp_rexmit                               0x080083c1   Thumb Code    82  tcp_out.o(i.tcp_rexmit)
    tcp_rexmit_fast                          0x08008413   Thumb Code    88  tcp_out.o(i.tcp_rexmit_fast)
    tcp_rexmit_rto                           0x0800846b   Thumb Code    46  tcp_out.o(i.tcp_rexmit_rto)
    tcp_rst                                  0x08008499   Thumb Code   128  tcp_out.o(i.tcp_rst)
    tcp_seg_copy                             0x08008519   Thumb Code    40  tcp.o(i.tcp_seg_copy)
    tcp_seg_free                             0x08008541   Thumb Code    28  tcp.o(i.tcp_seg_free)
    tcp_segs_free                            0x0800855d   Thumb Code    18  tcp.o(i.tcp_segs_free)
    tcp_send_empty_ack                       0x0800856f   Thumb Code   114  tcp_out.o(i.tcp_send_empty_ack)
    tcp_send_fin                             0x080085e1   Thumb Code    68  tcp_out.o(i.tcp_send_fin)
    tcp_sent                                 0x08008625   Thumb Code     4  tcp.o(i.tcp_sent)
    tcp_slowtmr                              0x08008629   Thumb Code   632  tcp.o(i.tcp_slowtmr)
    tcp_timer_needed                         0x080088b1   Thumb Code    36  lwip_timers.o(i.tcp_timer_needed)
    tcp_tmr                                  0x0800894d   Thumb Code    28  tcp.o(i.tcp_tmr)
    tcp_trigger_input_pcb_close              0x0800896d   Thumb Code    12  tcp_in.o(i.tcp_trigger_input_pcb_close)
    tcp_update_rcv_ann_wnd                   0x0800897d   Thumb Code    52  tcp.o(i.tcp_update_rcv_ann_wnd)
    tcp_write                                0x080089b1   Thumb Code   736  tcp_out.o(i.tcp_write)
    tcp_zero_window_probe                    0x08008c91   Thumb Code   162  tcp_out.o(i.tcp_zero_window_probe)
    udp_bind                                 0x08008d6d   Thumb Code   170  udp.o(i.udp_bind)
    udp_connect                              0x08008e1d   Thumb Code    80  udp.o(i.udp_connect)
    udp_init                                 0x08008e71   Thumb Code     2  udp.o(i.udp_init)
    udp_input                                0x08008e75   Thumb Code   306  udp.o(i.udp_input)
    udp_netif_ipv4_addr_changed              0x08008fb1   Thumb Code    42  udp.o(i.udp_netif_ipv4_addr_changed)
    udp_new                                  0x08008fe1   Thumb Code    26  udp.o(i.udp_new)
    udp_recv                                 0x08008ffb   Thumb Code     6  udp.o(i.udp_recv)
    udp_remove                               0x08009001   Thumb Code    42  udp.o(i.udp_remove)
    udp_sendto_if                            0x08009031   Thumb Code    44  udp.o(i.udp_sendto_if)
    udp_sendto_if_src                        0x0800905d   Thumb Code   158  udp.o(i.udp_sendto_if_src)
    APBAHBPrescTable                         0x080090fa   Data          16  stm32f4xx_hal_rcc.o(.constdata)
    ip_addr_any                              0x08009114   Data           4  ip4_addr.o(.constdata)
    ip_addr_broadcast                        0x08009118   Data           4  ip4_addr.o(.constdata)
    ethbroadcast                             0x0800911c   Data           6  etharp.o(.constdata)
    ethzero                                  0x08009122   Data           6  etharp.o(.constdata)
    tcp_persist_backoff                      0x08009128   Data           7  tcp.o(.constdata)
    tcp_state_str                            0x08009130   Data          44  tcp.o(.constdata)
    tcp_backoff                              0x0800915c   Data          13  tcp.o(.constdata)
    tcp_pcb_lists                            0x0800916c   Data          16  tcp.o(.constdata)
    memp_UDP_PCB                             0x0800917c   Data          12  memp.o(.constdata)
    memp_TCP_PCB                             0x08009188   Data          12  memp.o(.constdata)
    memp_TCP_PCB_LISTEN                      0x08009194   Data          12  memp.o(.constdata)
    memp_TCP_SEG                             0x080091a0   Data          12  memp.o(.constdata)
    memp_REASSDATA                           0x080091ac   Data          12  memp.o(.constdata)
    memp_FRAG_PBUF                           0x080091b8   Data          12  memp.o(.constdata)
    memp_SYS_TIMEOUT                         0x080091c4   Data          12  memp.o(.constdata)
    memp_PBUF                                0x080091d0   Data          12  memp.o(.constdata)
    memp_PBUF_POOL                           0x080091dc   Data          12  memp.o(.constdata)
    Region$$Table$$Base                      0x08009260   Number         0  anon$$obj.o(Region$$Table)
    Region$$Table$$Limit                     0x08009280   Number         0  anon$$obj.o(Region$$Table)
    uwTick                                   0x20000000   Data           4  stm32f4xx_hal.o(.data)
    Tcp_flag                                 0x20000004   Data           1  main.o(.data)
    message_count                            0x20000008   Data           4  main.o(.data)
    echoclient_pcb                           0x2000000c   Data           4  main.o(.data)
    ipaddr                                   0x20000010   Data           4  lwip.o(.data)
    netmask                                  0x20000014   Data           4  lwip.o(.data)
    gw                                       0x20000018   Data           4  lwip.o(.data)
    tcp_input_pcb                            0x20000040   Data           4  tcp_in.o(.data)
    tcp_active_pcbs_changed                  0x2000005c   Data           1  tcp.o(.data)
    tcp_ticks                                0x20000068   Data           4  tcp.o(.data)
    tcp_bound_pcbs                           0x2000006c   Data           4  tcp.o(.data)
    tcp_listen_pcbs                          0x20000070   Data           4  tcp.o(.data)
    tcp_active_pcbs                          0x20000074   Data           4  tcp.o(.data)
    tcp_tw_pcbs                              0x20000078   Data           4  tcp.o(.data)
    memp_pools                               0x2000007c   Data          36  memp.o(.data)
    udp_pcbs                                 0x200000cc   Data           4  udp.o(.data)
    pbuf_free_ooseq_pending                  0x200000d0   Data           1  pbuf.o(.data)
    netif_list                               0x200000d8   Data           4  netif.o(.data)
    netif_default                            0x200000dc   Data           4  netif.o(.data)
    SystemCoreClock                          0x200000ec   Data           4  system_stm32f4xx.o(.data)
    DMARxDscrTab                             0x200000f4   Data         128  ethernetif.o(.bss)
    DMATxDscrTab                             0x20000174   Data         128  ethernetif.o(.bss)
    Rx_Buff                                  0x200001f4   Data        6096  ethernetif.o(.bss)
    Tx_Buff                                  0x200019c4   Data        6096  ethernetif.o(.bss)
    heth                                     0x20003194   Data          72  ethernetif.o(.bss)
    hadc1                                    0x200031dc   Data          72  main.o(.bss)
    hadc2                                    0x20003224   Data          72  main.o(.bss)
    hadc3                                    0x2000326c   Data          72  main.o(.bss)
    htim2                                    0x200032b4   Data          60  main.o(.bss)
    huart3                                   0x200032f0   Data          64  main.o(.bss)
    data                                     0x20003330   Data         100  main.o(.bss)
    dma1                                     0x20003394   Data        8212  main.o(.bss)
    dma2                                     0x200053a8   Data        8212  main.o(.bss)
    dma3                                     0x200073bc   Data        8212  main.o(.bss)
    hdma_adc1                                0x200093d0   Data          96  main.o(.bss)
    hdma_adc2                                0x20009430   Data          96  main.o(.bss)
    hdma_adc3                                0x20009490   Data          96  main.o(.bss)
    htim1                                    0x200094f0   Data          60  stm32f4xx_hal_timebase_tim.o(.bss)
    gnetif                                   0x2000952c   Data          52  lwip.o(.bss)
    dhcp_rx_options_val                      0x20009560   Data          40  dhcp.o(.bss)
    dhcp_rx_options_given                    0x20009588   Data          10  dhcp.o(.bss)
    ram_heap                                 0x20009694   Data        1620  mem.o(.bss)
    memp_memory_UDP_PCB_base                 0x20009ce8   Data         128  memp.o(.bss)
    memp_memory_TCP_PCB_base                 0x20009d68   Data         760  memp.o(.bss)
    memp_memory_TCP_PCB_LISTEN_base          0x2000a060   Data         224  memp.o(.bss)
    memp_memory_TCP_SEG_base                 0x2000a140   Data         256  memp.o(.bss)
    memp_memory_REASSDATA_base               0x2000a240   Data         160  memp.o(.bss)
    memp_memory_FRAG_PBUF_base               0x2000a2e0   Data         360  memp.o(.bss)
    memp_memory_SYS_TIMEOUT_base             0x2000a448   Data          80  memp.o(.bss)
    memp_memory_PBUF_base                    0x2000a498   Data         256  memp.o(.bss)
    memp_memory_PBUF_POOL_base               0x2000a598   Data        9728  memp.o(.bss)
    ip_data                                  0x2000cb98   Data          24  ip4.o(.bss)
    __initial_sp                             0x2000cfb0   Data           0  startup_stm32f407xx.o(STACK)



==============================================================================

Memory Map of the image

  Image Entry point : 0x08000189

  Load Region LR_IROM1 (Base: 0x08000000, Size: 0x00009374, Max: 0x00100000, ABSOLUTE)

    Execution Region ER_IROM1 (Base: 0x08000000, Size: 0x00009280, Max: 0x00100000, ABSOLUTE)

    Base Addr    Size         Type   Attr      Idx    E Section Name        Object

    0x08000000   0x00000188   Data   RO         3264    RESET               startup_stm32f407xx.o
    0x08000188   0x00000000   Code   RO         6116  * .ARM.Collect$$$$00000000  mc_w.l(entry.o)
    0x08000188   0x00000004   Code   RO         6393    .ARM.Collect$$$$00000001  mc_w.l(entry2.o)
    0x0800018c   0x00000004   Code   RO         6396    .ARM.Collect$$$$00000004  mc_w.l(entry5.o)
    0x08000190   0x00000000   Code   RO         6398    .ARM.Collect$$$$00000008  mc_w.l(entry7b.o)
    0x08000190   0x00000000   Code   RO         6400    .ARM.Collect$$$$0000000A  mc_w.l(entry8b.o)
    0x08000190   0x00000008   Code   RO         6401    .ARM.Collect$$$$0000000B  mc_w.l(entry9a.o)
    0x08000198   0x00000000   Code   RO         6403    .ARM.Collect$$$$0000000D  mc_w.l(entry10a.o)
    0x08000198   0x00000000   Code   RO         6405    .ARM.Collect$$$$0000000F  mc_w.l(entry11a.o)
    0x08000198   0x00000004   Code   RO         6394    .ARM.Collect$$$$00002712  mc_w.l(entry2.o)
    0x0800019c   0x00000024   Code   RO         3265    .text               startup_stm32f407xx.o
    0x080001c0   0x00000024   Code   RO         6119    .text               mc_w.l(rand.o)
    0x080001e4   0x00000024   Code   RO         6122    .text               mc_w.l(memcpya.o)
    0x08000208   0x00000024   Code   RO         6124    .text               mc_w.l(memseta.o)
    0x0800022c   0x0000000e   Code   RO         6126    .text               mc_w.l(strlen.o)
    0x0800023a   0x0000001a   Code   RO         6128    .text               mc_w.l(memcmp.o)
    0x08000254   0x0000002c   Code   RO         6410    .text               mc_w.l(uidiv.o)
    0x08000280   0x00000024   Code   RO         6425    .text               mc_w.l(init.o)
    0x080002a4   0x00000184   Code   RO         1969    i.ADC_Init          stm32f4xx_hal_adc.o
    0x08000428   0x0000000c   Code   RO         3134    i.DMA2_Stream0_IRQHandler  stm32f4xx_it.o
    0x08000434   0x0000000c   Code   RO         3135    i.DMA2_Stream1_IRQHandler  stm32f4xx_it.o
    0x08000440   0x0000000c   Code   RO         3136    i.DMA2_Stream2_IRQHandler  stm32f4xx_it.o
    0x0800044c   0x00000028   Code   RO         1860    i.DMA_CalcBaseAndBitshift  stm32f4xx_hal_dma.o
    0x08000474   0x00000054   Code   RO         1861    i.DMA_CheckFifoParam  stm32f4xx_hal_dma.o
    0x080004c8   0x00000020   Code   RO            4    i.ETH_Delay         stm32f4xx_hal_eth.o
    0x080004e8   0x0000002e   Code   RO            5    i.ETH_FlushTransmitFIFO  stm32f4xx_hal_eth.o
    0x08000516   0x00000002   PAD
    0x08000518   0x0000000c   Code   RO         3137    i.ETH_IRQHandler    stm32f4xx_it.o
    0x08000524   0x00000124   Code   RO            6    i.ETH_MACDMAConfig  stm32f4xx_hal_eth.o
    0x08000648   0x00000002   Code   RO         2828    i.Error_Handler     main.o
    0x0800064a   0x00000002   PAD
    0x0800064c   0x000001d8   Code   RO         1971    i.HAL_ADC_ConfigChannel  stm32f4xx_hal_adc.o
    0x08000824   0x0000021c   Code   RO         1980    i.HAL_ADC_Init      stm32f4xx_hal_adc.o
    0x08000a40   0x00000148   Code   RO         3205    i.HAL_ADC_MspInit   stm32f4xx_hal_msp.o
    0x08000b88   0x000001a8   Code   RO         1868    i.HAL_DMA_IRQHandler  stm32f4xx_hal_dma.o
    0x08000d30   0x000002dc   Code   RO         1869    i.HAL_DMA_Init      stm32f4xx_hal_dma.o
    0x0800100c   0x00000016   Code   RO         1720    i.HAL_Delay         stm32f4xx_hal.o
    0x08001022   0x00000074   Code   RO            9    i.HAL_ETH_DMARxDescListInit  stm32f4xx_hal_eth.o
    0x08001096   0x00000078   Code   RO           10    i.HAL_ETH_DMATxDescListInit  stm32f4xx_hal_eth.o
    0x0800110e   0x00000002   Code   RO           12    i.HAL_ETH_ErrorCallback  stm32f4xx_hal_eth.o
    0x08001110   0x0000007a   Code   RO           16    i.HAL_ETH_IRQHandler  stm32f4xx_hal_eth.o
    0x0800118a   0x00000002   PAD
    0x0800118c   0x0000028c   Code   RO           17    i.HAL_ETH_Init      stm32f4xx_hal_eth.o
    0x08001418   0x000000ac   Code   RO         2669    i.HAL_ETH_MspInit   ethernetif.o
    0x080014c4   0x000000cc   Code   RO           20    i.HAL_ETH_ReadPHYRegister  stm32f4xx_hal_eth.o
    0x08001590   0x00000002   Code   RO           21    i.HAL_ETH_RxCpltCallback  stm32f4xx_hal_eth.o
    0x08001592   0x00000084   Code   RO           22    i.HAL_ETH_Start     stm32f4xx_hal_eth.o
    0x08001616   0x00000108   Code   RO           24    i.HAL_ETH_TransmitFrame  stm32f4xx_hal_eth.o
    0x0800171e   0x00000002   Code   RO           25    i.HAL_ETH_TxCpltCallback  stm32f4xx_hal_eth.o
    0x08001720   0x000000c4   Code   RO           26    i.HAL_ETH_WritePHYRegister  stm32f4xx_hal_eth.o
    0x080017e4   0x00000310   Code   RO         1253    i.HAL_GPIO_Init     stm32f4xx_hal_gpio.o
    0x08001af4   0x0000006c   Code   RO         1257    i.HAL_GPIO_WritePin  stm32f4xx_hal_gpio.o
    0x08001b60   0x0000000c   Code   RO         1726    i.HAL_GetTick       stm32f4xx_hal.o
    0x08001b6c   0x00000010   Code   RO         1727    i.HAL_IncTick       stm32f4xx_hal.o
    0x08001b7c   0x00000034   Code   RO         1728    i.HAL_Init          stm32f4xx_hal.o
    0x08001bb0   0x00000074   Code   RO         3040    i.HAL_InitTick      stm32f4xx_hal_timebase_tim.o
    0x08001c24   0x00000058   Code   RO         3206    i.HAL_MspInit       stm32f4xx_hal_msp.o
    0x08001c7c   0x00000060   Code   RO          265    i.HAL_NVIC_EnableIRQ  stm32f4xx_hal_cortex.o
    0x08001cdc   0x000000a0   Code   RO          271    i.HAL_NVIC_SetPriority  stm32f4xx_hal_cortex.o
    0x08001d7c   0x00000080   Code   RO          272    i.HAL_NVIC_SetPriorityGrouping  stm32f4xx_hal_cortex.o
    0x08001dfc   0x00000284   Code   RO         1146    i.HAL_RCC_ClockConfig  stm32f4xx_hal_rcc.o
    0x08002080   0x00000040   Code   RO         1150    i.HAL_RCC_GetClockConfig  stm32f4xx_hal_rcc.o
    0x080020c0   0x0000000c   Code   RO         1151    i.HAL_RCC_GetHCLKFreq  stm32f4xx_hal_rcc.o
    0x080020cc   0x00000030   Code   RO         1153    i.HAL_RCC_GetPCLK1Freq  stm32f4xx_hal_rcc.o
    0x080020fc   0x00000030   Code   RO         1154    i.HAL_RCC_GetPCLK2Freq  stm32f4xx_hal_rcc.o
    0x0800212c   0x00000070   Code   RO         1155    i.HAL_RCC_GetSysClockFreq  stm32f4xx_hal_rcc.o
    0x0800219c   0x00000410   Code   RO         1158    i.HAL_RCC_OscConfig  stm32f4xx_hal_rcc.o
    0x080025ac   0x00000064   Code   RO          274    i.HAL_SYSTICK_CLKSourceConfig  stm32f4xx_hal_cortex.o
    0x08002610   0x00000002   Code   RO          275    i.HAL_SYSTICK_Callback  stm32f4xx_hal_cortex.o
    0x08002612   0x00000028   Code   RO          276    i.HAL_SYSTICK_Config  stm32f4xx_hal_cortex.o
    0x0800263a   0x00000008   Code   RO          277    i.HAL_SYSTICK_IRQHandler  stm32f4xx_hal_cortex.o
    0x08002642   0x00000002   Code   RO         2388    i.HAL_TIMEx_BreakCallback  stm32f4xx_hal_tim_ex.o
    0x08002644   0x00000002   Code   RO         2389    i.HAL_TIMEx_CommutationCallback  stm32f4xx_hal_tim_ex.o
    0x08002646   0x00000002   PAD
    0x08002648   0x00000138   Code   RO         2405    i.HAL_TIMEx_MasterConfigSynchronization  stm32f4xx_hal_tim_ex.o
    0x08002780   0x00000134   Code   RO          516    i.HAL_TIM_Base_Init  stm32f4xx_hal_tim.o
    0x080028b4   0x00000024   Code   RO         3208    i.HAL_TIM_Base_MspInit  stm32f4xx_hal_msp.o
    0x080028d8   0x000000e8   Code   RO          521    i.HAL_TIM_Base_Start_IT  stm32f4xx_hal_tim.o
    0x080029c0   0x000004d2   Code   RO          525    i.HAL_TIM_ConfigClockSource  stm32f4xx_hal_tim.o
    0x08002e92   0x00000002   Code   RO          545    i.HAL_TIM_IC_CaptureCallback  stm32f4xx_hal_tim.o
    0x08002e94   0x00000166   Code   RO          558    i.HAL_TIM_IRQHandler  stm32f4xx_hal_tim.o
    0x08002ffa   0x00000002   Code   RO          561    i.HAL_TIM_OC_DelayElapsedCallback  stm32f4xx_hal_tim.o
    0x08002ffc   0x00000002   Code   RO          588    i.HAL_TIM_PWM_PulseFinishedCallback  stm32f4xx_hal_tim.o
    0x08002ffe   0x00000002   PAD
    0x08003000   0x00000014   Code   RO         2829    i.HAL_TIM_PeriodElapsedCallback  main.o
    0x08003014   0x00000002   Code   RO          599    i.HAL_TIM_TriggerCallback  stm32f4xx_hal_tim.o
    0x08003016   0x00000002   PAD
    0x08003018   0x00000148   Code   RO         2152    i.HAL_UART_Init     stm32f4xx_hal_uart.o
    0x08003160   0x0000004c   Code   RO         3210    i.HAL_UART_MspInit  stm32f4xx_hal_msp.o
    0x080031ac   0x00000054   Code   RO         2830    i.MX_ADC1_Init      main.o
    0x08003200   0x00000054   Code   RO         2831    i.MX_ADC2_Init      main.o
    0x08003254   0x00000054   Code   RO         2832    i.MX_ADC3_Init      main.o
    0x080032a8   0x000001b4   Code   RO         2833    i.MX_GPIO_Init      main.o
    0x0800345c   0x00000064   Code   RO         3080    i.MX_LWIP_Init      lwip.o
    0x080034c0   0x00000020   Code   RO          278    i.NVIC_SetPriority  stm32f4xx_hal_cortex.o
    0x080034e0   0x00000002   Code   RO         3138    i.PendSV_Handler    stm32f4xx_it.o
    0x080034e2   0x00000002   Code   RO         3139    i.SVC_Handler       stm32f4xx_it.o
    0x080034e4   0x00000004   Code   RO         3140    i.SysTick_Handler   stm32f4xx_it.o
    0x080034e8   0x000000a0   Code   RO         2834    i.SystemClock_Config  main.o
    0x08003588   0x00000054   Code   RO         6083    i.SystemInit        system_stm32f4xx.o
    0x080035dc   0x0000000c   Code   RO         3141    i.TIM1_UP_TIM10_IRQHandler  stm32f4xx_it.o
    0x080035e8   0x000000c0   Code   RO          600    i.TIM_Base_SetConfig  stm32f4xx_hal_tim.o
    0x080036a8   0x00000014   Code   RO          607    i.TIM_ETR_SetConfig  stm32f4xx_hal_tim.o
    0x080036bc   0x00000010   Code   RO          608    i.TIM_ITRx_SetConfig  stm32f4xx_hal_tim.o
    0x080036cc   0x00000022   Code   RO          614    i.TIM_TI1_ConfigInputStage  stm32f4xx_hal_tim.o
    0x080036ee   0x00000024   Code   RO          616    i.TIM_TI2_ConfigInputStage  stm32f4xx_hal_tim.o
    0x08003712   0x00000002   PAD
    0x08003714   0x00000344   Code   RO         2174    i.UART_SetConfig    stm32f4xx_hal_uart.o
    0x08003a58   0x00000028   Code   RO         6179    i.__0sprintf$1      mc_w.l(printf1.o)
    0x08003a80   0x0000000e   Code   RO         6439    i.__scatterload_copy  mc_w.l(handlers.o)
    0x08003a8e   0x00000002   Code   RO         6440    i.__scatterload_null  mc_w.l(handlers.o)
    0x08003a90   0x0000000e   Code   RO         6441    i.__scatterload_zeroinit  mc_w.l(handlers.o)
    0x08003a9e   0x00000002   PAD
    0x08003aa0   0x00000154   Code   RO         6184    i._printf_core      mc_w.l(printf1.o)
    0x08003bf4   0x0000000a   Code   RO         6186    i._sputc            mc_w.l(printf1.o)
    0x08003bfe   0x00000002   PAD
    0x08003c00   0x0000001c   Code   RO         5995    i.arp_timer         lwip_timers.o
    0x08003c1c   0x00000002   Code   RO         2835    i.assert_failed     main.o
    0x08003c1e   0x0000001e   Code   RO         3338    i.dhcp_arp_reply    dhcp.o
    0x08003c3c   0x000000da   Code   RO         3339    i.dhcp_bind         dhcp.o
    0x08003d16   0x00000034   Code   RO         3340    i.dhcp_check        dhcp.o
    0x08003d4a   0x00000002   PAD
    0x08003d4c   0x000000b0   Code   RO         3342    i.dhcp_coarse_tmr   dhcp.o
    0x08003dfc   0x00000130   Code   RO         3343    i.dhcp_create_msg   dhcp.o
    0x08003f2c   0x00000084   Code   RO         3344    i.dhcp_decline      dhcp.o
    0x08003fb0   0x00000016   Code   RO         3345    i.dhcp_delete_msg   dhcp.o
    0x08003fc6   0x00000002   PAD
    0x08003fc8   0x000000c8   Code   RO         3346    i.dhcp_discover     dhcp.o
    0x08004090   0x00000034   Code   RO         3347    i.dhcp_fine_tmr     dhcp.o
    0x080040c4   0x00000064   Code   RO         3348    i.dhcp_handle_ack   dhcp.o
    0x08004128   0x00000020   Code   RO         3351    i.dhcp_option       dhcp.o
    0x08004148   0x00000010   Code   RO         3352    i.dhcp_option_byte  dhcp.o
    0x08004158   0x00000042   Code   RO         3353    i.dhcp_option_long  dhcp.o
    0x0800419a   0x00000022   Code   RO         3354    i.dhcp_option_short  dhcp.o
    0x080041bc   0x0000002c   Code   RO         3355    i.dhcp_option_trailer  dhcp.o
    0x080041e8   0x000001f8   Code   RO         3356    i.dhcp_parse_reply  dhcp.o
    0x080043e0   0x0000008c   Code   RO         3357    i.dhcp_rebind       dhcp.o
    0x0800446c   0x000000a4   Code   RO         3358    i.dhcp_reboot       dhcp.o
    0x08004510   0x00000108   Code   RO         3359    i.dhcp_recv         dhcp.o
    0x08004618   0x000000a4   Code   RO         3360    i.dhcp_release      dhcp.o
    0x080046bc   0x00000088   Code   RO         3361    i.dhcp_renew        dhcp.o
    0x08004744   0x000000f4   Code   RO         3362    i.dhcp_select       dhcp.o
    0x08004838   0x00000010   Code   RO         3363    i.dhcp_set_state    dhcp.o
    0x08004848   0x00000094   Code   RO         3365    i.dhcp_start        dhcp.o
    0x080048dc   0x00000026   Code   RO         3366    i.dhcp_stop         dhcp.o
    0x08004902   0x00000018   Code   RO         3367    i.dhcp_supplied_address  dhcp.o
    0x0800491a   0x00000066   Code   RO         3368    i.dhcp_timeout      dhcp.o
    0x08004980   0x0000001c   Code   RO         5996    i.dhcp_timer_coarse  lwip_timers.o
    0x0800499c   0x0000001c   Code   RO         5997    i.dhcp_timer_fine   lwip_timers.o
    0x080049b8   0x0000000c   Code   RO         4664    i.do_memp_free_pool  memp.o
    0x080049c4   0x000000ca   Code   RO         3671    i.etharp_arp_input  etharp.o
    0x08004a8e   0x00000002   PAD
    0x08004a90   0x00000030   Code   RO         3672    i.etharp_cleanup_netif  etharp.o
    0x08004ac0   0x000000dc   Code   RO         3674    i.etharp_find_entry  etharp.o
    0x08004b9c   0x00000024   Code   RO         3675    i.etharp_free_entry  etharp.o
    0x08004bc0   0x000000fc   Code   RO         3677    i.etharp_output     etharp.o
    0x08004cbc   0x0000005c   Code   RO         3678    i.etharp_output_to_arp_index  etharp.o
    0x08004d18   0x000000ec   Code   RO         3679    i.etharp_query      etharp.o
    0x08004e04   0x000000a0   Code   RO         3680    i.etharp_raw        etharp.o
    0x08004ea4   0x0000000c   Code   RO         3681    i.etharp_request    etharp.o
    0x08004eb0   0x00000020   Code   RO         3682    i.etharp_request_dst  etharp.o
    0x08004ed0   0x00000020   Code   RO         3683    i.etharp_send_ip    etharp.o
    0x08004ef0   0x00000060   Code   RO         3684    i.etharp_tmr        etharp.o
    0x08004f50   0x00000080   Code   RO         3685    i.etharp_update_arp_entry  etharp.o
    0x08004fd0   0x00000094   Code   RO         3686    i.ethernet_input    etharp.o
    0x08005064   0x00000028   Code   RO         2670    i.ethernetif_init   ethernetif.o
    0x0800508c   0x00000008   Code   RO         3956    i.icmp_dest_unreach  icmp.o
    0x08005094   0x000000e4   Code   RO         3957    i.icmp_input        icmp.o
    0x08005178   0x0000006c   Code   RO         3958    i.icmp_send_response  icmp.o
    0x080051e4   0x00000008   Code   RO         3959    i.icmp_time_exceeded  icmp.o
    0x080051ec   0x0000002e   Code   RO         3272    i.ip4_addr_isbroadcast_u32  ip4_addr.o
    0x0800521a   0x00000002   PAD
    0x0800521c   0x00000158   Code   RO         3997    i.ip4_frag          ip_frag.o
    0x08005374   0x00000190   Code   RO         4783    i.ip4_input         ip4.o
    0x08005504   0x0000001e   Code   RO         4785    i.ip4_output_if     ip4.o
    0x08005522   0x00000002   PAD
    0x08005524   0x000000a8   Code   RO         4786    i.ip4_output_if_src  ip4.o
    0x080055cc   0x00000190   Code   RO         3998    i.ip4_reass         ip_frag.o
    0x0800575c   0x0000005c   Code   RO         4787    i.ip4_route         ip4.o
    0x080057b8   0x00000008   Code   RO         3999    i.ip_frag_free_pbuf_custom_ref  ip_frag.o
    0x080057c0   0x000000ec   Code   RO         4000    i.ip_reass_chain_frag_into_datagram_and_validate  ip_frag.o
    0x080058ac   0x00000024   Code   RO         4001    i.ip_reass_dequeue_datagram  ip_frag.o
    0x080058d0   0x00000070   Code   RO         4002    i.ip_reass_free_complete_datagram  ip_frag.o
    0x08005940   0x00000080   Code   RO         4003    i.ip_reass_remove_oldest_datagram  ip_frag.o
    0x080059c0   0x0000001c   Code   RO         5998    i.ip_reass_timer    lwip_timers.o
    0x080059dc   0x0000002c   Code   RO         4004    i.ip_reass_tmr      ip_frag.o
    0x08005a08   0x00000016   Code   RO         4005    i.ipfrag_free_pbuf_custom  ip_frag.o
    0x08005a1e   0x00000002   PAD
    0x08005a20   0x00000100   Code   RO         2672    i.low_level_init    ethernetif.o
    0x08005b20   0x000000a8   Code   RO         2674    i.low_level_output  ethernetif.o
    0x08005bc8   0x00000004   Code   RO         5881    i.lwip_htonl        def.o
    0x08005bcc   0x00000004   Code   RO         5882    i.lwip_htons        def.o
    0x08005bd0   0x0000001e   Code   RO         4122    i.lwip_init         init.o
    0x08005bee   0x00000004   Code   RO         5883    i.lwip_ntohl        def.o
    0x08005bf2   0x00000004   Code   RO         5884    i.lwip_ntohs        def.o
    0x08005bf6   0x00000002   PAD
    0x08005bf8   0x000000f8   Code   RO         2837    i.main              main.o
    0x08005cf0   0x0000002c   Code   RO         3789    i.mem_free          mem.o
    0x08005d1c   0x00000034   Code   RO         3790    i.mem_init          mem.o
    0x08005d50   0x000000a8   Code   RO         3791    i.mem_malloc        mem.o
    0x08005df8   0x000000cc   Code   RO         3792    i.mem_trim          mem.o
    0x08005ec4   0x00000014   Code   RO         4665    i.memp_free         memp.o
    0x08005ed8   0x00000028   Code   RO         4667    i.memp_init         memp.o
    0x08005f00   0x0000002a   Code   RO         4668    i.memp_init_pool    memp.o
    0x08005f2a   0x00000002   PAD
    0x08005f2c   0x00000018   Code   RO         4669    i.memp_malloc       memp.o
    0x08005f44   0x0000000e   Code   RO         4670    i.memp_malloc_pool  memp.o
    0x08005f52   0x00000002   PAD
    0x08005f54   0x00000050   Code   RO         5774    i.netif_add         netif.o
    0x08005fa4   0x00000002   Code   RO         5776    i.netif_init        netif.o
    0x08005fa6   0x0000001a   Code   RO         5777    i.netif_issue_reports  netif.o
    0x08005fc0   0x00000020   Code   RO         5779    i.netif_set_addr    netif.o
    0x08005fe0   0x0000000c   Code   RO         5780    i.netif_set_default  netif.o
    0x08005fec   0x0000001a   Code   RO         5781    i.netif_set_down    netif.o
    0x08006006   0x00000008   Code   RO         5782    i.netif_set_gw      netif.o
    0x0800600e   0x00000002   PAD
    0x08006010   0x00000044   Code   RO         5783    i.netif_set_ipaddr  netif.o
    0x08006054   0x00000008   Code   RO         5786    i.netif_set_netmask  netif.o
    0x0800605c   0x0000001c   Code   RO         5787    i.netif_set_up      netif.o
    0x08006078   0x00000128   Code   RO         5235    i.pbuf_alloc        pbuf.o
    0x080061a0   0x00000052   Code   RO         5236    i.pbuf_alloced_custom  pbuf.o
    0x080061f2   0x00000028   Code   RO         5237    i.pbuf_cat          pbuf.o
    0x0800621a   0x00000012   Code   RO         5238    i.pbuf_chain        pbuf.o
    0x0800622c   0x00000012   Code   RO         5239    i.pbuf_clen         pbuf.o
    0x0800623e   0x0000009a   Code   RO         5241    i.pbuf_copy         pbuf.o
    0x080062d8   0x00000068   Code   RO         5242    i.pbuf_copy_partial  pbuf.o
    0x08006340   0x00000050   Code   RO         5244    i.pbuf_free         pbuf.o
    0x08006390   0x00000006   Code   RO         5247    i.pbuf_header       pbuf.o
    0x08006396   0x00000006   Code   RO         5248    i.pbuf_header_force  pbuf.o
    0x0800639c   0x00000064   Code   RO         5249    i.pbuf_header_impl  pbuf.o
    0x08006400   0x00000054   Code   RO         5253    i.pbuf_realloc      pbuf.o
    0x08006454   0x0000000c   Code   RO         5254    i.pbuf_ref          pbuf.o
    0x08006460   0x00000052   Code   RO         5257    i.pbuf_take         pbuf.o
    0x080064b2   0x00000002   PAD
    0x080064b4   0x00000054   Code   RO         3793    i.plug_holes        mem.o
    0x08006508   0x00000004   Code   RO         2676    i.sys_now           ethernetif.o
    0x0800650c   0x00000084   Code   RO         6001    i.sys_timeout       lwip_timers.o
    0x08006590   0x00000050   Code   RO         6002    i.sys_timeouts_init  lwip_timers.o
    0x080065e0   0x000000d4   Code   RO         4189    i.tcp_abandon       tcp.o
    0x080066b4   0x00000006   Code   RO         4190    i.tcp_abort         tcp.o
    0x080066ba   0x00000002   PAD
    0x080066bc   0x0000011c   Code   RO         4193    i.tcp_alloc         tcp.o
    0x080067d8   0x00000004   Code   RO         4194    i.tcp_arg           tcp.o
    0x080067dc   0x00000014   Code   RO         4196    i.tcp_close         tcp.o
    0x080067f0   0x0000013c   Code   RO         4197    i.tcp_close_shutdown  tcp.o
    0x0800692c   0x000000e4   Code   RO         4198    i.tcp_connect       tcp.o
    0x08006a10   0x00000098   Code   RO         5634    i.tcp_create_segment  tcp_out.o
    0x08006aa8   0x00000034   Code   RO         2842    i.tcp_echoclient_connect  main.o
    0x08006adc   0x000000c8   Code   RO         2843    i.tcp_echoclient_connected  main.o
    0x08006ba4   0x00000030   Code   RO         2844    i.tcp_echoclient_connection_close  main.o
    0x08006bd4   0x00000030   Code   RO         2845    i.tcp_echoclient_poll  main.o
    0x08006c04   0x00000074   Code   RO         2846    i.tcp_echoclient_recv  main.o
    0x08006c78   0x0000003e   Code   RO         2847    i.tcp_echoclient_send  main.o
    0x08006cb6   0x00000014   Code   RO         2848    i.tcp_echoclient_sent  main.o
    0x08006cca   0x00000022   Code   RO         4200    i.tcp_eff_send_mss_impl  tcp.o
    0x08006cec   0x000000a2   Code   RO         5635    i.tcp_enqueue_flags  tcp_out.o
    0x08006d8e   0x00000002   PAD
    0x08006d90   0x00000060   Code   RO         4202    i.tcp_fasttmr       tcp.o
    0x08006df0   0x00000030   Code   RO         3550    i.tcp_getoptbyte    tcp_in.o
    0x08006e20   0x00000002   Code   RO         4203    i.tcp_init          tcp.o
    0x08006e22   0x00000002   PAD
    0x08006e24   0x0000035c   Code   RO         3551    i.tcp_input         tcp_in.o
    0x08007180   0x00000052   Code   RO         5636    i.tcp_keepalive     tcp_out.o
    0x080071d2   0x00000002   PAD
    0x080071d4   0x0000003c   Code   RO         4204    i.tcp_kill_state    tcp.o
    0x08007210   0x000000e0   Code   RO         3552    i.tcp_listen_input  tcp_in.o
    0x080072f0   0x00000048   Code   RO         4206    i.tcp_netif_ipv4_addr_changed  tcp.o
    0x08007338   0x00000022   Code   RO         4207    i.tcp_netif_ipv4_addr_changed_pcblist  tcp.o
    0x0800735a   0x00000006   Code   RO         4208    i.tcp_new           tcp.o
    0x08007360   0x0000005c   Code   RO         4209    i.tcp_new_port      tcp.o
    0x080073bc   0x00000010   Code   RO         4210    i.tcp_next_iss      tcp.o
    0x080073cc   0x00000078   Code   RO         3553    i.tcp_oos_insert_segment  tcp_in.o
    0x08007444   0x000001a0   Code   RO         5637    i.tcp_output        tcp_out.o
    0x080075e4   0x0000006a   Code   RO         5638    i.tcp_output_alloc_header  tcp_out.o
    0x0800764e   0x00000002   PAD
    0x08007650   0x000000bc   Code   RO         5639    i.tcp_output_segment  tcp_out.o
    0x0800770c   0x00000090   Code   RO         3554    i.tcp_parseopt      tcp_in.o
    0x0800779c   0x0000004e   Code   RO         5640    i.tcp_pbuf_prealloc  tcp_out.o
    0x080077ea   0x00000042   Code   RO         4211    i.tcp_pcb_purge     tcp.o
    0x0800782c   0x00000050   Code   RO         4212    i.tcp_pcb_remove    tcp.o
    0x0800787c   0x0000000a   Code   RO         4213    i.tcp_poll          tcp.o
    0x08007886   0x00000002   PAD
    0x08007888   0x0000036c   Code   RO         3555    i.tcp_process       tcp_in.o
    0x08007bf4   0x0000006a   Code   RO         4214    i.tcp_process_refused_data  tcp.o
    0x08007c5e   0x00000002   PAD
    0x08007c60   0x000006f4   Code   RO         3556    i.tcp_receive       tcp_in.o
    0x08008354   0x00000006   Code   RO         4215    i.tcp_recv          tcp.o
    0x0800835a   0x00000024   Code   RO         4216    i.tcp_recv_null     tcp.o
    0x0800837e   0x00000042   Code   RO         4217    i.tcp_recved        tcp.o
    0x080083c0   0x00000052   Code   RO         5641    i.tcp_rexmit        tcp_out.o
    0x08008412   0x00000058   Code   RO         5642    i.tcp_rexmit_fast   tcp_out.o
    0x0800846a   0x0000002e   Code   RO         5643    i.tcp_rexmit_rto    tcp_out.o
    0x08008498   0x00000080   Code   RO         5644    i.tcp_rst           tcp_out.o
    0x08008518   0x00000028   Code   RO         4218    i.tcp_seg_copy      tcp.o
    0x08008540   0x0000001c   Code   RO         4219    i.tcp_seg_free      tcp.o
    0x0800855c   0x00000012   Code   RO         4220    i.tcp_segs_free     tcp.o
    0x0800856e   0x00000072   Code   RO         5645    i.tcp_send_empty_ack  tcp_out.o
    0x080085e0   0x00000044   Code   RO         5646    i.tcp_send_fin      tcp_out.o
    0x08008624   0x00000004   Code   RO         4221    i.tcp_sent          tcp.o
    0x08008628   0x00000288   Code   RO         4224    i.tcp_slowtmr       tcp.o
    0x080088b0   0x00000034   Code   RO         6005    i.tcp_timer_needed  lwip_timers.o
    0x080088e4   0x00000068   Code   RO         3557    i.tcp_timewait_input  tcp_in.o
    0x0800894c   0x00000020   Code   RO         4225    i.tcp_tmr           tcp.o
    0x0800896c   0x00000010   Code   RO         3558    i.tcp_trigger_input_pcb_close  tcp_in.o
    0x0800897c   0x00000034   Code   RO         4227    i.tcp_update_rcv_ann_wnd  tcp.o
    0x080089b0   0x000002e0   Code   RO         5647    i.tcp_write         tcp_out.o
    0x08008c90   0x000000a2   Code   RO         5648    i.tcp_zero_window_probe  tcp_out.o
    0x08008d32   0x00000002   PAD
    0x08008d34   0x00000038   Code   RO         6006    i.tcpip_tcp_timer   lwip_timers.o
    0x08008d6c   0x000000b0   Code   RO         4978    i.udp_bind          udp.o
    0x08008e1c   0x00000054   Code   RO         4979    i.udp_connect       udp.o
    0x08008e70   0x00000002   Code   RO         4981    i.udp_init          udp.o
    0x08008e72   0x00000002   PAD
    0x08008e74   0x0000013c   Code   RO         4982    i.udp_input         udp.o
    0x08008fb0   0x00000030   Code   RO         4983    i.udp_netif_ipv4_addr_changed  udp.o
    0x08008fe0   0x0000001a   Code   RO         4984    i.udp_new           udp.o
    0x08008ffa   0x00000006   Code   RO         4985    i.udp_recv          udp.o
    0x08009000   0x00000030   Code   RO         4986    i.udp_remove        udp.o
    0x08009030   0x0000002c   Code   RO         4989    i.udp_sendto_if     udp.o
    0x0800905c   0x0000009e   Code   RO         4990    i.udp_sendto_if_src  udp.o
    0x080090fa   0x00000010   Data   RO         1159    .constdata          stm32f4xx_hal_rcc.o
    0x0800910a   0x00000008   Data   RO         1875    .constdata          stm32f4xx_hal_dma.o
    0x08009112   0x00000002   PAD
    0x08009114   0x00000004   Data   RO         3279    .constdata          ip4_addr.o
    0x08009118   0x00000004   Data   RO         3280    .constdata          ip4_addr.o
    0x0800911c   0x0000000c   Data   RO         3688    .constdata          etharp.o
    0x08009128   0x00000054   Data   RO         4228    .constdata          tcp.o
    0x0800917c   0x0000000c   Data   RO         4680    .constdata          memp.o
    0x08009188   0x0000000c   Data   RO         4681    .constdata          memp.o
    0x08009194   0x0000000c   Data   RO         4682    .constdata          memp.o
    0x080091a0   0x0000000c   Data   RO         4683    .constdata          memp.o
    0x080091ac   0x0000000c   Data   RO         4684    .constdata          memp.o
    0x080091b8   0x0000000c   Data   RO         4685    .constdata          memp.o
    0x080091c4   0x0000000c   Data   RO         4686    .constdata          memp.o
    0x080091d0   0x0000000c   Data   RO         4687    .constdata          memp.o
    0x080091dc   0x0000000c   Data   RO         4688    .constdata          memp.o
    0x080091e8   0x00000075   Data   RO         4229    .conststring        tcp.o
    0x0800925d   0x00000003   PAD
    0x08009260   0x00000020   Data   RO         6437    Region$$Table       anon$$obj.o


    Execution Region RW_IRAM1 (Base: 0x20000000, Size: 0x0000cfb0, Max: 0x00020000, ABSOLUTE)

    Base Addr    Size         Type   Attr      Idx    E Section Name        Object

    0x20000000   0x00000004   Data   RW         1734    .data               stm32f4xx_hal.o
    0x20000004   0x0000000c   Data   RW         2854    .data               main.o
    0x20000010   0x0000000c   Data   RW         3085    .data               lwip.o
    0x2000001c   0x00000008   Data   RW         3370    .data               dhcp.o
    0x20000024   0x00000020   Data   RW         3560    .data               tcp_in.o
    0x20000044   0x00000001   Data   RW         3689    .data               etharp.o
    0x20000045   0x00000003   PAD
    0x20000048   0x0000000c   Data   RW         3795    .data               mem.o
    0x20000054   0x00000008   Data   RW         4006    .data               ip_frag.o
    0x2000005c   0x00000020   Data   RW         4230    .data               tcp.o
    0x2000007c   0x00000024   Data   RW         4689    .data               memp.o
    0x200000a0   0x00000004   Data   RW         4690    .data               memp.o
    0x200000a4   0x00000004   Data   RW         4691    .data               memp.o
    0x200000a8   0x00000004   Data   RW         4692    .data               memp.o
    0x200000ac   0x00000004   Data   RW         4693    .data               memp.o
    0x200000b0   0x00000004   Data   RW         4694    .data               memp.o
    0x200000b4   0x00000004   Data   RW         4695    .data               memp.o
    0x200000b8   0x00000004   Data   RW         4696    .data               memp.o
    0x200000bc   0x00000004   Data   RW         4697    .data               memp.o
    0x200000c0   0x00000004   Data   RW         4698    .data               memp.o
    0x200000c4   0x00000002   Data   RW         4790    .data               ip4.o
    0x200000c6   0x00000002   PAD
    0x200000c8   0x00000008   Data   RW         4991    .data               udp.o
    0x200000d0   0x00000001   Data   RW         5259    .data               pbuf.o
    0x200000d1   0x00000003   PAD
    0x200000d4   0x0000000c   Data   RW         5788    .data               netif.o
    0x200000e0   0x0000000c   Data   RW         6007    .data               lwip_timers.o
    0x200000ec   0x00000004   Data   RW         6085    .data               system_stm32f4xx.o
    0x200000f0   0x00000004   Data   RW         6120    .data               mc_w.l(rand.o)
    0x200000f4   0x000030e8   Zero   RW         2677    .bss                ethernetif.o
    0x200031dc   0x000061f4   Zero   RW         2849    .bss                main.o
    0x200093d0   0x00000060   Zero   RW         2850    .bss                main.o
    0x20009430   0x00000060   Zero   RW         2851    .bss                main.o
    0x20009490   0x00000060   Zero   RW         2852    .bss                main.o
    0x200094f0   0x0000003c   Zero   RW         3043    .bss                stm32f4xx_hal_timebase_tim.o
    0x2000952c   0x00000034   Zero   RW         3082    .bss                lwip.o
    0x20009560   0x00000032   Zero   RW         3369    .bss                dhcp.o
    0x20009592   0x00000002   PAD
    0x20009594   0x00000010   Zero   RW         3559    .bss                tcp_in.o
    0x200095a4   0x000000f0   Zero   RW         3687    .bss                etharp.o
    0x20009694   0x00000654   Zero   RW         3794    .bss                mem.o
    0x20009ce8   0x00000080   Zero   RW         4671    .bss                memp.o
    0x20009d68   0x000002f8   Zero   RW         4672    .bss                memp.o
    0x2000a060   0x000000e0   Zero   RW         4673    .bss                memp.o
    0x2000a140   0x00000100   Zero   RW         4674    .bss                memp.o
    0x2000a240   0x000000a0   Zero   RW         4675    .bss                memp.o
    0x2000a2e0   0x00000168   Zero   RW         4676    .bss                memp.o
    0x2000a448   0x00000050   Zero   RW         4677    .bss                memp.o
    0x2000a498   0x00000100   Zero   RW         4678    .bss                memp.o
    0x2000a598   0x00002600   Zero   RW         4679    .bss                memp.o
    0x2000cb98   0x00000018   Zero   RW         4789    .bss                ip4.o
    0x2000cbb0   0x00000400   Zero   RW         3262    STACK               startup_stm32f407xx.o


==============================================================================

Image component sizes


      Code (inc. data)   RO Data    RW Data    ZI Data      Debug   Object Name

        16          0          0          0          0       2808   def.o
      3422         98          0          8         50      24430   dhcp.o
      1694         68         12          1        240      16240   etharp.o
       640         52          0          0      12520      20112   ethernetif.o
       352          6          0          0          0       3870   icmp.o
        30          0          0          0          0      10343   init.o
       690         26          0          2         24       8550   ip4.o
        46          0          8          0          0       6398   ip4_addr.o
      1330         36          0          8          0      10958   ip_frag.o
       100         18          0         12         52       7394   lwip.o
       432         84          0         12          0       5481   lwip_timers.o
      1666        168          0         12      25364      25624   main.o
       552         30          0         12       1620       5489   mem.o
       152         16        108         72      11952      10197   memp.o
       290         16          0         12          0       9615   netif.o
      1082         18          0          1          0      14687   pbuf.o
        36          8        392          0       1024        840   startup_stm32f407xx.o
       102         16          0          4          0       3796   stm32f4xx_hal.o
      1400        210          0          0          0       3123   stm32f4xx_hal_adc.o
       566        256          0          0          0      32665   stm32f4xx_hal_cortex.o
      1280         86          8          0          0       4404   stm32f4xx_hal_dma.o
      2182        238          0          0          0     380791   stm32f4xx_hal_eth.o
       892        194          0          0          0       2820   stm32f4xx_hal_gpio.o
       528         64          0          0          0       3318   stm32f4xx_hal_msp.o
      1968        198         16          0          0       7096   stm32f4xx_hal_rcc.o
      2438        368          0          0          0      10707   stm32f4xx_hal_tim.o
       316         98          0          0          0       2514   stm32f4xx_hal_tim_ex.o
       116         16          0          0         60       1556   stm32f4xx_hal_timebase_tim.o
      1164        160          0          0          0       2260   stm32f4xx_hal_uart.o
        68         30          0          0          0       3987   stm32f4xx_it.o
        84         18          0          4          0       1453   system_stm32f4xx.o
      2674         90        201         32          0      35114   tcp.o
      4172        126          0         32         16      22251   tcp_in.o
      2608          8          0          0          0      17339   tcp_out.o
       908         32          0          8          0      16495   udp.o

    ----------------------------------------------------------------------
     36050       2852        782        240      52924     734725   Object Totals
         0          0         32          0          0          0   (incl. Generated)
        54          0          5          8          2          0   (incl. Padding)

    ----------------------------------------------------------------------

      Code (inc. data)   RO Data    RW Data    ZI Data      Debug   Library Member Name

         0          0          0          0          0          0   entry.o
         0          0          0          0          0          0   entry10a.o
         0          0          0          0          0          0   entry11a.o
         8          4          0          0          0          0   entry2.o
         4          0          0          0          0          0   entry5.o
         0          0          0          0          0          0   entry7b.o
         0          0          0          0          0          0   entry8b.o
         8          4          0          0          0          0   entry9a.o
        30          0          0          0          0          0   handlers.o
        36          8          0          0          0         68   init.o
        26          0          0          0          0         80   memcmp.o
        36          0          0          0          0         68   memcpya.o
        36          0          0          0          0        108   memseta.o
       390         10          0          0          0        252   printf1.o
        36         10          0          4          0        136   rand.o
        14          0          0          0          0         68   strlen.o
        44          0          0          0          0         80   uidiv.o

    ----------------------------------------------------------------------
       672         36          0          4          0        860   Library Totals
         4          0          0          0          0          0   (incl. Padding)

    ----------------------------------------------------------------------

      Code (inc. data)   RO Data    RW Data    ZI Data      Debug   Library Name

       668         36          0          4          0        860   mc_w.l

    ----------------------------------------------------------------------
       672         36          0          4          0        860   Library Totals

    ----------------------------------------------------------------------

==============================================================================


      Code (inc. data)   RO Data    RW Data    ZI Data      Debug   

     36722       2888        782        244      52924     709677   Grand Totals
     36722       2888        782        244      52924     709677   ELF Image Totals
     36722       2888        782        244          0          0   ROM Totals

==============================================================================

    Total RO  Size (Code + RO Data)                37504 (  36.63kB)
    Total RW  Size (RW Data + ZI Data)             53168 (  51.92kB)
    Total ROM Size (Code + RO Data + RW Data)      37748 (  36.86kB)

==============================================================================

