Component: ARM Compiler 5.06 update 2 (build 183) Tool: armlink [4d35b7]

==============================================================================

Section Cross References

    stm32f4xx_hal_eth.o(i.ETH_Delay) refers to system_stm32f4xx.o(.data) for SystemCoreClock
    stm32f4xx_hal_eth.o(i.ETH_FlushTransmitFIFO) refers to stm32f4xx_hal_eth.o(i.ETH_Delay) for ETH_Delay
    stm32f4xx_hal_eth.o(i.ETH_MACDMAConfig) refers to stm32f4xx_hal.o(i.HAL_Delay) for HAL_Delay
    stm32f4xx_hal_eth.o(i.HAL_ETH_ConfigDMA) refers to main.o(i.assert_failed) for assert_failed
    stm32f4xx_hal_eth.o(i.HAL_ETH_ConfigDMA) refers to stm32f4xx_hal.o(i.HAL_Delay) for HAL_Delay
    stm32f4xx_hal_eth.o(i.HAL_ETH_ConfigMAC) refers to main.o(i.assert_failed) for assert_failed
    stm32f4xx_hal_eth.o(i.HAL_ETH_ConfigMAC) refers to stm32f4xx_hal.o(i.HAL_Delay) for HAL_Delay
    stm32f4xx_hal_eth.o(i.HAL_ETH_DeInit) refers to ethernetif.o(i.HAL_ETH_MspDeInit) for HAL_ETH_MspDeInit
    stm32f4xx_hal_eth.o(i.HAL_ETH_IRQHandler) refers to stm32f4xx_hal_eth.o(i.HAL_ETH_RxCpltCallback) for HAL_ETH_RxCpltCallback
    stm32f4xx_hal_eth.o(i.HAL_ETH_IRQHandler) refers to stm32f4xx_hal_eth.o(i.HAL_ETH_TxCpltCallback) for HAL_ETH_TxCpltCallback
    stm32f4xx_hal_eth.o(i.HAL_ETH_IRQHandler) refers to stm32f4xx_hal_eth.o(i.HAL_ETH_ErrorCallback) for HAL_ETH_ErrorCallback
    stm32f4xx_hal_eth.o(i.HAL_ETH_Init) refers to main.o(i.assert_failed) for assert_failed
    stm32f4xx_hal_eth.o(i.HAL_ETH_Init) refers to ethernetif.o(i.HAL_ETH_MspInit) for HAL_ETH_MspInit
    stm32f4xx_hal_eth.o(i.HAL_ETH_Init) refers to stm32f4xx_hal.o(i.HAL_GetTick) for HAL_GetTick
    stm32f4xx_hal_eth.o(i.HAL_ETH_Init) refers to stm32f4xx_hal_rcc.o(i.HAL_RCC_GetHCLKFreq) for HAL_RCC_GetHCLKFreq
    stm32f4xx_hal_eth.o(i.HAL_ETH_Init) refers to stm32f4xx_hal_eth.o(i.HAL_ETH_WritePHYRegister) for HAL_ETH_WritePHYRegister
    stm32f4xx_hal_eth.o(i.HAL_ETH_Init) refers to stm32f4xx_hal.o(i.HAL_Delay) for HAL_Delay
    stm32f4xx_hal_eth.o(i.HAL_ETH_Init) refers to stm32f4xx_hal_eth.o(i.HAL_ETH_ReadPHYRegister) for HAL_ETH_ReadPHYRegister
    stm32f4xx_hal_eth.o(i.HAL_ETH_Init) refers to stm32f4xx_hal_eth.o(i.ETH_MACDMAConfig) for ETH_MACDMAConfig
    stm32f4xx_hal_eth.o(i.HAL_ETH_ReadPHYRegister) refers to main.o(i.assert_failed) for assert_failed
    stm32f4xx_hal_eth.o(i.HAL_ETH_ReadPHYRegister) refers to stm32f4xx_hal.o(i.HAL_GetTick) for HAL_GetTick
    stm32f4xx_hal_eth.o(i.HAL_ETH_Start) refers to stm32f4xx_hal_eth.o(i.ETH_Delay) for ETH_Delay
    stm32f4xx_hal_eth.o(i.HAL_ETH_Start) refers to stm32f4xx_hal_eth.o(i.ETH_FlushTransmitFIFO) for ETH_FlushTransmitFIFO
    stm32f4xx_hal_eth.o(i.HAL_ETH_Stop) refers to stm32f4xx_hal_eth.o(i.ETH_Delay) for ETH_Delay
    stm32f4xx_hal_eth.o(i.HAL_ETH_Stop) refers to stm32f4xx_hal_eth.o(i.ETH_FlushTransmitFIFO) for ETH_FlushTransmitFIFO
    stm32f4xx_hal_eth.o(i.HAL_ETH_WritePHYRegister) refers to main.o(i.assert_failed) for assert_failed
    stm32f4xx_hal_eth.o(i.HAL_ETH_WritePHYRegister) refers to stm32f4xx_hal.o(i.HAL_GetTick) for HAL_GetTick
    stm32f4xx_hal_cortex.o(i.HAL_MPU_ConfigRegion) refers to main.o(i.assert_failed) for assert_failed
    stm32f4xx_hal_cortex.o(i.HAL_NVIC_ClearPendingIRQ) refers to main.o(i.assert_failed) for assert_failed
    stm32f4xx_hal_cortex.o(i.HAL_NVIC_DisableIRQ) refers to main.o(i.assert_failed) for assert_failed
    stm32f4xx_hal_cortex.o(i.HAL_NVIC_EnableIRQ) refers to main.o(i.assert_failed) for assert_failed
    stm32f4xx_hal_cortex.o(i.HAL_NVIC_GetActive) refers to main.o(i.assert_failed) for assert_failed
    stm32f4xx_hal_cortex.o(i.HAL_NVIC_GetPendingIRQ) refers to main.o(i.assert_failed) for assert_failed
    stm32f4xx_hal_cortex.o(i.HAL_NVIC_GetPriority) refers to main.o(i.assert_failed) for assert_failed
    stm32f4xx_hal_cortex.o(i.HAL_NVIC_SetPendingIRQ) refers to main.o(i.assert_failed) for assert_failed
    stm32f4xx_hal_cortex.o(i.HAL_NVIC_SetPriority) refers to main.o(i.assert_failed) for assert_failed
    stm32f4xx_hal_cortex.o(i.HAL_NVIC_SetPriority) refers to stm32f4xx_hal_cortex.o(i.NVIC_SetPriority) for NVIC_SetPriority
    stm32f4xx_hal_cortex.o(i.HAL_NVIC_SetPriorityGrouping) refers to main.o(i.assert_failed) for assert_failed
    stm32f4xx_hal_cortex.o(i.HAL_SYSTICK_CLKSourceConfig) refers to main.o(i.assert_failed) for assert_failed
    stm32f4xx_hal_cortex.o(i.HAL_SYSTICK_Config) refers to stm32f4xx_hal_cortex.o(i.NVIC_SetPriority) for NVIC_SetPriority
    stm32f4xx_hal_cortex.o(i.HAL_SYSTICK_IRQHandler) refers to stm32f4xx_hal_cortex.o(i.HAL_SYSTICK_Callback) for HAL_SYSTICK_Callback
    stm32f4xx_hal_rcc_ex.o(i.HAL_RCCEx_PeriphCLKConfig) refers to main.o(i.assert_failed) for assert_failed
    stm32f4xx_hal_rcc_ex.o(i.HAL_RCCEx_PeriphCLKConfig) refers to stm32f4xx_hal.o(i.HAL_GetTick) for HAL_GetTick
    stm32f4xx_hal_rcc_ex.o(i.HAL_RCC_DeInit) refers to system_stm32f4xx.o(.data) for SystemCoreClock
[...]
    i.pbuf_alloc                             0x08005e94   Section        0  pbuf.o(i.pbuf_alloc)
    i.pbuf_alloced_custom                    0x08005fbc   Section        0  pbuf.o(i.pbuf_alloced_custom)
    i.pbuf_cat                               0x0800600e   Section        0  pbuf.o(i.pbuf_cat)
    i.pbuf_chain                             0x08006036   Section        0  pbuf.o(i.pbuf_chain)
    i.pbuf_clen                              0x08006048   Section        0  pbuf.o(i.pbuf_clen)
    i.pbuf_copy                              0x0800605a   Section        0  pbuf.o(i.pbuf_copy)
    i.pbuf_copy_partial                      0x080060f4   Section        0  pbuf.o(i.pbuf_copy_partial)
    i.pbuf_free                              0x0800615c   Section        0  pbuf.o(i.pbuf_free)
    i.pbuf_header                            0x080061ac   Section        0  pbuf.o(i.pbuf_header)
    i.pbuf_header_force                      0x080061b2   Section        0  pbuf.o(i.pbuf_header_force)
    i.pbuf_header_impl                       0x080061b8   Section        0  pbuf.o(i.pbuf_header_impl)
    pbuf_header_impl                         0x080061b9   Thumb Code   100  pbuf.o(i.pbuf_header_impl)
    i.pbuf_realloc                           0x0800621c   Section        0  pbuf.o(i.pbuf_realloc)
    i.pbuf_ref                               0x08006270   Section        0  pbuf.o(i.pbuf_ref)
    i.plug_holes                             0x0800627c   Section        0  mem.o(i.plug_holes)
    plug_holes                               0x0800627d   Thumb Code    78  mem.o(i.plug_holes)
    i.sys_now                                0x080062d0   Section        0  ethernetif.o(i.sys_now)
    i.sys_timeout                            0x080062d4   Section        0  lwip_timers.o(i.sys_timeout)
    i.sys_timeouts_init                      0x08006358   Section        0  lwip_timers.o(i.sys_timeouts_init)
    i.tcp_abandon                            0x080063a8   Section        0  tcp.o(i.tcp_abandon)
    i.tcp_abort                              0x0800647c   Section        0  tcp.o(i.tcp_abort)
    i.tcp_alloc                              0x08006484   Section        0  tcp.o(i.tcp_alloc)
    i.tcp_close                              0x080065a0   Section        0  tcp.o(i.tcp_close)
    i.tcp_close_shutdown                     0x080065b4   Section        0  tcp.o(i.tcp_close_shutdown)
    tcp_close_shutdown                       0x080065b5   Thumb Code   308  tcp.o(i.tcp_close_shutdown)
    i.tcp_create_segment                     0x080066f0   Section        0  tcp_out.o(i.tcp_create_segment)
    tcp_create_segment                       0x080066f1   Thumb Code   152  tcp_out.o(i.tcp_create_segment)
    i.tcp_eff_send_mss_impl                  0x08006788   Section        0  tcp.o(i.tcp_eff_send_mss_impl)
    i.tcp_enqueue_flags                      0x080067aa   Section        0  tcp_out.o(i.tcp_enqueue_flags)
    i.tcp_fasttmr                            0x0800684c   Section        0  tcp.o(i.tcp_fasttmr)
    i.tcp_getoptbyte                         0x080068ac   Section        0  tcp_in.o(i.tcp_getoptbyte)
    tcp_getoptbyte                           0x080068ad   Thumb Code    42  tcp_in.o(i.tcp_getoptbyte)
    i.tcp_init                               0x080068dc   Section        0  tcp.o(i.tcp_init)
    i.tcp_input                              0x080068e0   Section        0  tcp_in.o(i.tcp_input)
    i.tcp_keepalive                          0x08006c3c   Section        0  tcp_out.o(i.tcp_keepalive)
    i.tcp_kill_state                         0x08006c90   Section        0  tcp.o(i.tcp_kill_state)
    tcp_kill_state                           0x08006c91   Thumb Code    56  tcp.o(i.tcp_kill_state)
    i.tcp_listen_input                       0x08006ccc   Section        0  tcp_in.o(i.tcp_listen_input)
    tcp_listen_input                         0x08006ccd   Thumb Code   208  tcp_in.o(i.tcp_listen_input)
    i.tcp_netif_ipv4_addr_changed            0x08006dac   Section        0  tcp.o(i.tcp_netif_ipv4_addr_changed)
    i.tcp_netif_ipv4_addr_changed_pcblist    0x08006df4   Section        0  tcp.o(i.tcp_netif_ipv4_addr_changed_pcblist)
    tcp_netif_ipv4_addr_changed_pcblist      0x08006df5   Thumb Code    34  tcp.o(i.tcp_netif_ipv4_addr_changed_pcblist)
    i.tcp_next_iss                           0x08006e18   Section        0  tcp.o(i.tcp_next_iss)
    i.tcp_oos_insert_segment                 0x08006e28   Section        0  tcp_in.o(i.tcp_oos_insert_segment)
    tcp_oos_insert_segment                   0x08006e29   Thumb Code   114  tcp_in.o(i.tcp_oos_insert_segment)
    i.tcp_output                             0x08006ea0   Section        0  tcp_out.o(i.tcp_output)
    i.tcp_output_alloc_header                0x08007040   Section        0  tcp_out.o(i.tcp_output_alloc_header)
    tcp_output_alloc_header                  0x08007041   Thumb Code   106  tcp_out.o(i.tcp_output_alloc_header)
    i.tcp_output_segment                     0x080070ac   Section        0  tcp_out.o(i.tcp_output_segment)
    tcp_output_segment                       0x080070ad   Thumb Code   184  tcp_out.o(i.tcp_output_segment)
    i.tcp_parseopt                           0x08007168   Section        0  tcp_in.o(i.tcp_parseopt)
    tcp_parseopt                             0x08007169   Thumb Code   140  tcp_in.o(i.tcp_parseopt)
    i.tcp_pcb_purge                          0x080071f8   Section        0  tcp.o(i.tcp_pcb_purge)
    i.tcp_pcb_remove                         0x0800723a   Section        0  tcp.o(i.tcp_pcb_remove)
    i.tcp_process                            0x0800728c   Section        0  tcp_in.o(i.tcp_process)
    tcp_process                              0x0800728d   Thumb Code   850  tcp_in.o(i.tcp_process)
    i.tcp_process_refused_data               0x080075f8   Section        0  tcp.o(i.tcp_process_refused_data)
    i.tcp_receive                            0x08007664   Section        0  tcp_in.o(i.tcp_receive)
    tcp_receive                              0x08007665   Thumb Code  1774  tcp_in.o(i.tcp_receive)
    i.tcp_recv_null                          0x08007d58   Section        0  tcp.o(i.tcp_recv_null)
    i.tcp_recved                             0x08007d7c   Section        0  tcp.o(i.tcp_recved)
    i.tcp_rexmit                             0x08007dbe   Section        0  tcp_out.o(i.tcp_rexmit)
    i.tcp_rexmit_fast                        0x08007e10   Section        0  tcp_out.o(i.tcp_rexmit_fast)
    i.tcp_rexmit_rto                         0x08007e68   Section        0  tcp_out.o(i.tcp_rexmit_rto)
    i.tcp_rst                                0x08007e96   Section        0  tcp_out.o(i.tcp_rst)
    i.tcp_seg_copy                           0x08007f16   Section        0  tcp.o(i.tcp_seg_copy)
    i.tcp_seg_free                           0x08007f3e   Section        0  tcp.o(i.tcp_seg_free)
    i.tcp_segs_free                          0x08007f5a   Section        0  tcp.o(i.tcp_segs_free)
    i.tcp_send_empty_ack                     0x08007f6c   Section        0  tcp_out.o(i.tcp_send_empty_ack)
    i.tcp_send_fin                           0x08007fde   Section        0  tcp_out.o(i.tcp_send_fin)
    i.tcp_slowtmr                            0x08008024   Section        0  tcp.o(i.tcp_slowtmr)
    i.tcp_timer_needed                       0x080082ac   Section        0  lwip_timers.o(i.tcp_timer_needed)
    i.tcp_timewait_input                     0x080082e0   Section        0  tcp_in.o(i.tcp_timewait_input)
    tcp_timewait_input                       0x080082e1   Thumb Code    92  tcp_in.o(i.tcp_timewait_input)
    i.tcp_tmr                                0x08008348   Section        0  tcp.o(i.tcp_tmr)
    i.tcp_trigger_input_pcb_close            0x08008368   Section        0  tcp_in.o(i.tcp_trigger_input_pcb_close)
    i.tcp_update_rcv_ann_wnd                 0x08008378   Section        0  tcp.o(i.tcp_update_rcv_ann_wnd)
    i.tcp_zero_window_probe                  0x080083ac   Section        0  tcp_out.o(i.tcp_zero_window_probe)
    i.tcpip_tcp_timer                        0x08008450   Section        0  lwip_timers.o(i.tcpip_tcp_timer)
    tcpip_tcp_timer                          0x08008451   Thumb Code    40  lwip_timers.o(i.tcpip_tcp_timer)
    i.udp_bind                               0x08008488   Section        0  udp.o(i.udp_bind)
    i.udp_connect                            0x08008538   Section        0  udp.o(i.udp_connect)
    i.udp_init                               0x0800858c   Section        0  udp.o(i.udp_init)
    i.udp_input                              0x08008590   Section        0  udp.o(i.udp_input)
    i.udp_netif_ipv4_addr_changed            0x080086cc   Section        0  udp.o(i.udp_netif_ipv4_addr_changed)
    i.udp_new                                0x080086fc   Section        0  udp.o(i.udp_new)
    i.udp_recv                               0x08008716   Section        0  udp.o(i.udp_recv)
    i.udp_remove                             0x0800871c   Section        0  udp.o(i.udp_remove)
    i.udp_sendto_if                          0x0800874c   Section        0  udp.o(i.udp_sendto_if)
    i.udp_sendto_if_src                      0x08008778   Section        0  udp.o(i.udp_sendto_if_src)
    .constdata                               0x08008816   Section       16  stm32f4xx_hal_rcc.o(.constdata)
    .constdata                               0x08008826   Section        8  stm32f4xx_hal_dma.o(.constdata)
    flagBitshiftOffset                       0x08008826   Data           8  stm32f4xx_hal_dma.o(.constdata)
    .constdata                               0x08008830   Section        4  ip4_addr.o(.constdata)
    .constdata                               0x08008834   Section        4  ip4_addr.o(.constdata)
    .constdata                               0x08008838   Section       12  etharp.o(.constdata)
    .constdata                               0x08008844   Section       84  tcp.o(.constdata)
    .constdata                               0x08008898   Section       12  memp.o(.constdata)
    .constdata                               0x080088a4   Section       12  memp.o(.constdata)
    .constdata                               0x080088b0   Section       12  memp.o(.constdata)
    .constdata                               0x080088bc   Section       12  memp.o(.constdata)
    .constdata                               0x080088c8   Section       12  memp.o(.constdata)
    .constdata                               0x080088d4   Section       12  memp.o(.constdata)
    .constdata                               0x080088e0   Section       12  memp.o(.constdata)
    .constdata                               0x080088ec   Section       12  memp.o(.constdata)
    .constdata                               0x080088f8   Section       12  memp.o(.constdata)
    .conststring                             0x08008904   Section      117  tcp.o(.conststring)
    .data                                    0x20000000   Section        4  stm32f4xx_hal.o(.data)
    .data                                    0x20000004   Section       12  lwip.o(.data)
    .data                                    0x20000010   Section        8  dhcp.o(.data)
    dhcp_discover_select_options             0x20000010   Data           4  dhcp.o(.data)
    xid                                      0x20000014   Data           4  dhcp.o(.data)
    .data                                    0x20000018   Section       32  tcp_in.o(.data)
    flags                                    0x20000018   Data           1  tcp_in.o(.data)
    recv_flags                               0x20000019   Data           1  tcp_in.o(.data)
    tcphdr_opt1len                           0x2000001a   Data           2  tcp_in.o(.data)
    tcp_optidx                               0x2000001c   Data           2  tcp_in.o(.data)
    tcplen                                   0x2000001e   Data           2  tcp_in.o(.data)
    tcphdr                                   0x20000020   Data           4  tcp_in.o(.data)
    tcphdr_opt2                              0x20000024   Data           4  tcp_in.o(.data)
    seqno                                    0x20000028   Data           4  tcp_in.o(.data)
    ackno                                    0x2000002c   Data           4  tcp_in.o(.data)
    recv_data                                0x20000030   Data           4  tcp_in.o(.data)
    .data                                    0x20000038   Section        1  etharp.o(.data)
    etharp_cached_entry                      0x20000038   Data           1  etharp.o(.data)
    .data                                    0x2000003c   Section       12  mem.o(.data)
    ram                                      0x2000003c   Data           4  mem.o(.data)
    ram_end                                  0x20000040   Data           4  mem.o(.data)
    lfree                                    0x20000044   Data           4  mem.o(.data)
    .data                                    0x20000048   Section        8  ip_frag.o(.data)
    ip_reass_pbufcount                       0x20000048   Data           2  ip_frag.o(.data)
    reassdatagrams                           0x2000004c   Data           4  ip_frag.o(.data)
    .data                                    0x20000050   Section       32  tcp.o(.data)
    tcp_timer                                0x20000051   Data           1  tcp.o(.data)
    tcp_timer_ctr                            0x20000052   Data           1  tcp.o(.data)
    tcp_port                                 0x20000054   Data           2  tcp.o(.data)
    iss                                      0x20000058   Data           4  tcp.o(.data)
    .data                                    0x20000070   Section       36  memp.o(.data)
    .data                                    0x20000094   Section        4  memp.o(.data)
    memp_tab_UDP_PCB                         0x20000094   Data           4  memp.o(.data)
    .data                                    0x20000098   Section        4  memp.o(.data)
    memp_tab_TCP_PCB                         0x20000098   Data           4  memp.o(.data)
    .data                                    0x2000009c   Section        4  memp.o(.data)
    memp_tab_TCP_PCB_LISTEN                  0x2000009c   Data           4  memp.o(.data)
    .data                                    0x200000a0   Section        4  memp.o(.data)
    memp_tab_TCP_SEG                         0x200000a0   Data           4  memp.o(.data)
    .data                                    0x200000a4   Section        4  memp.o(.data)
    memp_tab_REASSDATA                       0x200000a4   Data           4  memp.o(.data)
    .data                                    0x200000a8   Section        4  memp.o(.data)
    memp_tab_FRAG_PBUF                       0x200000a8   Data           4  memp.o(.data)
    .data                                    0x200000ac   Section        4  memp.o(.data)
    memp_tab_SYS_TIMEOUT                     0x200000ac   Data           4  memp.o(.data)
    .data                                    0x200000b0   Section        4  memp.o(.data)
    memp_tab_PBUF                            0x200000b0   Data           4  memp.o(.data)
    .data                                    0x200000b4   Section        4  memp.o(.data)
    memp_tab_PBUF_POOL                       0x200000b4   Data           4  memp.o(.data)
    .data                                    0x200000b8   Section        2  ip4.o(.data)
    ip_id                                    0x200000b8   Data           2  ip4.o(.data)
    .data                                    0x200000bc   Section        8  udp.o(.data)
    udp_port                                 0x200000bc   Data           2  udp.o(.data)
    .data                                    0x200000c4   Section        1  pbuf.o(.data)
    .data                                    0x200000c8   Section       12  netif.o(.data)
    netif_num                                0x200000c8   Data           1  netif.o(.data)
    .data                                    0x200000d4   Section       12  lwip_timers.o(.data)
    next_timeout                             0x200000d4   Data           4  lwip_timers.o(.data)
    timeouts_last_time                       0x200000d8   Data           4  lwip_timers.o(.data)
    tcpip_tcp_timer_active                   0x200000dc   Data           4  lwip_timers.o(.data)
    .data                                    0x200000e0   Section        4  system_stm32f4xx.o(.data)
    .data                                    0x200000e4   Section        4  rand.o(.data)
    _rand_state                              0x200000e4   Data           4  rand.o(.data)
    .bss                                     0x200000e8   Section    12520  ethernetif.o(.bss)
    .bss                                     0x200031d0   Section      340  main.o(.bss)
    .bss                                     0x20003324   Section       96  main.o(.bss)
    .bss                                     0x20003384   Section       96  main.o(.bss)
    .bss                                     0x200033e4   Section       96  main.o(.bss)
    .bss                                     0x20003444   Section       60  stm32f4xx_hal_timebase_tim.o(.bss)
    .bss                                     0x20003480   Section       52  lwip.o(.bss)
    .bss                                     0x200034b4   Section       50  dhcp.o(.bss)
    .bss                                     0x200034e8   Section       16  tcp_in.o(.bss)
    inseg                                    0x200034e8   Data          16  tcp_in.o(.bss)
    .bss                                     0x200034f8   Section      240  etharp.o(.bss)
    arp_table                                0x200034f8   Data         240  etharp.o(.bss)
    .bss                                     0x200035e8   Section     1620  mem.o(.bss)
    .bss                                     0x20003c3c   Section      128  memp.o(.bss)
    .bss                                     0x20003cbc   Section      760  memp.o(.bss)
    .bss                                     0x20003fb4   Section      224  memp.o(.bss)
    .bss                                     0x20004094   Section      256  memp.o(.bss)
    .bss                                     0x20004194   Section      160  memp.o(.bss)
    .bss                                     0x20004234   Section      360  memp.o(.bss)
    .bss                                     0x2000439c   Section       80  memp.o(.bss)
    .bss                                     0x200043ec   Section      256  memp.o(.bss)
    .bss                                     0x200044ec   Section     9728  memp.o(.bss)
    .bss                                     0x20006aec   Section       24  ip4.o(.bss)
    STACK                                    0x20006b08   Section     1024  startup_stm32f407xx.o(STACK)

    Global Symbols

    Symbol Name                              Value     Ov Type        Size  Object(Section)

    BuildAttributes$$THM_ISAv4$E$P$D$K$B$S$7EM$VFPi3$EXTD16$VFPS$VFMA$PE$A:L22UL41UL21$X:L11$S22US41US21$IEEE1$IW$USESV6$~STKCKD$USESV7$~SHL$OSPACE$EBA8$MICROLIB$REQ8$PRES8$EABIv2 0x00000000   Number         0  anon$$obj.o ABSOLUTE
    __ARM_use_no_argv                        0x00000000   Number         0  main.o ABSOLUTE
    __cpp_initialize__aeabi_                  - Undefined Weak Reference
    __cxa_finalize                            - Undefined Weak Reference
    __decompress                              - Undefined Weak Reference
    _clock_init                               - Undefined Weak Reference
    _microlib_exit                            - Undefined Weak Reference
    __Vectors_Size                           0x00000188   Number         0  startup_stm32f407xx.o ABSOLUTE
    __Vectors                                0x08000000   Data           4  startup_stm32f407xx.o(RESET)
    __Vectors_End                            0x08000188   Data           0  startup_stm32f407xx.o(RESET)
    __main                                   0x08000189   Thumb Code     0  entry.o(.ARM.Collect$$$$00000000)
    _main_stk                                0x08000189   Thumb Code     0  entry2.o(.ARM.Collect$$$$00000001)
    _main_scatterload                        0x0800018d   Thumb Code     0  entry5.o(.ARM.Collect$$$$00000004)
    __main_after_scatterload                 0x08000191   Thumb Code     0  entry5.o(.ARM.Collect$$$$00000004)
    _main_clock                              0x08000191   Thumb Code     0  entry7b.o(.ARM.Collect$$$$00000008)
    _main_cpp_init                           0x08000191   Thumb Code     0  entry8b.o(.ARM.Collect$$$$0000000A)
    _main_init                               0x08000191   Thumb Code     0  entry9a.o(.ARM.Collect$$$$0000000B)
    __rt_final_cpp                           0x08000199   Thumb Code     0  entry10a.o(.ARM.Collect$$$$0000000D)
    __rt_final_exit                          0x08000199   Thumb Code     0  entry11a.o(.ARM.Collect$$$$0000000F)
    Reset_Handler                            0x0800019d   Thumb Code     8  startup_stm32f407xx.o(.text)
    NMI_Handler                              0x080001a5   Thumb Code     2  startup_stm32f407xx.o(.text)
    HardFault_Handler                        0x080001a7   Thumb Code     2  startup_stm32f407xx.o(.text)
    MemManage_Handler                        0x080001a9   Thumb Code     2  startup_stm32f407xx.o(.text)
    BusFault_Handler                         0x080001ab   Thumb Code     2  startup_stm32f407xx.o(.text)
    UsageFault_Handler                       0x080001ad   Thumb Code     2  startup_stm32f407xx.o(.text)
    DebugMon_Handler                         0x080001b1   Thumb Code     2  startup_stm32f407xx.o(.text)
    ADC_IRQHandler                           0x080001b7   Thumb Code     0  startup_stm32f407xx.o(.text)
    CAN1_RX0_IRQHandler                      0x080001b7   Thumb Code     0  startup_stm32f407xx.o(.text)
    CAN1_RX1_IRQHandler                      0x080001b7   Thumb Code     0  startup_stm32f407xx.o(.text)
    CAN1_SCE_IRQHandler                      0x080001b7   Thumb Code     0  startup_stm32f407xx.o(.text)
    CAN1_TX_IRQHandler                       0x080001b7   Thumb Code     0  startup_stm32f407xx.o(.text)
    CAN2_RX0_IRQHandler                      0x080001b7   Thumb Code     0  startup_stm32f407xx.o(.text)
    CAN2_RX1_IRQHandler                      0x080001b7   Thumb Code     0  startup_stm32f407xx.o(.text)
    CAN2_SCE_IRQHandler                      0x080001b7   Thumb Code     0  startup_stm32f407xx.o(.text)
    CAN2_TX_IRQHandler                       0x080001b7   Thumb Code     0  startup_stm32f407xx.o(.text)
    DCMI_IRQHandler                          0x080001b7   Thumb Code     0  startup_stm32f407xx.o(.text)
    DMA1_Stream0_IRQHandler                  0x080001b7   Thumb Code     0  startup_stm32f407xx.o(.text)
    DMA1_Stream1_IRQHandler                  0x080001b7   Thumb Code     0  startup_stm32f407xx.o(.text)
    DMA1_Stream2_IRQHandler                  0x080001b7   Thumb Code     0  startup_stm32f407xx.o(.text)
    DMA1_Stream3_IRQHandler                  0x080001b7   Thumb Code     0  startup_stm32f407xx.o(.text)
    DMA1_Stream4_IRQHandler                  0x080001b7   Thumb Code     0  startup_stm32f407xx.o(.text)
    DMA1_Stream5_IRQHandler                  0x080001b7   Thumb Code     0  startup_stm32f407xx.o(.text)
    DMA1_Stream6_IRQHandler                  0x080001b7   Thumb Code     0  startup_stm32f407xx.o(.text)
    DMA1_Stream7_IRQHandler                  0x080001b7   Thumb Code     0  startup_stm32f407xx.o(.text)
    DMA2_Stream3_IRQHandler                  0x080001b7   Thumb Code     0  startup_stm32f407xx.o(.text)
    DMA2_Stream4_IRQHandler                  0x080001b7   Thumb Code     0  startup_stm32f407xx.o(.text)
    DMA2_Stream5_IRQHandler                  0x080001b7   Thumb Code     0  startup_stm32f407xx.o(.text)
    DMA2_Stream6_IRQHandler                  0x080001b7   Thumb Code     0  startup_stm32f407xx.o(.text)
    DMA2_Stream7_IRQHandler                  0x080001b7   Thumb Code     0  startup_stm32f407xx.o(.text)
    ETH_WKUP_IRQHandler                      0x080001b7   Thumb Code     0  startup_stm32f407xx.o(.text)
    EXTI0_IRQHandler                         0x080001b7   Thumb Code     0  startup_stm32f407xx.o(.text)
    EXTI15_10_IRQHandler                     0x080001b7   Thumb Code     0  startup_stm32f407xx.o(.text)
    EXTI1_IRQHandler                         0x080001b7   Thumb Code     0  startup_stm32f407xx.o(.text)
    EXTI2_IRQHandler                         0x080001b7   Thumb Code     0  startup_stm32f407xx.o(.text)
    EXTI3_IRQHandler                         0x080001b7   Thumb Code     0  startup_stm32f407xx.o(.text)
    EXTI4_IRQHandler                         0x080001b7   Thumb Code     0  startup_stm32f407xx.o(.text)
    EXTI9_5_IRQHandler                       0x080001b7   Thumb Code     0  startup_stm32f407xx.o(.text)
    FLASH_IRQHandler                         0x080001b7   Thumb Code     0  startup_stm32f407xx.o(.text)
    FMC_IRQHandler                           0x080001b7   Thumb Code     0  startup_stm32f407xx.o(.text)
    FPU_IRQHandler                           0x080001b7   Thumb Code     0  startup_stm32f407xx.o(.text)
    HASH_RNG_IRQHandler                      0x080001b7   Thumb Code     0  startup_stm32f407xx.o(.text)
    I2C1_ER_IRQHandler                       0x080001b7   Thumb Code     0  startup_stm32f407xx.o(.text)
    I2C1_EV_IRQHandler                       0x080001b7   Thumb Code     0  startup_stm32f407xx.o(.text)
    I2C2_ER_IRQHandler                       0x080001b7   Thumb Code     0  startup_stm32f407xx.o(.text)
    I2C2_EV_IRQHandler                       0x080001b7   Thumb Code     0  startup_stm32f407xx.o(.text)
    I2C3_ER_IRQHandler                       0x080001b7   Thumb Code     0  startup_stm32f407xx.o(.text)
    I2C3_EV_IRQHandler                       0x080001b7   Thumb Code     0  startup_stm32f407xx.o(.text)
    OTG_FS_IRQHandler                        0x080001b7   Thumb Code     0  startup_stm32f407xx.o(.text)
    OTG_FS_WKUP_IRQHandler                   0x080001b7   Thumb Code     0  startup_stm32f407xx.o(.text)
    OTG_HS_EP1_IN_IRQHandler                 0x080001b7   Thumb Code     0  startup_stm32f407xx.o(.text)
    OTG_HS_EP1_OUT_IRQHandler                0x080001b7   Thumb Code     0  startup_stm32f407xx.o(.text)
    OTG_HS_IRQHandler                        0x080001b7   Thumb Code     0  startup_stm32f407xx.o(.text)
    OTG_HS_WKUP_IRQHandler                   0x080001b7   Thumb Code     0  startup_stm32f407xx.o(.text)
    PVD_IRQHandler                           0x080001b7   Thumb Code     0  startup_stm32f407xx.o(.text)
    RCC_IRQHandler                           0x080001b7   Thumb Code     0  startup_stm32f407xx.o(.text)
    RTC_Alarm_IRQHandler                     0x080001b7   Thumb Code     0  startup_stm32f407xx.o(.text)
    RTC_WKUP_IRQHandler                      0x080001b7   Thumb Code     0  startup_stm32f407xx.o(.text)
    SDIO_IRQHandler                          0x080001b7   Thumb Code     0  startup_stm32f407xx.o(.text)
    SPI1_IRQHandler                          0x080001b7   Thumb Code     0  startup_stm32f407xx.o(.text)
    SPI2_IRQHandler                          0x080001b7   Thumb Code     0  startup_stm32f407xx.o(.text)
    SPI3_IRQHandler                          0x080001b7   Thumb Code     0  startup_stm32f407xx.o(.text)
    TAMP_STAMP_IRQHandler                    0x080001b7   Thumb Code     0  startup_stm32f407xx.o(.text)
    TIM1_BRK_TIM9_IRQHandler                 0x080001b7   Thumb Code     0  startup_stm32f407xx.o(.text)
    TIM1_CC_IRQHandler                       0x080001b7   Thumb Code     0  startup_stm32f407xx.o(.text)
    TIM1_TRG_COM_TIM11_IRQHandler            0x080001b7   Thumb Code     0  startup_stm32f407xx.o(.text)
    TIM2_IRQHandler                          0x080001b7   Thumb Code     0  startup_stm32f407xx.o(.text)
    TIM3_IRQHandler                          0x080001b7   Thumb Code     0  startup_stm32f407xx.o(.text)
    TIM4_IRQHandler                          0x080001b7   Thumb Code     0  startup_stm32f407xx.o(.text)
    TIM5_IRQHandler                          0x080001b7   Thumb Code     0  startup_stm32f407xx.o(.text)
    TIM6_DAC_IRQHandler                      0x080001b7   Thumb Code     0  startup_stm32f407xx.o(.text)
    TIM7_IRQHandler                          0x080001b7   Thumb Code     0  startup_stm32f407xx.o(.text)
    TIM8_BRK_TIM12_IRQHandler                0x080001b7   Thumb Code     0  startup_stm32f407xx.o(.text)
    TIM8_CC_IRQHandler                       0x080001b7   Thumb Code     0  startup_stm32f407xx.o(.text)
    TIM8_TRG_COM_TIM14_IRQHandler            0x080001b7   Thumb Code     0  startup_stm32f407xx.o(.text)
    TIM8_UP_TIM13_IRQHandler                 0x080001b7   Thumb Code     0  startup_stm32f407xx.o(.text)
    UART4_IRQHandler                         0x080001b7   Thumb Code     0  startup_stm32f407xx.o(.text)
    UART5_IRQHandler                         0x080001b7   Thumb Code     0  startup_stm32f407xx.o(.text)
    USART1_IRQHandler                        0x080001b7   Thumb Code     0  startup_stm32f407xx.o(.text)
    USART2_IRQHandler                        0x080001b7   Thumb Code     0  startup_stm32f407xx.o(.text)
    USART3_IRQHandler                        0x080001b7   Thumb Code     0  startup_stm32f407xx.o(.text)
    USART6_IRQHandler                        0x080001b7   Thumb Code     0  startup_stm32f407xx.o(.text)
    WWDG_IRQHandler                          0x080001b7   Thumb Code     0  startup_stm32f407xx.o(.text)
    rand                                     0x080001c1   Thumb Code    20  rand.o(.text)
    srand                                    0x080001d5   Thumb Code     6  rand.o(.text)
    __aeabi_memcpy                           0x080001e5   Thumb Code    36  memcpya.o(.text)
    __aeabi_memcpy4                          0x080001e5   Thumb Code     0  memcpya.o(.text)
    __aeabi_memcpy8                          0x080001e5   Thumb Code     0  memcpya.o(.text)
    __aeabi_memset                           0x08000209   Thumb Code    14  memseta.o(.text)
    __aeabi_memset4                          0x08000209   Thumb Code     0  memseta.o(.text)
    __aeabi_memset8                          0x08000209   Thumb Code     0  memseta.o(.text)
    __aeabi_memclr                           0x08000217   Thumb Code     4  memseta.o(.text)
    __aeabi_memclr4                          0x08000217   Thumb Code     0  memseta.o(.text)
    __aeabi_memclr8                          0x08000217   Thumb Code     0  memseta.o(.text)
    _memset$wrapper                          0x0800021b   Thumb Code    18  memseta.o(.text)
    memcmp                                   0x0800022d   Thumb Code    26  memcmp.o(.text)
    __scatterload                            0x08000249   Thumb Code    28  init.o(.text)
    __scatterload_rt2                        0x08000249   Thumb Code     0  init.o(.text)
    DMA2_Stream0_IRQHandler                  0x080003f1   Thumb Code     6  stm32f4xx_it.o(i.DMA2_Stream0_IRQHandler)
    DMA2_Stream1_IRQHandler                  0x080003fd   Thumb Code     6  stm32f4xx_it.o(i.DMA2_Stream1_IRQHandler)
    DMA2_Stream2_IRQHandler                  0x08000409   Thumb Code     6  stm32f4xx_it.o(i.DMA2_Stream2_IRQHandler)
    ETH_IRQHandler                           0x080004e1   Thumb Code     6  stm32f4xx_it.o(i.ETH_IRQHandler)
    Error_Handler                            0x08000611   Thumb Code     2  main.o(i.Error_Handler)
    HAL_ADC_ConfigChannel                    0x08000615   Thumb Code   402  stm32f4xx_hal_adc.o(i.HAL_ADC_ConfigChannel)
    HAL_ADC_Init                             0x080007ed   Thumb Code   466  stm32f4xx_hal_adc.o(i.HAL_ADC_Init)
    HAL_ADC_MspInit                          0x08000a09   Thumb Code   282  stm32f4xx_hal_msp.o(i.HAL_ADC_MspInit)
    HAL_DMA_IRQHandler                       0x08000b51   Thumb Code   414  stm32f4xx_hal_dma.o(i.HAL_DMA_IRQHandler)
    HAL_DMA_Init                             0x08000cf9   Thumb Code   662  stm32f4xx_hal_dma.o(i.HAL_DMA_Init)
    HAL_Delay                                0x08000fd5   Thumb Code    22  stm32f4xx_hal.o(i.HAL_Delay)
    HAL_ETH_DMARxDescListInit                0x08000feb   Thumb Code   116  stm32f4xx_hal_eth.o(i.HAL_ETH_DMARxDescListInit)
    HAL_ETH_DMATxDescListInit                0x0800105f   Thumb Code   120  stm32f4xx_hal_eth.o(i.HAL_ETH_DMATxDescListInit)
    HAL_ETH_ErrorCallback                    0x080010d7   Thumb Code     2  stm32f4xx_hal_eth.o(i.HAL_ETH_ErrorCallback)
    HAL_ETH_IRQHandler                       0x080010d9   Thumb Code   122  stm32f4xx_hal_eth.o(i.HAL_ETH_IRQHandler)
    HAL_ETH_Init                             0x08001155   Thumb Code   556  stm32f4xx_hal_eth.o(i.HAL_ETH_Init)
    HAL_ETH_MspInit                          0x080013e1   Thumb Code   152  ethernetif.o(i.HAL_ETH_MspInit)
    HAL_ETH_ReadPHYRegister                  0x0800148d   Thumb Code   148  stm32f4xx_hal_eth.o(i.HAL_ETH_ReadPHYRegister)
    HAL_ETH_RxCpltCallback                   0x08001559   Thumb Code     2  stm32f4xx_hal_eth.o(i.HAL_ETH_RxCpltCallback)
    HAL_ETH_Start                            0x0800155b   Thumb Code   132  stm32f4xx_hal_eth.o(i.HAL_ETH_Start)
    HAL_ETH_TransmitFrame                    0x080015df   Thumb Code   264  stm32f4xx_hal_eth.o(i.HAL_ETH_TransmitFrame)
    HAL_ETH_TxCpltCallback                   0x080016e7   Thumb Code     2  stm32f4xx_hal_eth.o(i.HAL_ETH_TxCpltCallback)
    HAL_ETH_WritePHYRegister                 0x080016e9   Thumb Code   140  stm32f4xx_hal_eth.o(i.HAL_ETH_WritePHYRegister)
    HAL_GPIO_Init                            0x080017ad   Thumb Code   652  stm32f4xx_hal_gpio.o(i.HAL_GPIO_Init)
    HAL_GPIO_WritePin                        0x08001abd   Thumb Code    46  stm32f4xx_hal_gpio.o(i.HAL_GPIO_WritePin)
    HAL_GetTick                              0x08001b29   Thumb Code     6  stm32f4xx_hal.o(i.HAL_GetTick)
    HAL_IncTick                              0x08001b35   Thumb Code    10  stm32f4xx_hal.o(i.HAL_IncTick)
    HAL_Init                                 0x08001b45   Thumb Code    48  stm32f4xx_hal.o(i.HAL_Init)
    HAL_InitTick                             0x08001b79   Thumb Code   100  stm32f4xx_hal_timebase_tim.o(i.HAL_InitTick)
    HAL_MspInit                              0x08001bed   Thumb Code    88  stm32f4xx_hal_msp.o(i.HAL_MspInit)
    HAL_NVIC_EnableIRQ                       0x08001c45   Thumb Code    36  stm32f4xx_hal_cortex.o(i.HAL_NVIC_EnableIRQ)
    HAL_NVIC_SetPriority                     0x08001ca5   Thumb Code    94  stm32f4xx_hal_cortex.o(i.HAL_NVIC_SetPriority)
    HAL_NVIC_SetPriorityGrouping             0x08001d45   Thumb Code    58  stm32f4xx_hal_cortex.o(i.HAL_NVIC_SetPriorityGrouping)
    HAL_RCC_ClockConfig                      0x08001dc5   Thumb Code   572  stm32f4xx_hal_rcc.o(i.HAL_RCC_ClockConfig)
    HAL_RCC_GetClockConfig                   0x08002049   Thumb Code    54  stm32f4xx_hal_rcc.o(i.HAL_RCC_GetClockConfig)
    HAL_RCC_GetHCLKFreq                      0x08002089   Thumb Code     6  stm32f4xx_hal_rcc.o(i.HAL_RCC_GetHCLKFreq)
    HAL_RCC_GetPCLK1Freq                     0x08002095   Thumb Code    34  stm32f4xx_hal_rcc.o(i.HAL_RCC_GetPCLK1Freq)
    HAL_RCC_GetPCLK2Freq                     0x080020c5   Thumb Code    34  stm32f4xx_hal_rcc.o(i.HAL_RCC_GetPCLK2Freq)
    HAL_RCC_GetSysClockFreq                  0x080020f5   Thumb Code   104  stm32f4xx_hal_rcc.o(i.HAL_RCC_GetSysClockFreq)
    HAL_RCC_OscConfig                        0x08002165   Thumb Code   966  stm32f4xx_hal_rcc.o(i.HAL_RCC_OscConfig)
    HAL_SYSTICK_CLKSourceConfig              0x08002575   Thumb Code    40  stm32f4xx_hal_cortex.o(i.HAL_SYSTICK_CLKSourceConfig)
    HAL_SYSTICK_Callback                     0x080025d9   Thumb Code     2  stm32f4xx_hal_cortex.o(i.HAL_SYSTICK_Callback)
    HAL_SYSTICK_Config                       0x080025db   Thumb Code    40  stm32f4xx_hal_cortex.o(i.HAL_SYSTICK_Config)
    HAL_SYSTICK_IRQHandler                   0x08002603   Thumb Code     8  stm32f4xx_hal_cortex.o(i.HAL_SYSTICK_IRQHandler)
    HAL_TIMEx_BreakCallback                  0x0800260b   Thumb Code     2  stm32f4xx_hal_tim_ex.o(i.HAL_TIMEx_BreakCallback)
    HAL_TIMEx_CommutationCallback            0x0800260d   Thumb Code     2  stm32f4xx_hal_tim_ex.o(i.HAL_TIMEx_CommutationCallback)
    HAL_TIMEx_MasterConfigSynchronization    0x08002611   Thumb Code   214  stm32f4xx_hal_tim_ex.o(i.HAL_TIMEx_MasterConfigSynchronization)
    HAL_TIM_Base_Init                        0x08002749   Thumb Code   200  stm32f4xx_hal_tim.o(i.HAL_TIM_Base_Init)
    HAL_TIM_Base_MspInit                     0x0800287d   Thumb Code    30  stm32f4xx_hal_msp.o(i.HAL_TIM_Base_MspInit)
    HAL_TIM_Base_Start_IT                    0x080028a1   Thumb Code   124  stm32f4xx_hal_tim.o(i.HAL_TIM_Base_Start_IT)
    HAL_TIM_ConfigClockSource                0x08002989   Thumb Code  1234  stm32f4xx_hal_tim.o(i.HAL_TIM_ConfigClockSource)
    HAL_TIM_IC_CaptureCallback               0x08002e5b   Thumb Code     2  stm32f4xx_hal_tim.o(i.HAL_TIM_IC_CaptureCallback)
    HAL_TIM_IRQHandler                       0x08002e5d   Thumb Code   358  stm32f4xx_hal_tim.o(i.HAL_TIM_IRQHandler)
    HAL_TIM_OC_DelayElapsedCallback          0x08002fc3   Thumb Code     2  stm32f4xx_hal_tim.o(i.HAL_TIM_OC_DelayElapsedCallback)
    HAL_TIM_PWM_PulseFinishedCallback        0x08002fc5   Thumb Code     2  stm32f4xx_hal_tim.o(i.HAL_TIM_PWM_PulseFinishedCallback)
    HAL_TIM_PeriodElapsedCallback            0x08002fc9   Thumb Code    14  main.o(i.HAL_TIM_PeriodElapsedCallback)
    HAL_TIM_TriggerCallback                  0x08002fdd   Thumb Code     2  stm32f4xx_hal_tim.o(i.HAL_TIM_TriggerCallback)
    HAL_UART_Init                            0x08002fe1   Thumb Code   242  stm32f4xx_hal_uart.o(i.HAL_UART_Init)
    HAL_UART_MspInit                         0x08003129   Thumb Code    64  stm32f4xx_hal_msp.o(i.HAL_UART_MspInit)
    MX_LWIP_Init                             0x08003425   Thumb Code    82  lwip.o(i.MX_LWIP_Init)
    PendSV_Handler                           0x080034a9   Thumb Code     2  stm32f4xx_it.o(i.PendSV_Handler)
    SVC_Handler                              0x080034ab   Thumb Code     2  stm32f4xx_it.o(i.SVC_Handler)
    SysTick_Handler                          0x080034ad   Thumb Code     4  stm32f4xx_it.o(i.SysTick_Handler)
    SystemClock_Config                       0x080034b1   Thumb Code   152  main.o(i.SystemClock_Config)
    SystemInit                               0x08003551   Thumb Code    66  system_stm32f4xx.o(i.SystemInit)
    TIM1_UP_TIM10_IRQHandler                 0x080035a5   Thumb Code     6  stm32f4xx_it.o(i.TIM1_UP_TIM10_IRQHandler)
    TIM_Base_SetConfig                       0x080035b1   Thumb Code   148  stm32f4xx_hal_tim.o(i.TIM_Base_SetConfig)
    __scatterload_copy                       0x08003a21   Thumb Code    14  handlers.o(i.__scatterload_copy)
    __scatterload_null                       0x08003a2f   Thumb Code     2  handlers.o(i.__scatterload_null)
    __scatterload_zeroinit                   0x08003a31   Thumb Code    14  handlers.o(i.__scatterload_zeroinit)
    assert_failed                            0x08003a5d   Thumb Code     2  main.o(i.assert_failed)
    dhcp_arp_reply                           0x08003a5f   Thumb Code    30  dhcp.o(i.dhcp_arp_reply)
    dhcp_coarse_tmr                          0x08003b8d   Thumb Code   172  dhcp.o(i.dhcp_coarse_tmr)
    dhcp_fine_tmr                            0x08003ed1   Thumb Code    46  dhcp.o(i.dhcp_fine_tmr)
    dhcp_release                             0x08004459   Thumb Code   158  dhcp.o(i.dhcp_release)
    dhcp_renew                               0x080044fd   Thumb Code   136  dhcp.o(i.dhcp_renew)
    dhcp_start                               0x08004689   Thumb Code   140  dhcp.o(i.dhcp_start)
    dhcp_stop                                0x0800471d   Thumb Code    38  dhcp.o(i.dhcp_stop)
    dhcp_supplied_address                    0x08004743   Thumb Code    24  dhcp.o(i.dhcp_supplied_address)
    etharp_cleanup_netif                     0x080048d1   Thumb Code    42  etharp.o(i.etharp_cleanup_netif)
    etharp_output                            0x08004a01   Thumb Code   238  etharp.o(i.etharp_output)
    etharp_query                             0x08004b59   Thumb Code   226  etharp.o(i.etharp_query)
    etharp_request                           0x08004ce5   Thumb Code     6  etharp.o(i.etharp_request)
    etharp_tmr                               0x08004d31   Thumb Code    92  etharp.o(i.etharp_tmr)
    ethernet_input                           0x08004e11   Thumb Code   144  etharp.o(i.ethernet_input)
    ethernetif_init                          0x08004ea5   Thumb Code    30  ethernetif.o(i.ethernetif_init)
    icmp_dest_unreach                        0x08004ecd   Thumb Code     8  icmp.o(i.icmp_dest_unreach)
    icmp_input                               0x08004ed5   Thumb Code   222  icmp.o(i.icmp_input)
    icmp_time_exceeded                       0x08005025   Thumb Code     8  icmp.o(i.icmp_time_exceeded)
    ip4_addr_isbroadcast_u32                 0x0800502d   Thumb Code    46  ip4_addr.o(i.ip4_addr_isbroadcast_u32)
    ip4_frag                                 0x0800505d   Thumb Code   338  ip_frag.o(i.ip4_frag)
    ip4_input                                0x080051b5   Thumb Code   392  ip4.o(i.ip4_input)
    ip4_output_if                            0x08005345   Thumb Code    30  ip4.o(i.ip4_output_if)
    ip4_output_if_src                        0x08005365   Thumb Code   160  ip4.o(i.ip4_output_if_src)
    ip4_reass                                0x0800540d   Thumb Code   396  ip_frag.o(i.ip4_reass)
    ip4_route                                0x0800559d   Thumb Code    82  ip4.o(i.ip4_route)
    ip_reass_tmr                             0x0800581d   Thumb Code    40  ip_frag.o(i.ip_reass_tmr)
    lwip_htonl                               0x08005a09   Thumb Code     4  def.o(i.lwip_htonl)
    lwip_htons                               0x08005a0d   Thumb Code     4  def.o(i.lwip_htons)
    lwip_init                                0x08005a11   Thumb Code    30  init.o(i.lwip_init)
    lwip_ntohl                               0x08005a2f   Thumb Code     4  def.o(i.lwip_ntohl)
    lwip_ntohs                               0x08005a33   Thumb Code     4  def.o(i.lwip_ntohs)
    main                                     0x08005a39   Thumb Code   198  main.o(i.main)
    mem_free                                 0x08005b0d   Thumb Code    40  mem.o(i.mem_free)
    mem_init                                 0x08005b39   Thumb Code    42  mem.o(i.mem_init)
    mem_malloc                               0x08005b6d   Thumb Code   162  mem.o(i.mem_malloc)
    mem_trim                                 0x08005c15   Thumb Code   200  mem.o(i.mem_trim)
    memp_free                                0x08005ce1   Thumb Code    16  memp.o(i.memp_free)
    memp_init                                0x08005cf5   Thumb Code    34  memp.o(i.memp_init)
    memp_init_pool                           0x08005d1d   Thumb Code    42  memp.o(i.memp_init_pool)
    memp_malloc                              0x08005d49   Thumb Code    18  memp.o(i.memp_malloc)
    memp_malloc_pool                         0x08005d61   Thumb Code    14  memp.o(i.memp_malloc_pool)
    netif_add                                0x08005d71   Thumb Code    76  netif.o(i.netif_add)
    netif_init                               0x08005dc1   Thumb Code     2  netif.o(i.netif_init)
    netif_set_addr                           0x08005ddd   Thumb Code    32  netif.o(i.netif_set_addr)
    netif_set_default                        0x08005dfd   Thumb Code     6  netif.o(i.netif_set_default)
    netif_set_down                           0x08005e09   Thumb Code    26  netif.o(i.netif_set_down)
    netif_set_gw                             0x08005e23   Thumb Code     8  netif.o(i.netif_set_gw)
    netif_set_ipaddr                         0x08005e2d   Thumb Code    62  netif.o(i.netif_set_ipaddr)
    netif_set_netmask                        0x08005e71   Thumb Code     8  netif.o(i.netif_set_netmask)
    netif_set_up                             0x08005e79   Thumb Code    28  netif.o(i.netif_set_up)
    pbuf_alloc                               0x08005e95   Thumb Code   290  pbuf.o(i.pbuf_alloc)
    pbuf_alloced_custom                      0x08005fbd   Thumb Code    82  pbuf.o(i.pbuf_alloced_custom)
    pbuf_cat                                 0x0800600f   Thumb Code    40  pbuf.o(i.pbuf_cat)
    pbuf_chain                               0x08006037   Thumb Code    18  pbuf.o(i.pbuf_chain)
    pbuf_clen                                0x08006049   Thumb Code    18  pbuf.o(i.pbuf_clen)
    pbuf_copy                                0x0800605b   Thumb Code   154  pbuf.o(i.pbuf_copy)
    pbuf_copy_partial                        0x080060f5   Thumb Code   104  pbuf.o(i.pbuf_copy_partial)
    pbuf_free                                0x0800615d   Thumb Code    80  pbuf.o(i.pbuf_free)
    pbuf_header                              0x080061ad   Thumb Code     6  pbuf.o(i.pbuf_header)
    pbuf_header_force                        0x080061b3   Thumb Code     6  pbuf.o(i.pbuf_header_force)
    pbuf_realloc                             0x0800621d   Thumb Code    84  pbuf.o(i.pbuf_realloc)
    pbuf_ref                                 0x08006271   Thumb Code    12  pbuf.o(i.pbuf_ref)
    sys_now                                  0x080062d1   Thumb Code     4  ethernetif.o(i.sys_now)
    sys_timeout                              0x080062d5   Thumb Code   126  lwip_timers.o(i.sys_timeout)
    sys_timeouts_init                        0x08006359   Thumb Code    58  lwip_timers.o(i.sys_timeouts_init)
    tcp_abandon                              0x080063a9   Thumb Code   206  tcp.o(i.tcp_abandon)
    tcp_abort                                0x0800647d   Thumb Code     6  tcp.o(i.tcp_abort)
    tcp_alloc                                0x08006485   Thumb Code   270  tcp.o(i.tcp_alloc)
    tcp_close                                0x080065a1   Thumb Code    20  tcp.o(i.tcp_close)
    tcp_eff_send_mss_impl                    0x08006789   Thumb Code    34  tcp.o(i.tcp_eff_send_mss_impl)
    tcp_enqueue_flags                        0x080067ab   Thumb Code   162  tcp_out.o(i.tcp_enqueue_flags)
    tcp_fasttmr                              0x0800684d   Thumb Code    90  tcp.o(i.tcp_fasttmr)
    tcp_init                                 0x080068dd   Thumb Code     2  tcp.o(i.tcp_init)
    tcp_input                                0x080068e1   Thumb Code   834  tcp_in.o(i.tcp_input)
    tcp_keepalive                            0x08006c3d   Thumb Code    82  tcp_out.o(i.tcp_keepalive)
    tcp_netif_ipv4_addr_changed              0x08006dad   Thumb Code    66  tcp.o(i.tcp_netif_ipv4_addr_changed)
    tcp_next_iss                             0x08006e19   Thumb Code    12  tcp.o(i.tcp_next_iss)
    tcp_output                               0x08006ea1   Thumb Code   412  tcp_out.o(i.tcp_output)
    tcp_pcb_purge                            0x080071f9   Thumb Code    66  tcp.o(i.tcp_pcb_purge)
    tcp_pcb_remove                           0x0800723b   Thumb Code    80  tcp.o(i.tcp_pcb_remove)
    tcp_process_refused_data                 0x080075f9   Thumb Code   106  tcp.o(i.tcp_process_refused_data)
    tcp_recv_null                            0x08007d59   Thumb Code    36  tcp.o(i.tcp_recv_null)
    tcp_recved                               0x08007d7d   Thumb Code    66  tcp.o(i.tcp_recved)
    tcp_rexmit                               0x08007dbf   Thumb Code    82  tcp_out.o(i.tcp_rexmit)
    tcp_rexmit_fast                          0x08007e11   Thumb Code    88  tcp_out.o(i.tcp_rexmit_fast)
    tcp_rexmit_rto                           0x08007e69   Thumb Code    46  tcp_out.o(i.tcp_rexmit_rto)
    tcp_rst                                  0x08007e97   Thumb Code   128  tcp_out.o(i.tcp_rst)
    tcp_seg_copy                             0x08007f17   Thumb Code    40  tcp.o(i.tcp_seg_copy)
    tcp_seg_free                             0x08007f3f   Thumb Code    28  tcp.o(i.tcp_seg_free)
    tcp_segs_free                            0x08007f5b   Thumb Code    18  tcp.o(i.tcp_segs_free)
    tcp_send_empty_ack                       0x08007f6d   Thumb Code   114  tcp_out.o(i.tcp_send_empty_ack)
    tcp_send_fin                             0x08007fdf   Thumb Code    68  tcp_out.o(i.tcp_send_fin)
    tcp_slowtmr                              0x08008025   Thumb Code   632  tcp.o(i.tcp_slowtmr)
    tcp_timer_needed                         0x080082ad   Thumb Code    36  lwip_timers.o(i.tcp_timer_needed)
    tcp_tmr                                  0x08008349   Thumb Code    28  tcp.o(i.tcp_tmr)
    tcp_trigger_input_pcb_close              0x08008369   Thumb Code    12  tcp_in.o(i.tcp_trigger_input_pcb_close)
    tcp_update_rcv_ann_wnd                   0x08008379   Thumb Code    52  tcp.o(i.tcp_update_rcv_ann_wnd)
    tcp_zero_window_probe                    0x080083ad   Thumb Code   162  tcp_out.o(i.tcp_zero_window_probe)
    udp_bind                                 0x08008489   Thumb Code   170  udp.o(i.udp_bind)
    udp_connect                              0x08008539   Thumb Code    80  udp.o(i.udp_connect)
    udp_init                                 0x0800858d   Thumb Code     2  udp.o(i.udp_init)
    udp_input                                0x08008591   Thumb Code   306  udp.o(i.udp_input)
    udp_netif_ipv4_addr_changed              0x080086cd   Thumb Code    42  udp.o(i.udp_netif_ipv4_addr_changed)
    udp_new                                  0x080086fd   Thumb Code    26  udp.o(i.udp_new)
    udp_recv                                 0x08008717   Thumb Code     6  udp.o(i.udp_recv)
    udp_remove                               0x0800871d   Thumb Code    42  udp.o(i.udp_remove)
    udp_sendto_if                            0x0800874d   Thumb Code    44  udp.o(i.udp_sendto_if)
    udp_sendto_if_src                        0x08008779   Thumb Code   158  udp.o(i.udp_sendto_if_src)
    APBAHBPrescTable                         0x08008816   Data          16  stm32f4xx_hal_rcc.o(.constdata)
    ip_addr_any                              0x08008830   Data           4  ip4_addr.o(.constdata)
    ip_addr_broadcast                        0x08008834   Data           4  ip4_addr.o(.constdata)
    ethbroadcast                             0x08008838   Data           6  etharp.o(.constdata)
    ethzero                                  0x0800883e   Data           6  etharp.o(.constdata)
    tcp_persist_backoff                      0x08008844   Data           7  tcp.o(.constdata)
    tcp_state_str                            0x0800884c   Data          44  tcp.o(.constdata)
    tcp_backoff                              0x08008878   Data          13  tcp.o(.constdata)
    tcp_pcb_lists                            0x08008888   Data          16  tcp.o(.constdata)
    memp_UDP_PCB                             0x08008898   Data          12  memp.o(.constdata)
    memp_TCP_PCB                             0x080088a4   Data          12  memp.o(.constdata)
    memp_TCP_PCB_LISTEN                      0x080088b0   Data          12  memp.o(.constdata)
    memp_TCP_SEG                             0x080088bc   Data          12  memp.o(.constdata)
    memp_REASSDATA                           0x080088c8   Data          12  memp.o(.constdata)
    memp_FRAG_PBUF                           0x080088d4   Data          12  memp.o(.constdata)
    memp_SYS_TIMEOUT                         0x080088e0   Data          12  memp.o(.constdata)
    memp_PBUF                                0x080088ec   Data          12  memp.o(.constdata)
    memp_PBUF_POOL                           0x080088f8   Data          12  memp.o(.constdata)
    Region$$Table$$Base                      0x0800897c   Number         0  anon$$obj.o(Region$$Table)
    Region$$Table$$Limit                     0x0800899c   Number         0  anon$$obj.o(Region$$Table)
    uwTick                                   0x20000000   Data           4  stm32f4xx_hal.o(.data)
    ipaddr                                   0x20000004   Data           4  lwip.o(.data)
    netmask                                  0x20000008   Data           4  lwip.o(.data)
    gw                                       0x2000000c   Data           4  lwip.o(.data)
    tcp_input_pcb                            0x20000034   Data           4  tcp_in.o(.data)
    tcp_active_pcbs_changed                  0x20000050   Data           1  tcp.o(.data)
    tcp_ticks                                0x2000005c   Data           4  tcp.o(.data)
    tcp_bound_pcbs                           0x20000060   Data           4  tcp.o(.data)
    tcp_listen_pcbs                          0x20000064   Data           4  tcp.o(.data)
    tcp_active_pcbs                          0x20000068   Data           4  tcp.o(.data)
    tcp_tw_pcbs                              0x2000006c   Data           4  tcp.o(.data)
    memp_pools                               0x20000070   Data          36  memp.o(.data)
    udp_pcbs                                 0x200000c0   Data           4  udp.o(.data)
    pbuf_free_ooseq_pending                  0x200000c4   Data           1  pbuf.o(.data)
    netif_list                               0x200000cc   Data           4  netif.o(.data)
    netif_default                            0x200000d0   Data           4  netif.o(.data)
    SystemCoreClock                          0x200000e0   Data           4  system_stm32f4xx.o(.data)
    DMARxDscrTab                             0x200000e8   Data         128  ethernetif.o(.bss)
    DMATxDscrTab                             0x20000168   Data         128  ethernetif.o(.bss)
    Rx_Buff                                  0x200001e8   Data        6096  ethernetif.o(.bss)
    Tx_Buff                                  0x200019b8   Data        6096  ethernetif.o(.bss)
    heth                                     0x20003188   Data          72  ethernetif.o(.bss)
    hadc1                                    0x200031d0   Data          72  main.o(.bss)
    hadc2                                    0x20003218   Data          72  main.o(.bss)
    hadc3                                    0x20003260   Data          72  main.o(.bss)
    htim2                                    0x200032a8   Data          60  main.o(.bss)
    huart3                                   0x200032e4   Data          64  main.o(.bss)
    hdma_adc1                                0x20003324   Data          96  main.o(.bss)
    hdma_adc2                                0x20003384   Data          96  main.o(.bss)
    hdma_adc3                                0x200033e4   Data          96  main.o(.bss)
    htim1                                    0x20003444   Data          60  stm32f4xx_hal_timebase_tim.o(.bss)
    gnetif                                   0x20003480   Data          52  lwip.o(.bss)
    dhcp_rx_options_val                      0x200034b4   Data          40  dhcp.o(.bss)
    dhcp_rx_options_given                    0x200034dc   Data          10  dhcp.o(.bss)
    ram_heap                                 0x200035e8   Data        1620  mem.o(.bss)
    memp_memory_UDP_PCB_base                 0x20003c3c   Data         128  memp.o(.bss)
    memp_memory_TCP_PCB_base                 0x20003cbc   Data         760  memp.o(.bss)
    memp_memory_TCP_PCB_LISTEN_base          0x20003fb4   Data         224  memp.o(.bss)
    memp_memory_TCP_SEG_base                 0x20004094   Data         256  memp.o(.bss)
    memp_memory_REASSDATA_base               0x20004194   Data         160  memp.o(.bss)
    memp_memory_FRAG_PBUF_base               0x20004234   Data         360  memp.o(.bss)
    memp_memory_SYS_TIMEOUT_base             0x2000439c   Data          80  memp.o(.bss)
    memp_memory_PBUF_base                    0x200043ec   Data         256  memp.o(.bss)
    memp_memory_PBUF_POOL_base               0x200044ec   Data        9728  memp.o(.bss)
    ip_data                                  0x20006aec   Data          24  ip4.o(.bss)
    __initial_sp                             0x20006f08   Data           0  startup_stm32f407xx.o(STACK)



==============================================================================

Memory Map of the image

  Image Entry point : 0x08000189

  Load Region LR_IROM1 (Base: 0x08000000, Size: 0x00008a84, Max: 0x00100000, ABSOLUTE)

    Execution Region ER_IROM1 (Base: 0x08000000, Size: 0x0000899c, Max: 0x00100000, ABSOLUTE)

    Base Addr    Size         Type   Attr      Idx    E Section Name        Object

    0x08000000   0x00000188   Data   RO         3195    RESET               startup_stm32f407xx.o
    0x08000188   0x00000000   Code   RO         6047  * .ARM.Collect$$$$00000000  mc_w.l(entry.o)
    0x08000188   0x00000004   Code   RO         6063    .ARM.Collect$$$$00000001  mc_w.l(entry2.o)
    0x0800018c   0x00000004   Code   RO         6066    .ARM.Collect$$$$00000004  mc_w.l(entry5.o)
    0x08000190   0x00000000   Code   RO         6068    .ARM.Collect$$$$00000008  mc_w.l(entry7b.o)
    0x08000190   0x00000000   Code   RO         6070    .ARM.Collect$$$$0000000A  mc_w.l(entry8b.o)
    0x08000190   0x00000008   Code   RO         6071    .ARM.Collect$$$$0000000B  mc_w.l(entry9a.o)
    0x08000198   0x00000000   Code   RO         6073    .ARM.Collect$$$$0000000D  mc_w.l(entry10a.o)
    0x08000198   0x00000000   Code   RO         6075    .ARM.Collect$$$$0000000F  mc_w.l(entry11a.o)
    0x08000198   0x00000004   Code   RO         6064    .ARM.Collect$$$$00002712  mc_w.l(entry2.o)
    0x0800019c   0x00000024   Code   RO         3196    .text               startup_stm32f407xx.o
    0x080001c0   0x00000024   Code   RO         6050    .text               mc_w.l(rand.o)
    0x080001e4   0x00000024   Code   RO         6053    .text               mc_w.l(memcpya.o)
    0x08000208   0x00000024   Code   RO         6055    .text               mc_w.l(memseta.o)
    0x0800022c   0x0000001a   Code   RO         6059    .text               mc_w.l(memcmp.o)
    0x08000246   0x00000002   PAD
    0x08000248   0x00000024   Code   RO         6077    .text               mc_w.l(init.o)
    0x0800026c   0x00000184   Code   RO         1969    i.ADC_Init          stm32f4xx_hal_adc.o
    0x080003f0   0x0000000c   Code   RO         3065    i.DMA2_Stream0_IRQHandler  stm32f4xx_it.o
    0x080003fc   0x0000000c   Code   RO         3066    i.DMA2_Stream1_IRQHandler  stm32f4xx_it.o
    0x08000408   0x0000000c   Code   RO         3067    i.DMA2_Stream2_IRQHandler  stm32f4xx_it.o
    0x08000414   0x00000028   Code   RO         1860    i.DMA_CalcBaseAndBitshift  stm32f4xx_hal_dma.o
    0x0800043c   0x00000054   Code   RO         1861    i.DMA_CheckFifoParam  stm32f4xx_hal_dma.o
    0x08000490   0x00000020   Code   RO            4    i.ETH_Delay         stm32f4xx_hal_eth.o
    0x080004b0   0x0000002e   Code   RO            5    i.ETH_FlushTransmitFIFO  stm32f4xx_hal_eth.o
    0x080004de   0x00000002   PAD
    0x080004e0   0x0000000c   Code   RO         3068    i.ETH_IRQHandler    stm32f4xx_it.o
    0x080004ec   0x00000124   Code   RO            6    i.ETH_MACDMAConfig  stm32f4xx_hal_eth.o
    0x08000610   0x00000002   Code   RO         2828    i.Error_Handler     main.o
    0x08000612   0x00000002   PAD
    0x08000614   0x000001d8   Code   RO         1971    i.HAL_ADC_ConfigChannel  stm32f4xx_hal_adc.o
    0x080007ec   0x0000021c   Code   RO         1980    i.HAL_ADC_Init      stm32f4xx_hal_adc.o
    0x08000a08   0x00000148   Code   RO         3136    i.HAL_ADC_MspInit   stm32f4xx_hal_msp.o
    0x08000b50   0x000001a8   Code   RO         1868    i.HAL_DMA_IRQHandler  stm32f4xx_hal_dma.o
    0x08000cf8   0x000002dc   Code   RO         1869    i.HAL_DMA_Init      stm32f4xx_hal_dma.o
    0x08000fd4   0x00000016   Code   RO         1720    i.HAL_Delay         stm32f4xx_hal.o
    0x08000fea   0x00000074   Code   RO            9    i.HAL_ETH_DMARxDescListInit  stm32f4xx_hal_eth.o
    0x0800105e   0x00000078   Code   RO           10    i.HAL_ETH_DMATxDescListInit  stm32f4xx_hal_eth.o
    0x080010d6   0x00000002   Code   RO           12    i.HAL_ETH_ErrorCallback  stm32f4xx_hal_eth.o
    0x080010d8   0x0000007a   Code   RO           16    i.HAL_ETH_IRQHandler  stm32f4xx_hal_eth.o
    0x08001152   0x00000002   PAD
    0x08001154   0x0000028c   Code   RO           17    i.HAL_ETH_Init      stm32f4xx_hal_eth.o
    0x080013e0   0x000000ac   Code   RO         2669    i.HAL_ETH_MspInit   ethernetif.o
    0x0800148c   0x000000cc   Code   RO           20    i.HAL_ETH_ReadPHYRegister  stm32f4xx_hal_eth.o
    0x08001558   0x00000002   Code   RO           21    i.HAL_ETH_RxCpltCallback  stm32f4xx_hal_eth.o
    0x0800155a   0x00000084   Code   RO           22    i.HAL_ETH_Start     stm32f4xx_hal_eth.o
    0x080015de   0x00000108   Code   RO           24    i.HAL_ETH_TransmitFrame  stm32f4xx_hal_eth.o
    0x080016e6   0x00000002   Code   RO           25    i.HAL_ETH_TxCpltCallback  stm32f4xx_hal_eth.o
    0x080016e8   0x000000c4   Code   RO           26    i.HAL_ETH_WritePHYRegister  stm32f4xx_hal_eth.o
    0x080017ac   0x00000310   Code   RO         1253    i.HAL_GPIO_Init     stm32f4xx_hal_gpio.o
    0x08001abc   0x0000006c   Code   RO         1257    i.HAL_GPIO_WritePin  stm32f4xx_hal_gpio.o
    0x08001b28   0x0000000c   Code   RO         1726    i.HAL_GetTick       stm32f4xx_hal.o
    0x08001b34   0x00000010   Code   RO         1727    i.HAL_IncTick       stm32f4xx_hal.o
    0x08001b44   0x00000034   Code   RO         1728    i.HAL_Init          stm32f4xx_hal.o
    0x08001b78   0x00000074   Code   RO         2971    i.HAL_InitTick      stm32f4xx_hal_timebase_tim.o
    0x08001bec   0x00000058   Code   RO         3137    i.HAL_MspInit       stm32f4xx_hal_msp.o
    0x08001c44   0x00000060   Code   RO          265    i.HAL_NVIC_EnableIRQ  stm32f4xx_hal_cortex.o
    0x08001ca4   0x000000a0   Code   RO          271    i.HAL_NVIC_SetPriority  stm32f4xx_hal_cortex.o
    0x08001d44   0x00000080   Code   RO          272    i.HAL_NVIC_SetPriorityGrouping  stm32f4xx_hal_cortex.o
    0x08001dc4   0x00000284   Code   RO         1146    i.HAL_RCC_ClockConfig  stm32f4xx_hal_rcc.o
    0x08002048   0x00000040   Code   RO         1150    i.HAL_RCC_GetClockConfig  stm32f4xx_hal_rcc.o
    0x08002088   0x0000000c   Code   RO         1151    i.HAL_RCC_GetHCLKFreq  stm32f4xx_hal_rcc.o
    0x08002094   0x00000030   Code   RO         1153    i.HAL_RCC_GetPCLK1Freq  stm32f4xx_hal_rcc.o
    0x080020c4   0x00000030   Code   RO         1154    i.HAL_RCC_GetPCLK2Freq  stm32f4xx_hal_rcc.o
    0x080020f4   0x00000070   Code   RO         1155    i.HAL_RCC_GetSysClockFreq  stm32f4xx_hal_rcc.o
    0x08002164   0x00000410   Code   RO         1158    i.HAL_RCC_OscConfig  stm32f4xx_hal_rcc.o
    0x08002574   0x00000064   Code   RO          274    i.HAL_SYSTICK_CLKSourceConfig  stm32f4xx_hal_cortex.o
    0x080025d8   0x00000002   Code   RO          275    i.HAL_SYSTICK_Callback  stm32f4xx_hal_cortex.o
    0x080025da   0x00000028   Code   RO          276    i.HAL_SYSTICK_Config  stm32f4xx_hal_cortex.o
    0x08002602   0x00000008   Code   RO          277    i.HAL_SYSTICK_IRQHandler  stm32f4xx_hal_cortex.o
    0x0800260a   0x00000002   Code   RO         2388    i.HAL_TIMEx_BreakCallback  stm32f4xx_hal_tim_ex.o
    0x0800260c   0x00000002   Code   RO         2389    i.HAL_TIMEx_CommutationCallback  stm32f4xx_hal_tim_ex.o
    0x0800260e   0x00000002   PAD
    0x08002610   0x00000138   Code   RO         2405    i.HAL_TIMEx_MasterConfigSynchronization  stm32f4xx_hal_tim_ex.o
    0x08002748   0x00000134   Code   RO          516    i.HAL_TIM_Base_Init  stm32f4xx_hal_tim.o
    0x0800287c   0x00000024   Code   RO         3139    i.HAL_TIM_Base_MspInit  stm32f4xx_hal_msp.o
    0x080028a0   0x000000e8   Code   RO          521    i.HAL_TIM_Base_Start_IT  stm32f4xx_hal_tim.o
    0x08002988   0x000004d2   Code   RO          525    i.HAL_TIM_ConfigClockSource  stm32f4xx_hal_tim.o
    0x08002e5a   0x00000002   Code   RO          545    i.HAL_TIM_IC_CaptureCallback  stm32f4xx_hal_tim.o
    0x08002e5c   0x00000166   Code   RO          558    i.HAL_TIM_IRQHandler  stm32f4xx_hal_tim.o
    0x08002fc2   0x00000002   Code   RO          561    i.HAL_TIM_OC_DelayElapsedCallback  stm32f4xx_hal_tim.o
    0x08002fc4   0x00000002   Code   RO          588    i.HAL_TIM_PWM_PulseFinishedCallback  stm32f4xx_hal_tim.o
    0x08002fc6   0x00000002   PAD
    0x08002fc8   0x00000014   Code   RO         2829    i.HAL_TIM_PeriodElapsedCallback  main.o
    0x08002fdc   0x00000002   Code   RO          599    i.HAL_TIM_TriggerCallback  stm32f4xx_hal_tim.o
    0x08002fde   0x00000002   PAD
    0x08002fe0   0x00000148   Code   RO         2152    i.HAL_UART_Init     stm32f4xx_hal_uart.o
    0x08003128   0x0000004c   Code   RO         3141    i.HAL_UART_MspInit  stm32f4xx_hal_msp.o
    0x08003174   0x00000054   Code   RO         2830    i.MX_ADC1_Init      main.o
    0x080031c8   0x00000054   Code   RO         2831    i.MX_ADC2_Init      main.o
    0x0800321c   0x00000054   Code   RO         2832    i.MX_ADC3_Init      main.o
    0x08003270   0x000001b4   Code   RO         2833    i.MX_GPIO_Init      main.o
    0x08003424   0x00000064   Code   RO         3011    i.MX_LWIP_Init      lwip.o
    0x08003488   0x00000020   Code   RO          278    i.NVIC_SetPriority  stm32f4xx_hal_cortex.o
    0x080034a8   0x00000002   Code   RO         3069    i.PendSV_Handler    stm32f4xx_it.o
    0x080034aa   0x00000002   Code   RO         3070    i.SVC_Handler       stm32f4xx_it.o
    0x080034ac   0x00000004   Code   RO         3071    i.SysTick_Handler   stm32f4xx_it.o
    0x080034b0   0x000000a0   Code   RO         2834    i.SystemClock_Config  main.o
    0x08003550   0x00000054   Code   RO         6014    i.SystemInit        system_stm32f4xx.o
    0x080035a4   0x0000000c   Code   RO         3072    i.TIM1_UP_TIM10_IRQHandler  stm32f4xx_it.o
    0x080035b0   0x000000c0   Code   RO          600    i.TIM_Base_SetConfig  stm32f4xx_hal_tim.o
    0x08003670   0x00000014   Code   RO          607    i.TIM_ETR_SetConfig  stm32f4xx_hal_tim.o
    0x08003684   0x00000010   Code   RO          608    i.TIM_ITRx_SetConfig  stm32f4xx_hal_tim.o
    0x08003694   0x00000022   Code   RO          614    i.TIM_TI1_ConfigInputStage  stm32f4xx_hal_tim.o
    0x080036b6   0x00000024   Code   RO          616    i.TIM_TI2_ConfigInputStage  stm32f4xx_hal_tim.o
    0x080036da   0x00000002   PAD
    0x080036dc   0x00000344   Code   RO         2174    i.UART_SetConfig    stm32f4xx_hal_uart.o
    0x08003a20   0x0000000e   Code   RO         6081    i.__scatterload_copy  mc_w.l(handlers.o)
    0x08003a2e   0x00000002   Code   RO         6082    i.__scatterload_null  mc_w.l(handlers.o)
    0x08003a30   0x0000000e   Code   RO         6083    i.__scatterload_zeroinit  mc_w.l(handlers.o)
    0x08003a3e   0x00000002   PAD
    0x08003a40   0x0000001c   Code   RO         5926    i.arp_timer         lwip_timers.o
    0x08003a5c   0x00000002   Code   RO         2835    i.assert_failed     main.o
    0x08003a5e   0x0000001e   Code   RO         3269    i.dhcp_arp_reply    dhcp.o
    0x08003a7c   0x000000da   Code   RO         3270    i.dhcp_bind         dhcp.o
    0x08003b56   0x00000034   Code   RO         3271    i.dhcp_check        dhcp.o
    0x08003b8a   0x00000002   PAD
    0x08003b8c   0x000000b0   Code   RO         3273    i.dhcp_coarse_tmr   dhcp.o
    0x08003c3c   0x00000130   Code   RO         3274    i.dhcp_create_msg   dhcp.o
    0x08003d6c   0x00000084   Code   RO         3275    i.dhcp_decline      dhcp.o
    0x08003df0   0x00000016   Code   RO         3276    i.dhcp_delete_msg   dhcp.o
    0x08003e06   0x00000002   PAD
    0x08003e08   0x000000c8   Code   RO         3277    i.dhcp_discover     dhcp.o
    0x08003ed0   0x00000034   Code   RO         3278    i.dhcp_fine_tmr     dhcp.o
    0x08003f04   0x00000064   Code   RO         3279    i.dhcp_handle_ack   dhcp.o
    0x08003f68   0x00000020   Code   RO         3282    i.dhcp_option       dhcp.o
    0x08003f88   0x00000010   Code   RO         3283    i.dhcp_option_byte  dhcp.o
    0x08003f98   0x00000042   Code   RO         3284    i.dhcp_option_long  dhcp.o
    0x08003fda   0x00000022   Code   RO         3285    i.dhcp_option_short  dhcp.o
    0x08003ffc   0x0000002c   Code   RO         3286    i.dhcp_option_trailer  dhcp.o
    0x08004028   0x000001f8   Code   RO         3287    i.dhcp_parse_reply  dhcp.o
    0x08004220   0x0000008c   Code   RO         3288    i.dhcp_rebind       dhcp.o
    0x080042ac   0x000000a4   Code   RO         3289    i.dhcp_reboot       dhcp.o
    0x08004350   0x00000108   Code   RO         3290    i.dhcp_recv         dhcp.o
    0x08004458   0x000000a4   Code   RO         3291    i.dhcp_release      dhcp.o
    0x080044fc   0x00000088   Code   RO         3292    i.dhcp_renew        dhcp.o
    0x08004584   0x000000f4   Code   RO         3293    i.dhcp_select       dhcp.o
    0x08004678   0x00000010   Code   RO         3294    i.dhcp_set_state    dhcp.o
    0x08004688   0x00000094   Code   RO         3296    i.dhcp_start        dhcp.o
    0x0800471c   0x00000026   Code   RO         3297    i.dhcp_stop         dhcp.o
    0x08004742   0x00000018   Code   RO         3298    i.dhcp_supplied_address  dhcp.o
    0x0800475a   0x00000066   Code   RO         3299    i.dhcp_timeout      dhcp.o
    0x080047c0   0x0000001c   Code   RO         5927    i.dhcp_timer_coarse  lwip_timers.o
    0x080047dc   0x0000001c   Code   RO         5928    i.dhcp_timer_fine   lwip_timers.o
    0x080047f8   0x0000000c   Code   RO         4595    i.do_memp_free_pool  memp.o
    0x08004804   0x000000ca   Code   RO         3602    i.etharp_arp_input  etharp.o
    0x080048ce   0x00000002   PAD
    0x080048d0   0x00000030   Code   RO         3603    i.etharp_cleanup_netif  etharp.o
    0x08004900   0x000000dc   Code   RO         3605    i.etharp_find_entry  etharp.o
    0x080049dc   0x00000024   Code   RO         3606    i.etharp_free_entry  etharp.o
    0x08004a00   0x000000fc   Code   RO         3608    i.etharp_output     etharp.o
    0x08004afc   0x0000005c   Code   RO         3609    i.etharp_output_to_arp_index  etharp.o
    0x08004b58   0x000000ec   Code   RO         3610    i.etharp_query      etharp.o
    0x08004c44   0x000000a0   Code   RO         3611    i.etharp_raw        etharp.o
    0x08004ce4   0x0000000c   Code   RO         3612    i.etharp_request    etharp.o
    0x08004cf0   0x00000020   Code   RO         3613    i.etharp_request_dst  etharp.o
    0x08004d10   0x00000020   Code   RO         3614    i.etharp_send_ip    etharp.o
    0x08004d30   0x00000060   Code   RO         3615    i.etharp_tmr        etharp.o
    0x08004d90   0x00000080   Code   RO         3616    i.etharp_update_arp_entry  etharp.o
    0x08004e10   0x00000094   Code   RO         3617    i.ethernet_input    etharp.o
    0x08004ea4   0x00000028   Code   RO         2670    i.ethernetif_init   ethernetif.o
    0x08004ecc   0x00000008   Code   RO         3887    i.icmp_dest_unreach  icmp.o
    0x08004ed4   0x000000e4   Code   RO         3888    i.icmp_input        icmp.o
    0x08004fb8   0x0000006c   Code   RO         3889    i.icmp_send_response  icmp.o
    0x08005024   0x00000008   Code   RO         3890    i.icmp_time_exceeded  icmp.o
    0x0800502c   0x0000002e   Code   RO         3203    i.ip4_addr_isbroadcast_u32  ip4_addr.o
    0x0800505a   0x00000002   PAD
    0x0800505c   0x00000158   Code   RO         3928    i.ip4_frag          ip_frag.o
    0x080051b4   0x00000190   Code   RO         4714    i.ip4_input         ip4.o
    0x08005344   0x0000001e   Code   RO         4716    i.ip4_output_if     ip4.o
    0x08005362   0x00000002   PAD
    0x08005364   0x000000a8   Code   RO         4717    i.ip4_output_if_src  ip4.o
    0x0800540c   0x00000190   Code   RO         3929    i.ip4_reass         ip_frag.o
    0x0800559c   0x0000005c   Code   RO         4718    i.ip4_route         ip4.o
    0x080055f8   0x00000008   Code   RO         3930    i.ip_frag_free_pbuf_custom_ref  ip_frag.o
    0x08005600   0x000000ec   Code   RO         3931    i.ip_reass_chain_frag_into_datagram_and_validate  ip_frag.o
    0x080056ec   0x00000024   Code   RO         3932    i.ip_reass_dequeue_datagram  ip_frag.o
    0x08005710   0x00000070   Code   RO         3933    i.ip_reass_free_complete_datagram  ip_frag.o
    0x08005780   0x00000080   Code   RO         3934    i.ip_reass_remove_oldest_datagram  ip_frag.o
    0x08005800   0x0000001c   Code   RO         5929    i.ip_reass_timer    lwip_timers.o
    0x0800581c   0x0000002c   Code   RO         3935    i.ip_reass_tmr      ip_frag.o
    0x08005848   0x00000016   Code   RO         3936    i.ipfrag_free_pbuf_custom  ip_frag.o
    0x0800585e   0x00000002   PAD
    0x08005860   0x00000100   Code   RO         2672    i.low_level_init    ethernetif.o
    0x08005960   0x000000a8   Code   RO         2674    i.low_level_output  ethernetif.o
    0x08005a08   0x00000004   Code   RO         5812    i.lwip_htonl        def.o
    0x08005a0c   0x00000004   Code   RO         5813    i.lwip_htons        def.o
    0x08005a10   0x0000001e   Code   RO         4053    i.lwip_init         init.o
    0x08005a2e   0x00000004   Code   RO         5814    i.lwip_ntohl        def.o
    0x08005a32   0x00000004   Code   RO         5815    i.lwip_ntohs        def.o
    0x08005a36   0x00000002   PAD
    0x08005a38   0x000000d4   Code   RO         2836    i.main              main.o
    0x08005b0c   0x0000002c   Code   RO         3720    i.mem_free          mem.o
    0x08005b38   0x00000034   Code   RO         3721    i.mem_init          mem.o
    0x08005b6c   0x000000a8   Code   RO         3722    i.mem_malloc        mem.o
    0x08005c14   0x000000cc   Code   RO         3723    i.mem_trim          mem.o
    0x08005ce0   0x00000014   Code   RO         4596    i.memp_free         memp.o
    0x08005cf4   0x00000028   Code   RO         4598    i.memp_init         memp.o
    0x08005d1c   0x0000002a   Code   RO         4599    i.memp_init_pool    memp.o
    0x08005d46   0x00000002   PAD
    0x08005d48   0x00000018   Code   RO         4600    i.memp_malloc       memp.o
    0x08005d60   0x0000000e   Code   RO         4601    i.memp_malloc_pool  memp.o
    0x08005d6e   0x00000002   PAD
    0x08005d70   0x00000050   Code   RO         5705    i.netif_add         netif.o
    0x08005dc0   0x00000002   Code   RO         5707    i.netif_init        netif.o
    0x08005dc2   0x0000001a   Code   RO         5708    i.netif_issue_reports  netif.o
    0x08005ddc   0x00000020   Code   RO         5710    i.netif_set_addr    netif.o
    0x08005dfc   0x0000000c   Code   RO         5711    i.netif_set_default  netif.o
    0x08005e08   0x0000001a   Code   RO         5712    i.netif_set_down    netif.o
    0x08005e22   0x00000008   Code   RO         5713    i.netif_set_gw      netif.o
    0x08005e2a   0x00000002   PAD
    0x08005e2c   0x00000044   Code   RO         5714    i.netif_set_ipaddr  netif.o
    0x08005e70   0x00000008   Code   RO         5717    i.netif_set_netmask  netif.o
    0x08005e78   0x0000001c   Code   RO         5718    i.netif_set_up      netif.o
    0x08005e94   0x00000128   Code   RO         5166    i.pbuf_alloc        pbuf.o
    0x08005fbc   0x00000052   Code   RO         5167    i.pbuf_alloced_custom  pbuf.o
    0x0800600e   0x00000028   Code   RO         5168    i.pbuf_cat          pbuf.o
    0x08006036   0x00000012   Code   RO         5169    i.pbuf_chain        pbuf.o
    0x08006048   0x00000012   Code   RO         5170    i.pbuf_clen         pbuf.o
    0x0800605a   0x0000009a   Code   RO         5172    i.pbuf_copy         pbuf.o
    0x080060f4   0x00000068   Code   RO         5173    i.pbuf_copy_partial  pbuf.o
    0x0800615c   0x00000050   Code   RO         5175    i.pbuf_free         pbuf.o
    0x080061ac   0x00000006   Code   RO         5178    i.pbuf_header       pbuf.o
    0x080061b2   0x00000006   Code   RO         5179    i.pbuf_header_force  pbuf.o
    0x080061b8   0x00000064   Code   RO         5180    i.pbuf_header_impl  pbuf.o
    0x0800621c   0x00000054   Code   RO         5184    i.pbuf_realloc      pbuf.o
    0x08006270   0x0000000c   Code   RO         5185    i.pbuf_ref          pbuf.o
    0x0800627c   0x00000054   Code   RO         3724    i.plug_holes        mem.o
    0x080062d0   0x00000004   Code   RO         2676    i.sys_now           ethernetif.o
    0x080062d4   0x00000084   Code   RO         5932    i.sys_timeout       lwip_timers.o
    0x08006358   0x00000050   Code   RO         5933    i.sys_timeouts_init  lwip_timers.o
    0x080063a8   0x000000d4   Code   RO         4120    i.tcp_abandon       tcp.o
    0x0800647c   0x00000006   Code   RO         4121    i.tcp_abort         tcp.o
    0x08006482   0x00000002   PAD
    0x08006484   0x0000011c   Code   RO         4124    i.tcp_alloc         tcp.o
    0x080065a0   0x00000014   Code   RO         4127    i.tcp_close         tcp.o
    0x080065b4   0x0000013c   Code   RO         4128    i.tcp_close_shutdown  tcp.o
    0x080066f0   0x00000098   Code   RO         5565    i.tcp_create_segment  tcp_out.o
    0x08006788   0x00000022   Code   RO         4131    i.tcp_eff_send_mss_impl  tcp.o
    0x080067aa   0x000000a2   Code   RO         5566    i.tcp_enqueue_flags  tcp_out.o
    0x0800684c   0x00000060   Code   RO         4133    i.tcp_fasttmr       tcp.o
    0x080068ac   0x00000030   Code   RO         3481    i.tcp_getoptbyte    tcp_in.o
    0x080068dc   0x00000002   Code   RO         4134    i.tcp_init          tcp.o
    0x080068de   0x00000002   PAD
    0x080068e0   0x0000035c   Code   RO         3482    i.tcp_input         tcp_in.o
    0x08006c3c   0x00000052   Code   RO         5567    i.tcp_keepalive     tcp_out.o
    0x08006c8e   0x00000002   PAD
    0x08006c90   0x0000003c   Code   RO         4135    i.tcp_kill_state    tcp.o
    0x08006ccc   0x000000e0   Code   RO         3483    i.tcp_listen_input  tcp_in.o
    0x08006dac   0x00000048   Code   RO         4137    i.tcp_netif_ipv4_addr_changed  tcp.o
    0x08006df4   0x00000022   Code   RO         4138    i.tcp_netif_ipv4_addr_changed_pcblist  tcp.o
    0x08006e16   0x00000002   PAD
    0x08006e18   0x00000010   Code   RO         4141    i.tcp_next_iss      tcp.o
    0x08006e28   0x00000078   Code   RO         3484    i.tcp_oos_insert_segment  tcp_in.o
    0x08006ea0   0x000001a0   Code   RO         5568    i.tcp_output        tcp_out.o
    0x08007040   0x0000006a   Code   RO         5569    i.tcp_output_alloc_header  tcp_out.o
    0x080070aa   0x00000002   PAD
    0x080070ac   0x000000bc   Code   RO         5570    i.tcp_output_segment  tcp_out.o
    0x08007168   0x00000090   Code   RO         3485    i.tcp_parseopt      tcp_in.o
    0x080071f8   0x00000042   Code   RO         4142    i.tcp_pcb_purge     tcp.o
    0x0800723a   0x00000050   Code   RO         4143    i.tcp_pcb_remove    tcp.o
    0x0800728a   0x00000002   PAD
    0x0800728c   0x0000036c   Code   RO         3486    i.tcp_process       tcp_in.o
    0x080075f8   0x0000006a   Code   RO         4145    i.tcp_process_refused_data  tcp.o
    0x08007662   0x00000002   PAD
    0x08007664   0x000006f4   Code   RO         3487    i.tcp_receive       tcp_in.o
    0x08007d58   0x00000024   Code   RO         4147    i.tcp_recv_null     tcp.o
    0x08007d7c   0x00000042   Code   RO         4148    i.tcp_recved        tcp.o
    0x08007dbe   0x00000052   Code   RO         5572    i.tcp_rexmit        tcp_out.o
    0x08007e10   0x00000058   Code   RO         5573    i.tcp_rexmit_fast   tcp_out.o
    0x08007e68   0x0000002e   Code   RO         5574    i.tcp_rexmit_rto    tcp_out.o
    0x08007e96   0x00000080   Code   RO         5575    i.tcp_rst           tcp_out.o
    0x08007f16   0x00000028   Code   RO         4149    i.tcp_seg_copy      tcp.o
    0x08007f3e   0x0000001c   Code   RO         4150    i.tcp_seg_free      tcp.o
    0x08007f5a   0x00000012   Code   RO         4151    i.tcp_segs_free     tcp.o
    0x08007f6c   0x00000072   Code   RO         5576    i.tcp_send_empty_ack  tcp_out.o
    0x08007fde   0x00000044   Code   RO         5577    i.tcp_send_fin      tcp_out.o
    0x08008022   0x00000002   PAD
    0x08008024   0x00000288   Code   RO         4155    i.tcp_slowtmr       tcp.o
    0x080082ac   0x00000034   Code   RO         5936    i.tcp_timer_needed  lwip_timers.o
    0x080082e0   0x00000068   Code   RO         3488    i.tcp_timewait_input  tcp_in.o
    0x08008348   0x00000020   Code   RO         4156    i.tcp_tmr           tcp.o
    0x08008368   0x00000010   Code   RO         3489    i.tcp_trigger_input_pcb_close  tcp_in.o
    0x08008378   0x00000034   Code   RO         4158    i.tcp_update_rcv_ann_wnd  tcp.o
    0x080083ac   0x000000a2   Code   RO         5579    i.tcp_zero_window_probe  tcp_out.o
    0x0800844e   0x00000002   PAD
    0x08008450   0x00000038   Code   RO         5937    i.tcpip_tcp_timer   lwip_timers.o
    0x08008488   0x000000b0   Code   RO         4909    i.udp_bind          udp.o
    0x08008538   0x00000054   Code   RO         4910    i.udp_connect       udp.o
    0x0800858c   0x00000002   Code   RO         4912    i.udp_init          udp.o
    0x0800858e   0x00000002   PAD
    0x08008590   0x0000013c   Code   RO         4913    i.udp_input         udp.o
    0x080086cc   0x00000030   Code   RO         4914    i.udp_netif_ipv4_addr_changed  udp.o
    0x080086fc   0x0000001a   Code   RO         4915    i.udp_new           udp.o
    0x08008716   0x00000006   Code   RO         4916    i.udp_recv          udp.o
    0x0800871c   0x00000030   Code   RO         4917    i.udp_remove        udp.o
    0x0800874c   0x0000002c   Code   RO         4920    i.udp_sendto_if     udp.o
    0x08008778   0x0000009e   Code   RO         4921    i.udp_sendto_if_src  udp.o
    0x08008816   0x00000010   Data   RO         1159    .constdata          stm32f4xx_hal_rcc.o
    0x08008826   0x00000008   Data   RO         1875    .constdata          stm32f4xx_hal_dma.o
    0x0800882e   0x00000002   PAD
    0x08008830   0x00000004   Data   RO         3210    .constdata          ip4_addr.o
    0x08008834   0x00000004   Data   RO         3211    .constdata          ip4_addr.o
    0x08008838   0x0000000c   Data   RO         3619    .constdata          etharp.o
    0x08008844   0x00000054   Data   RO         4159    .constdata          tcp.o
    0x08008898   0x0000000c   Data   RO         4611    .constdata          memp.o
    0x080088a4   0x0000000c   Data   RO         4612    .constdata          memp.o
    0x080088b0   0x0000000c   Data   RO         4613    .constdata          memp.o
    0x080088bc   0x0000000c   Data   RO         4614    .constdata          memp.o
    0x080088c8   0x0000000c   Data   RO         4615    .constdata          memp.o
    0x080088d4   0x0000000c   Data   RO         4616    .constdata          memp.o
    0x080088e0   0x0000000c   Data   RO         4617    .constdata          memp.o
    0x080088ec   0x0000000c   Data   RO         4618    .constdata          memp.o
    0x080088f8   0x0000000c   Data   RO         4619    .constdata          memp.o
    0x08008904   0x00000075   Data   RO         4160    .conststring        tcp.o
    0x08008979   0x00000003   PAD
    0x0800897c   0x00000020   Data   RO         6079    Region$$Table       anon$$obj.o


    Execution Region RW_IRAM1 (Base: 0x20000000, Size: 0x00006f08, Max: 0x00020000, ABSOLUTE)

    Base Addr    Size         Type   Attr      Idx    E Section Name        Object

    0x20000000   0x00000004   Data   RW         1734    .data               stm32f4xx_hal.o
    0x20000004   0x0000000c   Data   RW         3016    .data               lwip.o
    0x20000010   0x00000008   Data   RW         3301    .data               dhcp.o
    0x20000018   0x00000020   Data   RW         3491    .data               tcp_in.o
    0x20000038   0x00000001   Data   RW         3620    .data               etharp.o
    0x20000039   0x00000003   PAD
    0x2000003c   0x0000000c   Data   RW         3726    .data               mem.o
    0x20000048   0x00000008   Data   RW         3937    .data               ip_frag.o
    0x20000050   0x00000020   Data   RW         4161    .data               tcp.o
    0x20000070   0x00000024   Data   RW         4620    .data               memp.o
    0x20000094   0x00000004   Data   RW         4621    .data               memp.o
    0x20000098   0x00000004   Data   RW         4622    .data               memp.o
    0x2000009c   0x00000004   Data   RW         4623    .data               memp.o
    0x200000a0   0x00000004   Data   RW         4624    .data               memp.o
    0x200000a4   0x00000004   Data   RW         4625    .data               memp.o
    0x200000a8   0x00000004   Data   RW         4626    .data               memp.o
    0x200000ac   0x00000004   Data   RW         4627    .data               memp.o
    0x200000b0   0x00000004   Data   RW         4628    .data               memp.o
    0x200000b4   0x00000004   Data   RW         4629    .data               memp.o
    0x200000b8   0x00000002   Data   RW         4721    .data               ip4.o
    0x200000ba   0x00000002   PAD
    0x200000bc   0x00000008   Data   RW         4922    .data               udp.o
    0x200000c4   0x00000001   Data   RW         5190    .data               pbuf.o
    0x200000c5   0x00000003   PAD
    0x200000c8   0x0000000c   Data   RW         5719    .data               netif.o
    0x200000d4   0x0000000c   Data   RW         5938    .data               lwip_timers.o
    0x200000e0   0x00000004   Data   RW         6016    .data               system_stm32f4xx.o
    0x200000e4   0x00000004   Data   RW         6051    .data               mc_w.l(rand.o)
    0x200000e8   0x000030e8   Zero   RW         2677    .bss                ethernetif.o
    0x200031d0   0x00000154   Zero   RW         2837    .bss                main.o
    0x20003324   0x00000060   Zero   RW         2838    .bss                main.o
    0x20003384   0x00000060   Zero   RW         2839    .bss                main.o
    0x200033e4   0x00000060   Zero   RW         2840    .bss                main.o
    0x20003444   0x0000003c   Zero   RW         2974    .bss                stm32f4xx_hal_timebase_tim.o
    0x20003480   0x00000034   Zero   RW         3013    .bss                lwip.o
    0x200034b4   0x00000032   Zero   RW         3300    .bss                dhcp.o
    0x200034e6   0x00000002   PAD
    0x200034e8   0x00000010   Zero   RW         3490    .bss                tcp_in.o
    0x200034f8   0x000000f0   Zero   RW         3618    .bss                etharp.o
    0x200035e8   0x00000654   Zero   RW         3725    .bss                mem.o
    0x20003c3c   0x00000080   Zero   RW         4602    .bss                memp.o
    0x20003cbc   0x000002f8   Zero   RW         4603    .bss                memp.o
    0x20003fb4   0x000000e0   Zero   RW         4604    .bss                memp.o
    0x20004094   0x00000100   Zero   RW         4605    .bss                memp.o
    0x20004194   0x000000a0   Zero   RW         4606    .bss                memp.o
    0x20004234   0x00000168   Zero   RW         4607    .bss                memp.o
    0x2000439c   0x00000050   Zero   RW         4608    .bss                memp.o
    0x200043ec   0x00000100   Zero   RW         4609    .bss                memp.o
    0x200044ec   0x00002600   Zero   RW         4610    .bss                memp.o
    0x20006aec   0x00000018   Zero   RW         4720    .bss                ip4.o
    0x20006b04   0x00000004   PAD
    0x20006b08   0x00000400   Zero   RW         3193    STACK               startup_stm32f407xx.o


==============================================================================

Image component sizes


      Code (inc. data)   RO Data    RW Data    ZI Data      Debug   Object Name

        16          0          0          0          0       2808   def.o
      3422         98          0          8         50      24430   dhcp.o
      1694         68         12          1        240      16240   etharp.o
       640         52          0          0      12520      20112   ethernetif.o
       352          6          0          0          0       3870   icmp.o
        30          0          0          0          0      10343   init.o
       690         26          0          2         24       8550   ip4.o
        46          0          8          0          0       6398   ip4_addr.o
      1330         36          0          8          0      10958   ip_frag.o
       100         18          0         12         52       7394   lwip.o
       432         84          0         12          0       5481   lwip_timers.o
      1084         86          0          0        628      19789   main.o
       552         30          0         12       1620       5489   mem.o
       152         16        108         72      11952      10197   memp.o
       290         16          0         12          0       9615   netif.o
      1000         18          0          1          0      13619   pbuf.o
        36          8        392          0       1024        840   startup_stm32f407xx.o
       102         16          0          4          0       3796   stm32f4xx_hal.o
      1400        210          0          0          0       3123   stm32f4xx_hal_adc.o
       566        256          0          0          0      32665   stm32f4xx_hal_cortex.o
      1280         86          8          0          0       4404   stm32f4xx_hal_dma.o
      2182        238          0          0          0     380791   stm32f4xx_hal_eth.o
       892        194          0          0          0       2820   stm32f4xx_hal_gpio.o
       528         64          0          0          0       3318   stm32f4xx_hal_msp.o
      1968        198         16          0          0       7096   stm32f4xx_hal_rcc.o
      2438        368          0          0          0      10707   stm32f4xx_hal_tim.o
       316         98          0          0          0       2514   stm32f4xx_hal_tim_ex.o
       116         16          0          0         60       1556   stm32f4xx_hal_timebase_tim.o
      1164        160          0          0          0       2260   stm32f4xx_hal_uart.o
        68         30          0          0          0       3987   stm32f4xx_it.o
        84         18          0          4          0       1453   system_stm32f4xx.o
      2324         76        201         32          0      30031   tcp.o
      4172        126          0         32         16      22251   tcp_in.o
      1794          8          0          0          0      13159   tcp_out.o
       908         32          0          8          0      16495   udp.o

    ----------------------------------------------------------------------
     34222       2756        782        228      28192     718559   Object Totals
         0          0         32          0          0          0   (incl. Generated)
        54          0          5          8          6          0   (incl. Padding)

    ----------------------------------------------------------------------

      Code (inc. data)   RO Data    RW Data    ZI Data      Debug   Library Member Name

         0          0          0          0          0          0   entry.o
         0          0          0          0          0          0   entry10a.o
         0          0          0          0          0          0   entry11a.o
         8          4          0          0          0          0   entry2.o
         4          0          0          0          0          0   entry5.o
         0          0          0          0          0          0   entry7b.o
         0          0          0          0          0          0   entry8b.o
         8          4          0          0          0          0   entry9a.o
        30          0          0          0          0          0   handlers.o
        36          8          0          0          0         68   init.o
        26          0          0          0          0         80   memcmp.o
        36          0          0          0          0         68   memcpya.o
        36          0          0          0          0        108   memseta.o
        36         10          0          4          0        136   rand.o

    ----------------------------------------------------------------------
       224         26          0          4          0        460   Library Totals
         4          0          0          0          0          0   (incl. Padding)

    ----------------------------------------------------------------------

      Code (inc. data)   RO Data    RW Data    ZI Data      Debug   Library Name

       220         26          0          4          0        460   mc_w.l

    ----------------------------------------------------------------------
       224         26          0          4          0        460   Library Totals

    ----------------------------------------------------------------------

==============================================================================


      Code (inc. data)   RO Data    RW Data    ZI Data      Debug   

     34446       2782        782        232      28192     695019   Grand Totals
     34446       2782        782        232      28192     695019   ELF Image Totals
     34446       2782        782        232          0          0   ROM Totals

==============================================================================

    Total RO  Size (Code + RO Data)                35228 (  34.40kB)
    Total RW  Size (RW Data + ZI Data)             28424 (  27.76kB)
    Total ROM Size (Code + RO Data + RW Data)      35460 (  34.63kB)

==============================================================================

